Archive member included to satisfy reference by file (symbol)

c:/st/stm32cubeide_1.3.0/stm32cubeide/plugins/com.st.stm32cube.ide.mcu.externaltools.gnu-tools-for-stm32.7-2018-q2-update.win32_1.0.0.201904181610/tools/bin/../lib/gcc/arm-none-eabi/7.3.1/../../../../arm-none-eabi/lib/thumb/v7e-m/fpv4-sp/hard\libc_nano.a(lib_a-errno.o)
                              Core/Src/syscalls.o (__errno)
c:/st/stm32cubeide_1.3.0/stm32cubeide/plugins/com.st.stm32cube.ide.mcu.externaltools.gnu-tools-for-stm32.7-2018-q2-update.win32_1.0.0.201904181610/tools/bin/../lib/gcc/arm-none-eabi/7.3.1/../../../../arm-none-eabi/lib/thumb/v7e-m/fpv4-sp/hard\libc_nano.a(lib_a-exit.o)
                              c:/st/stm32cubeide_1.3.0/stm32cubeide/plugins/com.st.stm32cube.ide.mcu.externaltools.gnu-tools-for-stm32.7-2018-q2-update.win32_1.0.0.201904181610/tools/bin/../lib/gcc/arm-none-eabi/7.3.1/../../../../arm-none-eabi/lib/thumb/v7e-m/fpv4-sp/hard/crt0.o (exit)
c:/st/stm32cubeide_1.3.0/stm32cubeide/plugins/com.st.stm32cube.ide.mcu.externaltools.gnu-tools-for-stm32.7-2018-q2-update.win32_1.0.0.201904181610/tools/bin/../lib/gcc/arm-none-eabi/7.3.1/../../../../arm-none-eabi/lib/thumb/v7e-m/fpv4-sp/hard\libc_nano.a(lib_a-impure.o)
                              c:/st/stm32cubeide_1.3.0/stm32cubeide/plugins/com.st.stm32cube.ide.mcu.externaltools.gnu-tools-for-stm32.7-2018-q2-update.win32_1.0.0.201904181610/tools/bin/../lib/gcc/arm-none-eabi/7.3.1/../../../../arm-none-eabi/lib/thumb/v7e-m/fpv4-sp/hard\libc_nano.a(lib_a-exit.o) (_global_impure_ptr)
c:/st/stm32cubeide_1.3.0/stm32cubeide/plugins/com.st.stm32cube.ide.mcu.externaltools.gnu-tools-for-stm32.7-2018-q2-update.win32_1.0.0.201904181610/tools/bin/../lib/gcc/arm-none-eabi/7.3.1/../../../../arm-none-eabi/lib/thumb/v7e-m/fpv4-sp/hard\libc_nano.a(lib_a-init.o)
                              c:/st/stm32cubeide_1.3.0/stm32cubeide/plugins/com.st.stm32cube.ide.mcu.externaltools.gnu-tools-for-stm32.7-2018-q2-update.win32_1.0.0.201904181610/tools/bin/../lib/gcc/arm-none-eabi/7.3.1/../../../../arm-none-eabi/lib/thumb/v7e-m/fpv4-sp/hard/crt0.o (__libc_init_array)
c:/st/stm32cubeide_1.3.0/stm32cubeide/plugins/com.st.stm32cube.ide.mcu.externaltools.gnu-tools-for-stm32.7-2018-q2-update.win32_1.0.0.201904181610/tools/bin/../lib/gcc/arm-none-eabi/7.3.1/../../../../arm-none-eabi/lib/thumb/v7e-m/fpv4-sp/hard\libc_nano.a(lib_a-malloc.o)
                              Middlewares/ST/STM32_USB_Device_Library/Class/CDC/Src/usbd_cdc.o (malloc)
c:/st/stm32cubeide_1.3.0/stm32cubeide/plugins/com.st.stm32cube.ide.mcu.externaltools.gnu-tools-for-stm32.7-2018-q2-update.win32_1.0.0.201904181610/tools/bin/../lib/gcc/arm-none-eabi/7.3.1/../../../../arm-none-eabi/lib/thumb/v7e-m/fpv4-sp/hard\libc_nano.a(lib_a-memset.o)
                              c:/st/stm32cubeide_1.3.0/stm32cubeide/plugins/com.st.stm32cube.ide.mcu.externaltools.gnu-tools-for-stm32.7-2018-q2-update.win32_1.0.0.201904181610/tools/bin/../lib/gcc/arm-none-eabi/7.3.1/../../../../arm-none-eabi/lib/thumb/v7e-m/fpv4-sp/hard/crt0.o (memset)
c:/st/stm32cubeide_1.3.0/stm32cubeide/plugins/com.st.stm32cube.ide.mcu.externaltools.gnu-tools-for-stm32.7-2018-q2-update.win32_1.0.0.201904181610/tools/bin/../lib/gcc/arm-none-eabi/7.3.1/../../../../arm-none-eabi/lib/thumb/v7e-m/fpv4-sp/hard\libc_nano.a(lib_a-nano-freer.o)
                              c:/st/stm32cubeide_1.3.0/stm32cubeide/plugins/com.st.stm32cube.ide.mcu.externaltools.gnu-tools-for-stm32.7-2018-q2-update.win32_1.0.0.201904181610/tools/bin/../lib/gcc/arm-none-eabi/7.3.1/../../../../arm-none-eabi/lib/thumb/v7e-m/fpv4-sp/hard\libc_nano.a(lib_a-malloc.o) (_free_r)
c:/st/stm32cubeide_1.3.0/stm32cubeide/plugins/com.st.stm32cube.ide.mcu.externaltools.gnu-tools-for-stm32.7-2018-q2-update.win32_1.0.0.201904181610/tools/bin/../lib/gcc/arm-none-eabi/7.3.1/../../../../arm-none-eabi/lib/thumb/v7e-m/fpv4-sp/hard\libc_nano.a(lib_a-nano-mallocr.o)
                              c:/st/stm32cubeide_1.3.0/stm32cubeide/plugins/com.st.stm32cube.ide.mcu.externaltools.gnu-tools-for-stm32.7-2018-q2-update.win32_1.0.0.201904181610/tools/bin/../lib/gcc/arm-none-eabi/7.3.1/../../../../arm-none-eabi/lib/thumb/v7e-m/fpv4-sp/hard\libc_nano.a(lib_a-malloc.o) (_malloc_r)
c:/st/stm32cubeide_1.3.0/stm32cubeide/plugins/com.st.stm32cube.ide.mcu.externaltools.gnu-tools-for-stm32.7-2018-q2-update.win32_1.0.0.201904181610/tools/bin/../lib/gcc/arm-none-eabi/7.3.1/../../../../arm-none-eabi/lib/thumb/v7e-m/fpv4-sp/hard\libc_nano.a(lib_a-sbrkr.o)
                              c:/st/stm32cubeide_1.3.0/stm32cubeide/plugins/com.st.stm32cube.ide.mcu.externaltools.gnu-tools-for-stm32.7-2018-q2-update.win32_1.0.0.201904181610/tools/bin/../lib/gcc/arm-none-eabi/7.3.1/../../../../arm-none-eabi/lib/thumb/v7e-m/fpv4-sp/hard\libc_nano.a(lib_a-nano-mallocr.o) (_sbrk_r)
[...]
Memory Configuration

Name             Origin             Length             Attributes
CCMRAM           0x0000000010000000 0x0000000000010000 xrw
RAM              0x0000000020000000 0x0000000000020000 xrw
FLASH            0x0000000008000000 0x0000000000100000 xr
*default*        0x0000000000000000 0xffffffffffffffff

Linker script and memory map

LOAD c:/st/stm32cubeide_1.3.0/stm32cubeide/plugins/com.st.stm32cube.ide.mcu.externaltools.gnu-tools-for-stm32.7-2018-q2-update.win32_1.0.0.201904181610/tools/bin/../lib/gcc/arm-none-eabi/7.3.1/thumb/v7e-m/fpv4-sp/hard/crti.o
LOAD c:/st/stm32cubeide_1.3.0/stm32cubeide/plugins/com.st.stm32cube.ide.mcu.externaltools.gnu-tools-for-stm32.7-2018-q2-update.win32_1.0.0.201904181610/tools/bin/../lib/gcc/arm-none-eabi/7.3.1/thumb/v7e-m/fpv4-sp/hard/crtbegin.o
LOAD c:/st/stm32cubeide_1.3.0/stm32cubeide/plugins/com.st.stm32cube.ide.mcu.externaltools.gnu-tools-for-stm32.7-2018-q2-update.win32_1.0.0.201904181610/tools/bin/../lib/gcc/arm-none-eabi/7.3.1/../../../../arm-none-eabi/lib/thumb/v7e-m/fpv4-sp/hard/crt0.o
LOAD Core/Src/application.o
LOAD Core/Src/main.o
LOAD Core/Src/stm32f4xx_hal_msp.o
LOAD Core/Src/stm32f4xx_it.o
LOAD Core/Src/syscalls.o
LOAD Core/Src/sysmem.o
LOAD Core/Src/system_stm32f4xx.o
LOAD Core/Startup/startup_stm32f407vgtx.o
LOAD Drivers/STM32F4xx_HAL_Driver/Src/stm32f4xx_hal.o
LOAD Drivers/STM32F4xx_HAL_Driver/Src/stm32f4xx_hal_adc.o
LOAD Drivers/STM32F4xx_HAL_Driver/Src/stm32f4xx_hal_adc_ex.o
LOAD Drivers/STM32F4xx_HAL_Driver/Src/stm32f4xx_hal_cortex.o
LOAD Drivers/STM32F4xx_HAL_Driver/Src/stm32f4xx_hal_dma.o
LOAD Drivers/STM32F4xx_HAL_Driver/Src/stm32f4xx_hal_dma_ex.o
LOAD Drivers/STM32F4xx_HAL_Driver/Src/stm32f4xx_hal_exti.o
LOAD Drivers/STM32F4xx_HAL_Driver/Src/stm32f4xx_hal_flash.o
LOAD Drivers/STM32F4xx_HAL_Driver/Src/stm32f4xx_hal_flash_ex.o
LOAD Drivers/STM32F4xx_HAL_Driver/Src/stm32f4xx_hal_flash_ramfunc.o
LOAD Drivers/STM32F4xx_HAL_Driver/Src/stm32f4xx_hal_gpio.o
LOAD Drivers/STM32F4xx_HAL_Driver/Src/stm32f4xx_hal_i2c.o
LOAD Drivers/STM32F4xx_HAL_Driver/Src/stm32f4xx_hal_i2c_ex.o
LOAD Drivers/STM32F4xx_HAL_Driver/Src/stm32f4xx_hal_i2s.o
LOAD Drivers/STM32F4xx_HAL_Driver/Src/stm32f4xx_hal_i2s_ex.o
LOAD Drivers/STM32F4xx_HAL_Driver/Src/stm32f4xx_hal_pcd.o
LOAD Drivers/STM32F4xx_HAL_Driver/Src/stm32f4xx_hal_pcd_ex.o
LOAD Drivers/STM32F4xx_HAL_Driver/Src/stm32f4xx_hal_pwr.o
LOAD Drivers/STM32F4xx_HAL_Driver/Src/stm32f4xx_hal_pwr_ex.o
LOAD Drivers/STM32F4xx_HAL_Driver/Src/stm32f4xx_hal_rcc.o
LOAD Drivers/STM32F4xx_HAL_Driver/Src/stm32f4xx_hal_rcc_ex.o
LOAD Drivers/STM32F4xx_HAL_Driver/Src/stm32f4xx_hal_spi.o
LOAD Drivers/STM32F4xx_HAL_Driver/Src/stm32f4xx_hal_tim.o
LOAD Drivers/STM32F4xx_HAL_Driver/Src/stm32f4xx_hal_tim_ex.o
LOAD Drivers/STM32F4xx_HAL_Driver/Src/stm32f4xx_hal_uart.o
LOAD Drivers/STM32F4xx_HAL_Driver/Src/stm32f4xx_ll_usb.o
LOAD Middlewares/ST/STM32_USB_Device_Library/Class/CDC/Src/usbd_cdc.o
LOAD Middlewares/ST/STM32_USB_Device_Library/Core/Src/usbd_core.o
LOAD Middlewares/ST/STM32_USB_Device_Library/Core/Src/usbd_ctlreq.o
LOAD Middlewares/ST/STM32_USB_Device_Library/Core/Src/usbd_ioreq.o
LOAD USB_DEVICE/App/usb_device.o
LOAD USB_DEVICE/App/usbd_cdc_if.o
LOAD USB_DEVICE/App/usbd_desc.o
LOAD USB_DEVICE/Target/usbd_conf.o
START GROUP
LOAD c:/st/stm32cubeide_1.3.0/stm32cubeide/plugins/com.st.stm32cube.ide.mcu.externaltools.gnu-tools-for-stm32.7-2018-q2-update.win32_1.0.0.201904181610/tools/bin/../lib/gcc/arm-none-eabi/7.3.1/../../../../arm-none-eabi/lib/thumb/v7e-m/fpv4-sp/hard\libc_nano.a
LOAD c:/st/stm32cubeide_1.3.0/stm32cubeide/plugins/com.st.stm32cube.ide.mcu.externaltools.gnu-tools-for-stm32.7-2018-q2-update.win32_1.0.0.201904181610/tools/bin/../lib/gcc/arm-none-eabi/7.3.1/../../../../arm-none-eabi/lib/thumb/v7e-m/fpv4-sp/hard\libm.a
END GROUP
START GROUP
LOAD c:/st/stm32cubeide_1.3.0/stm32cubeide/plugins/com.st.stm32cube.ide.mcu.externaltools.gnu-tools-for-stm32.7-2018-q2-update.win32_1.0.0.201904181610/tools/bin/../lib/gcc/arm-none-eabi/7.3.1/thumb/v7e-m/fpv4-sp/hard\libgcc.a
LOAD c:/st/stm32cubeide_1.3.0/stm32cubeide/plugins/com.st.stm32cube.ide.mcu.externaltools.gnu-tools-for-stm32.7-2018-q2-update.win32_1.0.0.201904181610/tools/bin/../lib/gcc/arm-none-eabi/7.3.1/../../../../arm-none-eabi/lib/thumb/v7e-m/fpv4-sp/hard\libc_nano.a
END GROUP
START GROUP
LOAD c:/st/stm32cubeide_1.3.0/stm32cubeide/plugins/com.st.stm32cube.ide.mcu.externaltools.gnu-tools-for-stm32.7-2018-q2-update.win32_1.0.0.201904181610/tools/bin/../lib/gcc/arm-none-eabi/7.3.1/thumb/v7e-m/fpv4-sp/hard\libgcc.a
LOAD c:/st/stm32cubeide_1.3.0/stm32cubeide/plugins/com.st.stm32cube.ide.mcu.externaltools.gnu-tools-for-stm32.7-2018-q2-update.win32_1.0.0.201904181610/tools/bin/../lib/gcc/arm-none-eabi/7.3.1/../../../../arm-none-eabi/lib/thumb/v7e-m/fpv4-sp/hard\libc_nano.a
LOAD c:/st/stm32cubeide_1.3.0/stm32cubeide/plugins/com.st.stm32cube.ide.mcu.externaltools.gnu-tools-for-stm32.7-2018-q2-update.win32_1.0.0.201904181610/tools/bin/../lib/gcc/arm-none-eabi/7.3.1/../../../../arm-none-eabi/lib/thumb/v7e-m/fpv4-sp/hard\libnosys.a
END GROUP
START GROUP
LOAD c:/st/stm32cubeide_1.3.0/stm32cubeide/plugins/com.st.stm32cube.ide.mcu.externaltools.gnu-tools-for-stm32.7-2018-q2-update.win32_1.0.0.201904181610/tools/bin/../lib/gcc/arm-none-eabi/7.3.1/thumb/v7e-m/fpv4-sp/hard\libgcc.a
LOAD c:/st/stm32cubeide_1.3.0/stm32cubeide/plugins/com.st.stm32cube.ide.mcu.externaltools.gnu-tools-for-stm32.7-2018-q2-update.win32_1.0.0.201904181610/tools/bin/../lib/gcc/arm-none-eabi/7.3.1/../../../../arm-none-eabi/lib/thumb/v7e-m/fpv4-sp/hard\libc_nano.a
LOAD c:/st/stm32cubeide_1.3.0/stm32cubeide/plugins/com.st.stm32cube.ide.mcu.externaltools.gnu-tools-for-stm32.7-2018-q2-update.win32_1.0.0.201904181610/tools/bin/../lib/gcc/arm-none-eabi/7.3.1/../../../../arm-none-eabi/lib/thumb/v7e-m/fpv4-sp/hard\libnosys.a
END GROUP
LOAD c:/st/stm32cubeide_1.3.0/stm32cubeide/plugins/com.st.stm32cube.ide.mcu.externaltools.gnu-tools-for-stm32.7-2018-q2-update.win32_1.0.0.201904181610/tools/bin/../lib/gcc/arm-none-eabi/7.3.1/thumb/v7e-m/fpv4-sp/hard/crtend.o
LOAD c:/st/stm32cubeide_1.3.0/stm32cubeide/plugins/com.st.stm32cube.ide.mcu.externaltools.gnu-tools-for-stm32.7-2018-q2-update.win32_1.0.0.201904181610/tools/bin/../lib/gcc/arm-none-eabi/7.3.1/thumb/v7e-m/fpv4-sp/hard/crtn.o
                0x0000000020020000                _estack = (ORIGIN (RAM) + LENGTH (RAM))
                0x0000000000000200                _Min_Heap_Size = 0x200
                0x0000000000000400                _Min_Stack_Size = 0x400

.isr_vector     0x0000000008000000      0x188
                0x0000000008000000                . = ALIGN (0x4)
 *(.isr_vector)
 .isr_vector    0x0000000008000000      0x188 Core/Startup/startup_stm32f407vgtx.o
                0x0000000008000000                g_pfnVectors
                0x0000000008000188                . = ALIGN (0x4)

.text           0x0000000008000188     0x9408
                0x0000000008000188                . = ALIGN (0x4)
 *(.text)
 .text          0x0000000008000188       0x40 c:/st/stm32cubeide_1.3.0/stm32cubeide/plugins/com.st.stm32cube.ide.mcu.externaltools.gnu-tools-for-stm32.7-2018-q2-update.win32_1.0.0.201904181610/tools/bin/../lib/gcc/arm-none-eabi/7.3.1/thumb/v7e-m/fpv4-sp/hard/crtbegin.o
 .text          0x00000000080001c8       0x30 c:/st/stm32cubeide_1.3.0/stm32cubeide/plugins/com.st.stm32cube.ide.mcu.externaltools.gnu-tools-for-stm32.7-2018-q2-update.win32_1.0.0.201904181610/tools/bin/../lib/gcc/arm-none-eabi/7.3.1/thumb/v7e-m/fpv4-sp/hard\libgcc.a(_aeabi_uldivmod.o)
                0x00000000080001c8                __aeabi_uldivmod
 .text          0x00000000080001f8      0x2cc c:/st/stm32cubeide_1.3.0/stm32cubeide/plugins/com.st.stm32cube.ide.mcu.externaltools.gnu-tools-for-stm32.7-2018-q2-update.win32_1.0.0.201904181610/tools/bin/../lib/gcc/arm-none-eabi/7.3.1/thumb/v7e-m/fpv4-sp/hard\libgcc.a(_udivmoddi4.o)
                0x00000000080001f8                __udivmoddi4
 .text          0x00000000080004c4        0x4 c:/st/stm32cubeide_1.3.0/stm32cubeide/plugins/com.st.stm32cube.ide.mcu.externaltools.gnu-tools-for-stm32.7-2018-q2-update.win32_1.0.0.201904181610/tools/bin/../lib/gcc/arm-none-eabi/7.3.1/thumb/v7e-m/fpv4-sp/hard\libgcc.a(_dvmd_tls.o)
                0x00000000080004c4                __aeabi_idiv0
                0x00000000080004c4                __aeabi_ldiv0
 *(.text*)
 .text.application_init
                0x00000000080004c8       0xf8 Core/Src/application.o
                0x00000000080004c8                application_init
 .text.application_DMA_IRQ_Callback
                0x00000000080005c0       0x48 Core/Src/application.o
                0x00000000080005c0                application_DMA_IRQ_Callback
 .text.DebugWrite
                0x0000000008000608       0x26 Core/Src/application.o
                0x0000000008000608                DebugWrite
 .text.myStrLen
                0x000000000800062e       0x2e Core/Src/application.o
                0x000000000800062e                myStrLen
 .text.main     0x000000000800065c       0x32 Core/Src/main.o
                0x000000000800065c                main
 *fill*         0x000000000800068e        0x2 
 .text.SystemClock_Config
                0x0000000008000690      0x104 Core/Src/main.o
                0x0000000008000690                SystemClock_Config
 .text.MX_ADC1_Init
                0x0000000008000794      0x184 Core/Src/main.o
 .text.MX_I2C1_Init
                0x0000000008000918       0x5c Core/Src/main.o
 .text.MX_I2S3_Init
                0x0000000008000974       0x60 Core/Src/main.o
 .text.MX_SPI1_Init
                0x00000000080009d4       0x6c Core/Src/main.o
 .text.MX_USART3_UART_Init
                0x0000000008000a40       0x54 Core/Src/main.o
 .text.MX_DMA_Init
                0x0000000008000a94       0x6c Core/Src/main.o
 .text.MX_GPIO_Init
                0x0000000008000b00      0x1fc Core/Src/main.o
 .text.Error_Handler
                0x0000000008000cfc        0xe Core/Src/main.o
                0x0000000008000cfc                Error_Handler
 *fill*         0x0000000008000d0a        0x2 
 .text.HAL_MspInit
                0x0000000008000d0c       0x50 Core/Src/stm32f4xx_hal_msp.o
                0x0000000008000d0c                HAL_MspInit
 .text.HAL_ADC_MspInit
                0x0000000008000d5c      0x160 Core/Src/stm32f4xx_hal_msp.o
                0x0000000008000d5c                HAL_ADC_MspInit
 .text.HAL_I2C_MspInit
                0x0000000008000ebc       0x90 Core/Src/stm32f4xx_hal_msp.o
                0x0000000008000ebc                HAL_I2C_MspInit
 .text.HAL_I2S_MspInit
                0x0000000008000f4c       0xd0 Core/Src/stm32f4xx_hal_msp.o
                0x0000000008000f4c                HAL_I2S_MspInit
 .text.HAL_SPI_MspInit
                0x000000000800101c       0x90 Core/Src/stm32f4xx_hal_msp.o
                0x000000000800101c                HAL_SPI_MspInit
 .text.HAL_UART_MspInit
                0x00000000080010ac      0x138 Core/Src/stm32f4xx_hal_msp.o
                0x00000000080010ac                HAL_UART_MspInit
 .text.NMI_Handler
                0x00000000080011e4        0xe Core/Src/stm32f4xx_it.o
                0x00000000080011e4                NMI_Handler
 .text.HardFault_Handler
                0x00000000080011f2        0x6 Core/Src/stm32f4xx_it.o
                0x00000000080011f2                HardFault_Handler
 .text.MemManage_Handler
                0x00000000080011f8        0x6 Core/Src/stm32f4xx_it.o
                0x00000000080011f8                MemManage_Handler
 .text.BusFault_Handler
                0x00000000080011fe        0x6 Core/Src/stm32f4xx_it.o
                0x00000000080011fe                BusFault_Handler
 .text.UsageFault_Handler
                0x0000000008001204        0x6 Core/Src/stm32f4xx_it.o
                0x0000000008001204                UsageFault_Handler
 .text.SVC_Handler
                0x000000000800120a        0xe Core/Src/stm32f4xx_it.o
                0x000000000800120a                SVC_Handler
 .text.DebugMon_Handler
                0x0000000008001218        0xe Core/Src/stm32f4xx_it.o
                0x0000000008001218                DebugMon_Handler
 .text.PendSV_Handler
                0x0000000008001226        0xe Core/Src/stm32f4xx_it.o
                0x0000000008001226                PendSV_Handler
 .text.SysTick_Handler
                0x0000000008001234        0xc Core/Src/stm32f4xx_it.o
                0x0000000008001234                SysTick_Handler
 .text.DMA1_Stream3_IRQHandler
                0x0000000008001240       0x14 Core/Src/stm32f4xx_it.o
                0x0000000008001240                DMA1_Stream3_IRQHandler
 .text.DMA2_Stream0_IRQHandler
                0x0000000008001254       0x18 Core/Src/stm32f4xx_it.o
                0x0000000008001254                DMA2_Stream0_IRQHandler
 .text.OTG_FS_IRQHandler
                0x000000000800126c       0x14 Core/Src/stm32f4xx_it.o
                0x000000000800126c                OTG_FS_IRQHandler
 .text._sbrk    0x0000000008001280       0x58 Core/Src/sysmem.o
                0x0000000008001280                _sbrk
 .text.SystemInit
                0x00000000080012d8       0x2c Core/Src/system_stm32f4xx.o
                0x00000000080012d8                SystemInit
 .text.Reset_Handler
                0x0000000008001304       0x50 Core/Startup/startup_stm32f407vgtx.o
                0x0000000008001304                Reset_Handler
 .text.Default_Handler
                0x0000000008001354        0x2 Core/Startup/startup_stm32f407vgtx.o
                0x0000000008001354                RTC_Alarm_IRQHandler
                0x0000000008001354                HASH_RNG_IRQHandler
                0x0000000008001354                EXTI2_IRQHandler
                0x0000000008001354                TIM8_CC_IRQHandler
                0x0000000008001354                TIM1_CC_IRQHandler
                0x0000000008001354                DMA2_Stream5_IRQHandler
                0x0000000008001354                DMA1_Stream5_IRQHandler
                0x0000000008001354                PVD_IRQHandler
                0x0000000008001354                SDIO_IRQHandler
                0x0000000008001354                TAMP_STAMP_IRQHandler
                0x0000000008001354                CAN2_RX1_IRQHandler
                0x0000000008001354                EXTI3_IRQHandler
                0x0000000008001354                TIM8_TRG_COM_TIM14_IRQHandler
                0x0000000008001354                TIM1_UP_TIM10_IRQHandler
                0x0000000008001354                TIM8_UP_TIM13_IRQHandler
                0x0000000008001354                I2C3_ER_IRQHandler
                0x0000000008001354                EXTI0_IRQHandler
                0x0000000008001354                I2C2_EV_IRQHandler
                0x0000000008001354                DMA1_Stream2_IRQHandler
                0x0000000008001354                CAN1_RX0_IRQHandler
                0x0000000008001354                FPU_IRQHandler
                0x0000000008001354                OTG_HS_WKUP_IRQHandler
                0x0000000008001354                CAN2_SCE_IRQHandler
                0x0000000008001354                DMA2_Stream2_IRQHandler
                0x0000000008001354                SPI1_IRQHandler
                0x0000000008001354                TIM6_DAC_IRQHandler
                0x0000000008001354                TIM1_BRK_TIM9_IRQHandler
                0x0000000008001354                DCMI_IRQHandler
                0x0000000008001354                CAN2_RX0_IRQHandler
                0x0000000008001354                DMA2_Stream3_IRQHandler
                0x0000000008001354                USART6_IRQHandler
                0x0000000008001354                USART3_IRQHandler
                0x0000000008001354                CAN1_RX1_IRQHandler
                0x0000000008001354                UART5_IRQHandler
                0x0000000008001354                TIM4_IRQHandler
                0x0000000008001354                I2C1_EV_IRQHandler
                0x0000000008001354                DMA1_Stream6_IRQHandler
                0x0000000008001354                DMA1_Stream1_IRQHandler
                0x0000000008001354                UART4_IRQHandler
                0x0000000008001354                TIM3_IRQHandler
                0x0000000008001354                RCC_IRQHandler
                0x0000000008001354                TIM8_BRK_TIM12_IRQHandler
                0x0000000008001354                Default_Handler
                0x0000000008001354                EXTI15_10_IRQHandler
                0x0000000008001354                ADC_IRQHandler
                0x0000000008001354                DMA1_Stream7_IRQHandler
                0x0000000008001354                TIM7_IRQHandler
                0x0000000008001354                CAN2_TX_IRQHandler
                0x0000000008001354                TIM5_IRQHandler
                0x0000000008001354                DMA2_Stream7_IRQHandler
                0x0000000008001354                I2C3_EV_IRQHandler
                0x0000000008001354                EXTI9_5_IRQHandler
                0x0000000008001354                RTC_WKUP_IRQHandler
                0x0000000008001354                ETH_WKUP_IRQHandler
                0x0000000008001354                SPI2_IRQHandler
                0x0000000008001354                OTG_HS_EP1_IN_IRQHandler
                0x0000000008001354                DMA1_Stream0_IRQHandler
                0x0000000008001354                CAN1_TX_IRQHandler
                0x0000000008001354                EXTI4_IRQHandler
                0x0000000008001354                FSMC_IRQHandler
                0x0000000008001354                ETH_IRQHandler
                0x0000000008001354                OTG_HS_EP1_OUT_IRQHandler
                0x0000000008001354                WWDG_IRQHandler
                0x0000000008001354                TIM2_IRQHandler
                0x0000000008001354                OTG_FS_WKUP_IRQHandler
                0x0000000008001354                TIM1_TRG_COM_TIM11_IRQHandler
                0x0000000008001354                OTG_HS_IRQHandler
                0x0000000008001354                EXTI1_IRQHandler
                0x0000000008001354                USART2_IRQHandler
                0x0000000008001354                I2C2_ER_IRQHandler
                0x0000000008001354                DMA2_Stream1_IRQHandler
                0x0000000008001354                CAN1_SCE_IRQHandler
                0x0000000008001354                FLASH_IRQHandler
                0x0000000008001354                DMA2_Stream4_IRQHandler
                0x0000000008001354                USART1_IRQHandler
                0x0000000008001354                SPI3_IRQHandler
                0x0000000008001354                DMA1_Stream4_IRQHandler
                0x0000000008001354                I2C1_ER_IRQHandler
                0x0000000008001354                DMA2_Stream6_IRQHandler
 *fill*         0x0000000008001356        0x2 
 .text.HAL_Init
                0x0000000008001358       0x44 Drivers/STM32F4xx_HAL_Driver/Src/stm32f4xx_hal.o
                0x0000000008001358                HAL_Init
 .text.HAL_InitTick
                0x000000000800139c       0x60 Drivers/STM32F4xx_HAL_Driver/Src/stm32f4xx_hal.o
                0x000000000800139c                HAL_InitTick
 .text.HAL_IncTick
                0x00000000080013fc       0x28 Drivers/STM32F4xx_HAL_Driver/Src/stm32f4xx_hal.o
                0x00000000080013fc                HAL_IncTick
 .text.HAL_GetTick
                0x0000000008001424       0x18 Drivers/STM32F4xx_HAL_Driver/Src/stm32f4xx_hal.o
                0x0000000008001424                HAL_GetTick
 .text.HAL_Delay
                0x000000000800143c       0x44 Drivers/STM32F4xx_HAL_Driver/Src/stm32f4xx_hal.o
                0x000000000800143c                HAL_Delay
 .text.HAL_ADC_Init
                0x0000000008001480       0x86 Drivers/STM32F4xx_HAL_Driver/Src/stm32f4xx_hal_adc.o
                0x0000000008001480                HAL_ADC_Init
 *fill*         0x0000000008001506        0x2 
 .text.HAL_ADC_Start_DMA
                0x0000000008001508      0x1e4 Drivers/STM32F4xx_HAL_Driver/Src/stm32f4xx_hal_adc.o
                0x0000000008001508                HAL_ADC_Start_DMA
 .text.HAL_ADC_ConvCpltCallback
                0x00000000080016ec       0x14 Drivers/STM32F4xx_HAL_Driver/Src/stm32f4xx_hal_adc.o
                0x00000000080016ec                HAL_ADC_ConvCpltCallback
 .text.HAL_ADC_ConvHalfCpltCallback
                0x0000000008001700       0x14 Drivers/STM32F4xx_HAL_Driver/Src/stm32f4xx_hal_adc.o
                0x0000000008001700                HAL_ADC_ConvHalfCpltCallback
 .text.HAL_ADC_ErrorCallback
                0x0000000008001714       0x14 Drivers/STM32F4xx_HAL_Driver/Src/stm32f4xx_hal_adc.o
                0x0000000008001714                HAL_ADC_ErrorCallback
 .text.HAL_ADC_ConfigChannel
                0x0000000008001728      0x244 Drivers/STM32F4xx_HAL_Driver/Src/stm32f4xx_hal_adc.o
                0x0000000008001728                HAL_ADC_ConfigChannel
 .text.ADC_Init
                0x000000000800196c      0x1f8 Drivers/STM32F4xx_HAL_Driver/Src/stm32f4xx_hal_adc.o
 .text.ADC_DMAConvCplt
                0x0000000008001b64       0xba Drivers/STM32F4xx_HAL_Driver/Src/stm32f4xx_hal_adc.o
 .text.ADC_DMAHalfConvCplt
                0x0000000008001c1e       0x1c Drivers/STM32F4xx_HAL_Driver/Src/stm32f4xx_hal_adc.o
 .text.ADC_DMAError
                0x0000000008001c3a       0x2e Drivers/STM32F4xx_HAL_Driver/Src/stm32f4xx_hal_adc.o
 .text.__NVIC_SetPriorityGrouping
                0x0000000008001c68       0x48 Drivers/STM32F4xx_HAL_Driver/Src/stm32f4xx_hal_cortex.o
 .text.__NVIC_GetPriorityGrouping
                0x0000000008001cb0       0x1c Drivers/STM32F4xx_HAL_Driver/Src/stm32f4xx_hal_cortex.o
 .text.__NVIC_EnableIRQ
                0x0000000008001ccc       0x3c Drivers/STM32F4xx_HAL_Driver/Src/stm32f4xx_hal_cortex.o
 .text.__NVIC_SetPriority
                0x0000000008001d08       0x54 Drivers/STM32F4xx_HAL_Driver/Src/stm32f4xx_hal_cortex.o
 .text.NVIC_EncodePriority
                0x0000000008001d5c       0x66 Drivers/STM32F4xx_HAL_Driver/Src/stm32f4xx_hal_cortex.o
 *fill*         0x0000000008001dc2        0x2 
 .text.SysTick_Config
                0x0000000008001dc4       0x44 Drivers/STM32F4xx_HAL_Driver/Src/stm32f4xx_hal_cortex.o
 .text.HAL_NVIC_SetPriorityGrouping
                0x0000000008001e08       0x16 Drivers/STM32F4xx_HAL_Driver/Src/stm32f4xx_hal_cortex.o
                0x0000000008001e08                HAL_NVIC_SetPriorityGrouping
 .text.HAL_NVIC_SetPriority
                0x0000000008001e1e       0x38 Drivers/STM32F4xx_HAL_Driver/Src/stm32f4xx_hal_cortex.o
                0x0000000008001e1e                HAL_NVIC_SetPriority
 .text.HAL_NVIC_EnableIRQ
                0x0000000008001e56       0x1c Drivers/STM32F4xx_HAL_Driver/Src/stm32f4xx_hal_cortex.o
                0x0000000008001e56                HAL_NVIC_EnableIRQ
 .text.HAL_SYSTICK_Config
                0x0000000008001e72       0x18 Drivers/STM32F4xx_HAL_Driver/Src/stm32f4xx_hal_cortex.o
                0x0000000008001e72                HAL_SYSTICK_Config
 *fill*         0x0000000008001e8a        0x2 
 .text.HAL_DMA_Init
                0x0000000008001e8c      0x15c Drivers/STM32F4xx_HAL_Driver/Src/stm32f4xx_hal_dma.o
                0x0000000008001e8c                HAL_DMA_Init
 .text.HAL_DMA_Start_IT
                0x0000000008001fe8       0xb0 Drivers/STM32F4xx_HAL_Driver/Src/stm32f4xx_hal_dma.o
                0x0000000008001fe8                HAL_DMA_Start_IT
 .text.HAL_DMA_IRQHandler
                0x0000000008002098      0x314 Drivers/STM32F4xx_HAL_Driver/Src/stm32f4xx_hal_dma.o
                0x0000000008002098                HAL_DMA_IRQHandler
 .text.DMA_SetConfig
                0x00000000080023ac       0x5c Drivers/STM32F4xx_HAL_Driver/Src/stm32f4xx_hal_dma.o
 .text.DMA_CalcBaseAndBitshift
                0x0000000008002408       0x6c Drivers/STM32F4xx_HAL_Driver/Src/stm32f4xx_hal_dma.o
 .text.DMA_CheckFifoParam
                0x0000000008002474       0xf4 Drivers/STM32F4xx_HAL_Driver/Src/stm32f4xx_hal_dma.o
 .text.HAL_GPIO_Init
                0x0000000008002568      0x334 Drivers/STM32F4xx_HAL_Driver/Src/stm32f4xx_hal_gpio.o
                0x0000000008002568                HAL_GPIO_Init
 .text.HAL_GPIO_WritePin
                0x000000000800289c       0x32 Drivers/STM32F4xx_HAL_Driver/Src/stm32f4xx_hal_gpio.o
                0x000000000800289c                HAL_GPIO_WritePin
 *fill*         0x00000000080028ce        0x2 
 .text.HAL_I2C_Init
                0x00000000080028d0      0x270 Drivers/STM32F4xx_HAL_Driver/Src/stm32f4xx_hal_i2c.o
                0x00000000080028d0                HAL_I2C_Init
 .text.HAL_I2S_Init
                0x0000000008002b40      0x280 Drivers/STM32F4xx_HAL_Driver/Src/stm32f4xx_hal_i2s.o
                0x0000000008002b40                HAL_I2S_Init
 .text.HAL_I2S_TxCpltCallback
                0x0000000008002dc0       0x14 Drivers/STM32F4xx_HAL_Driver/Src/stm32f4xx_hal_i2s.o
                0x0000000008002dc0                HAL_I2S_TxCpltCallback
 .text.HAL_I2S_RxCpltCallback
                0x0000000008002dd4       0x14 Drivers/STM32F4xx_HAL_Driver/Src/stm32f4xx_hal_i2s.o
                0x0000000008002dd4                HAL_I2S_RxCpltCallback
 .text.HAL_I2S_ErrorCallback
                0x0000000008002de8       0x14 Drivers/STM32F4xx_HAL_Driver/Src/stm32f4xx_hal_i2s.o
                0x0000000008002de8                HAL_I2S_ErrorCallback
 .text.I2S_Transmit_IT
                0x0000000008002dfc       0x5c Drivers/STM32F4xx_HAL_Driver/Src/stm32f4xx_hal_i2s.o
 .text.I2S_Receive_IT
                0x0000000008002e58       0x5e Drivers/STM32F4xx_HAL_Driver/Src/stm32f4xx_hal_i2s.o
 .text.I2S_IRQHandler
                0x0000000008002eb6      0x114 Drivers/STM32F4xx_HAL_Driver/Src/stm32f4xx_hal_i2s.o
 *fill*         0x0000000008002fca        0x2 
 .text.HAL_I2SEx_FullDuplex_IRQHandler
                0x0000000008002fcc      0x2a8 Drivers/STM32F4xx_HAL_Driver/Src/stm32f4xx_hal_i2s_ex.o
                0x0000000008002fcc                HAL_I2SEx_FullDuplex_IRQHandler
 .text.HAL_I2SEx_TxRxCpltCallback
                0x0000000008003274       0x14 Drivers/STM32F4xx_HAL_Driver/Src/stm32f4xx_hal_i2s_ex.o
                0x0000000008003274                HAL_I2SEx_TxRxCpltCallback
 .text.I2SEx_TxISR_I2S
                0x0000000008003288       0x62 Drivers/STM32F4xx_HAL_Driver/Src/stm32f4xx_hal_i2s_ex.o
 *fill*         0x00000000080032ea        0x2 
 .text.I2SEx_TxISR_I2SExt
                0x00000000080032ec       0x98 Drivers/STM32F4xx_HAL_Driver/Src/stm32f4xx_hal_i2s_ex.o
 .text.I2SEx_RxISR_I2S
                0x0000000008003384       0x64 Drivers/STM32F4xx_HAL_Driver/Src/stm32f4xx_hal_i2s_ex.o
 .text.I2SEx_RxISR_I2SExt
                0x00000000080033e8       0x98 Drivers/STM32F4xx_HAL_Driver/Src/stm32f4xx_hal_i2s_ex.o
 .text.HAL_PCD_Init
                0x0000000008003480      0x23a Drivers/STM32F4xx_HAL_Driver/Src/stm32f4xx_hal_pcd.o
                0x0000000008003480                HAL_PCD_Init
 .text.HAL_PCD_Start
                0x00000000080036ba       0x66 Drivers/STM32F4xx_HAL_Driver/Src/stm32f4xx_hal_pcd.o
                0x00000000080036ba                HAL_PCD_Start
 .text.HAL_PCD_IRQHandler
                0x0000000008003720      0x764 Drivers/STM32F4xx_HAL_Driver/Src/stm32f4xx_hal_pcd.o
                0x0000000008003720                HAL_PCD_IRQHandler
 .text.HAL_PCD_SetAddress
                0x0000000008003e84       0x4a Drivers/STM32F4xx_HAL_Driver/Src/stm32f4xx_hal_pcd.o
                0x0000000008003e84                HAL_PCD_SetAddress
 .text.HAL_PCD_EP_Open
                0x0000000008003ece       0xd0 Drivers/STM32F4xx_HAL_Driver/Src/stm32f4xx_hal_pcd.o
                0x0000000008003ece                HAL_PCD_EP_Open
 .text.HAL_PCD_EP_Close
                0x0000000008003f9e       0x94 Drivers/STM32F4xx_HAL_Driver/Src/stm32f4xx_hal_pcd.o
                0x0000000008003f9e                HAL_PCD_EP_Close
 .text.HAL_PCD_EP_Receive
                0x0000000008004032       0x96 Drivers/STM32F4xx_HAL_Driver/Src/stm32f4xx_hal_pcd.o
                0x0000000008004032                HAL_PCD_EP_Receive
 .text.HAL_PCD_EP_GetRxCount
                0x00000000080040c8       0x30 Drivers/STM32F4xx_HAL_Driver/Src/stm32f4xx_hal_pcd.o
                0x00000000080040c8                HAL_PCD_EP_GetRxCount
 .text.HAL_PCD_EP_Transmit
                0x00000000080040f8       0x94 Drivers/STM32F4xx_HAL_Driver/Src/stm32f4xx_hal_pcd.o
                0x00000000080040f8                HAL_PCD_EP_Transmit
 .text.HAL_PCD_EP_SetStall
                0x000000000800418c       0xc8 Drivers/STM32F4xx_HAL_Driver/Src/stm32f4xx_hal_pcd.o
                0x000000000800418c                HAL_PCD_EP_SetStall
 .text.HAL_PCD_EP_ClrStall
                0x0000000008004254       0xac Drivers/STM32F4xx_HAL_Driver/Src/stm32f4xx_hal_pcd.o
                0x0000000008004254                HAL_PCD_EP_ClrStall
 .text.PCD_WriteEmptyTxFifo
                0x0000000008004300      0x11a Drivers/STM32F4xx_HAL_Driver/Src/stm32f4xx_hal_pcd.o
 *fill*         0x000000000800441a        0x2 
 .text.PCD_EP_OutXfrComplete_int
                0x000000000800441c      0x218 Drivers/STM32F4xx_HAL_Driver/Src/stm32f4xx_hal_pcd.o
 .text.PCD_EP_OutSetupPacket_int
                0x0000000008004634       0x8c Drivers/STM32F4xx_HAL_Driver/Src/stm32f4xx_hal_pcd.o
 .text.HAL_PCDEx_SetTxFiFo
                0x00000000080046c0       0x8e Drivers/STM32F4xx_HAL_Driver/Src/stm32f4xx_hal_pcd_ex.o
                0x00000000080046c0                HAL_PCDEx_SetTxFiFo
 .text.HAL_PCDEx_SetRxFiFo
                0x000000000800474e       0x22 Drivers/STM32F4xx_HAL_Driver/Src/stm32f4xx_hal_pcd_ex.o
                0x000000000800474e                HAL_PCDEx_SetRxFiFo
 .text.HAL_PCDEx_LPM_Callback
                0x0000000008004770       0x18 Drivers/STM32F4xx_HAL_Driver/Src/stm32f4xx_hal_pcd_ex.o
                0x0000000008004770                HAL_PCDEx_LPM_Callback
 .text.HAL_RCC_OscConfig
                0x0000000008004788      0x4e0 Drivers/STM32F4xx_HAL_Driver/Src/stm32f4xx_hal_rcc.o
                0x0000000008004788                HAL_RCC_OscConfig
 .text.HAL_RCC_ClockConfig
                0x0000000008004c68      0x1cc Drivers/STM32F4xx_HAL_Driver/Src/stm32f4xx_hal_rcc.o
                0x0000000008004c68                HAL_RCC_ClockConfig
 .text.HAL_RCC_GetSysClockFreq
                0x0000000008004e34      0x1b0 Drivers/STM32F4xx_HAL_Driver/Src/stm32f4xx_hal_rcc.o
                0x0000000008004e34                HAL_RCC_GetSysClockFreq
 .text.HAL_RCC_GetHCLKFreq
                0x0000000008004fe4       0x18 Drivers/STM32F4xx_HAL_Driver/Src/stm32f4xx_hal_rcc.o
                0x0000000008004fe4                HAL_RCC_GetHCLKFreq
 .text.HAL_RCC_GetPCLK1Freq
                0x0000000008004ffc       0x28 Drivers/STM32F4xx_HAL_Driver/Src/stm32f4xx_hal_rcc.o
                0x0000000008004ffc                HAL_RCC_GetPCLK1Freq
 .text.HAL_RCC_GetPCLK2Freq
                0x0000000008005024       0x28 Drivers/STM32F4xx_HAL_Driver/Src/stm32f4xx_hal_rcc.o
                0x0000000008005024                HAL_RCC_GetPCLK2Freq
 .text.HAL_RCCEx_PeriphCLKConfig
                0x000000000800504c      0x1c4 Drivers/STM32F4xx_HAL_Driver/Src/stm32f4xx_hal_rcc_ex.o
                0x000000000800504c                HAL_RCCEx_PeriphCLKConfig
 .text.HAL_RCCEx_GetPeriphCLKFreq
                0x0000000008005210       0xb8 Drivers/STM32F4xx_HAL_Driver/Src/stm32f4xx_hal_rcc_ex.o
                0x0000000008005210                HAL_RCCEx_GetPeriphCLKFreq
 .text.HAL_SPI_Init
                0x00000000080052c8       0xc8 Drivers/STM32F4xx_HAL_Driver/Src/stm32f4xx_hal_spi.o
                0x00000000080052c8                HAL_SPI_Init
 .text.HAL_UART_Init
                0x0000000008005390       0x9a Drivers/STM32F4xx_HAL_Driver/Src/stm32f4xx_hal_uart.o
                0x0000000008005390                HAL_UART_Init
 *fill*         0x000000000800542a        0x2 
 .text.UART_SetConfig
                0x000000000800542c      0x6f8 Drivers/STM32F4xx_HAL_Driver/Src/stm32f4xx_hal_uart.o
 .text.USB_CoreInit
                0x0000000008005b24       0xc2 Drivers/STM32F4xx_HAL_Driver/Src/stm32f4xx_ll_usb.o
                0x0000000008005b24                USB_CoreInit
 *fill*         0x0000000008005be6        0x2 
 .text.USB_SetTurnaroundTime
                0x0000000008005be8      0x144 Drivers/STM32F4xx_HAL_Driver/Src/stm32f4xx_ll_usb.o
                0x0000000008005be8                USB_SetTurnaroundTime
 .text.USB_EnableGlobalInt
                0x0000000008005d2c       0x22 Drivers/STM32F4xx_HAL_Driver/Src/stm32f4xx_ll_usb.o
                0x0000000008005d2c                USB_EnableGlobalInt
 .text.USB_DisableGlobalInt
                0x0000000008005d4e       0x22 Drivers/STM32F4xx_HAL_Driver/Src/stm32f4xx_ll_usb.o
                0x0000000008005d4e                USB_DisableGlobalInt
 .text.USB_SetCurrentMode
                0x0000000008005d70       0x54 Drivers/STM32F4xx_HAL_Driver/Src/stm32f4xx_ll_usb.o
                0x0000000008005d70                USB_SetCurrentMode
 .text.USB_DevInit
                0x0000000008005dc4      0x2c8 Drivers/STM32F4xx_HAL_Driver/Src/stm32f4xx_ll_usb.o
                0x0000000008005dc4                USB_DevInit
 .text.USB_FlushTxFifo
                0x000000000800608c       0x4c Drivers/STM32F4xx_HAL_Driver/Src/stm32f4xx_ll_usb.o
                0x000000000800608c                USB_FlushTxFifo
 .text.USB_FlushRxFifo
                0x00000000080060d8       0x44 Drivers/STM32F4xx_HAL_Driver/Src/stm32f4xx_ll_usb.o
                0x00000000080060d8                USB_FlushRxFifo
 .text.USB_SetDevSpeed
                0x000000000800611c       0x32 Drivers/STM32F4xx_HAL_Driver/Src/stm32f4xx_ll_usb.o
                0x000000000800611c                USB_SetDevSpeed
 .text.USB_GetDevSpeed
                0x000000000800614e       0x4a Drivers/STM32F4xx_HAL_Driver/Src/stm32f4xx_ll_usb.o
                0x000000000800614e                USB_GetDevSpeed
 .text.USB_ActivateEndpoint
                0x0000000008006198      0x10e Drivers/STM32F4xx_HAL_Driver/Src/stm32f4xx_ll_usb.o
                0x0000000008006198                USB_ActivateEndpoint
 *fill*         0x00000000080062a6        0x2 
 .text.USB_DeactivateEndpoint
                0x00000000080062a8      0x1b8 Drivers/STM32F4xx_HAL_Driver/Src/stm32f4xx_ll_usb.o
                0x00000000080062a8                USB_DeactivateEndpoint
 .text.USB_EPStartXfer
                0x0000000008006460      0x488 Drivers/STM32F4xx_HAL_Driver/Src/stm32f4xx_ll_usb.o
                0x0000000008006460                USB_EPStartXfer
 .text.USB_EP0StartXfer
                0x00000000080068e8      0x2a6 Drivers/STM32F4xx_HAL_Driver/Src/stm32f4xx_ll_usb.o
                0x00000000080068e8                USB_EP0StartXfer
 .text.USB_WritePacket
                0x0000000008006b8e       0x6a Drivers/STM32F4xx_HAL_Driver/Src/stm32f4xx_ll_usb.o
                0x0000000008006b8e                USB_WritePacket
 .text.USB_ReadPacket
                0x0000000008006bf8       0x52 Drivers/STM32F4xx_HAL_Driver/Src/stm32f4xx_ll_usb.o
                0x0000000008006bf8                USB_ReadPacket
 .text.USB_EPSetStall
                0x0000000008006c4a       0xdc Drivers/STM32F4xx_HAL_Driver/Src/stm32f4xx_ll_usb.o
                0x0000000008006c4a                USB_EPSetStall
 .text.USB_EPClearStall
                0x0000000008006d26       0xcc Drivers/STM32F4xx_HAL_Driver/Src/stm32f4xx_ll_usb.o
                0x0000000008006d26                USB_EPClearStall
 .text.USB_SetDevAddress
                0x0000000008006df2       0x4c Drivers/STM32F4xx_HAL_Driver/Src/stm32f4xx_ll_usb.o
                0x0000000008006df2                USB_SetDevAddress
 .text.USB_DevConnect
                0x0000000008006e3e       0x30 Drivers/STM32F4xx_HAL_Driver/Src/stm32f4xx_ll_usb.o
                0x0000000008006e3e                USB_DevConnect
 .text.USB_DevDisconnect
                0x0000000008006e6e       0x30 Drivers/STM32F4xx_HAL_Driver/Src/stm32f4xx_ll_usb.o
                0x0000000008006e6e                USB_DevDisconnect
 .text.USB_ReadInterrupts
                0x0000000008006e9e       0x26 Drivers/STM32F4xx_HAL_Driver/Src/stm32f4xx_ll_usb.o
                0x0000000008006e9e                USB_ReadInterrupts
 .text.USB_ReadDevAllOutEpInterrupt
                0x0000000008006ec4       0x34 Drivers/STM32F4xx_HAL_Driver/Src/stm32f4xx_ll_usb.o
                0x0000000008006ec4                USB_ReadDevAllOutEpInterrupt
 .text.USB_ReadDevAllInEpInterrupt
                0x0000000008006ef8       0x34 Drivers/STM32F4xx_HAL_Driver/Src/stm32f4xx_ll_usb.o
                0x0000000008006ef8                USB_ReadDevAllInEpInterrupt
 .text.USB_ReadDevOutEPInterrupt
                0x0000000008006f2c       0x3c Drivers/STM32F4xx_HAL_Driver/Src/stm32f4xx_ll_usb.o
                0x0000000008006f2c                USB_ReadDevOutEPInterrupt
 .text.USB_ReadDevInEPInterrupt
                0x0000000008006f68       0x5c Drivers/STM32F4xx_HAL_Driver/Src/stm32f4xx_ll_usb.o
                0x0000000008006f68                USB_ReadDevInEPInterrupt
 .text.USB_GetMode
                0x0000000008006fc4       0x1c Drivers/STM32F4xx_HAL_Driver/Src/stm32f4xx_ll_usb.o
                0x0000000008006fc4                USB_GetMode
 .text.USB_ActivateSetup
                0x0000000008006fe0       0x46 Drivers/STM32F4xx_HAL_Driver/Src/stm32f4xx_ll_usb.o
                0x0000000008006fe0                USB_ActivateSetup
 *fill*         0x0000000008007026        0x2 
 .text.USB_EP0_OutStart
                0x0000000008007028       0xbc Drivers/STM32F4xx_HAL_Driver/Src/stm32f4xx_ll_usb.o
                0x0000000008007028                USB_EP0_OutStart
 .text.USB_CoreReset
                0x00000000080070e4       0x68 Drivers/STM32F4xx_HAL_Driver/Src/stm32f4xx_ll_usb.o
 .text.USBD_CDC_Init
                0x000000000800714c      0x100 Middlewares/ST/STM32_USB_Device_Library/Class/CDC/Src/usbd_cdc.o
 .text.USBD_CDC_DeInit
                0x000000000800724c       0x78 Middlewares/ST/STM32_USB_Device_Library/Class/CDC/Src/usbd_cdc.o
 .text.USBD_CDC_Setup
                0x00000000080072c4      0x178 Middlewares/ST/STM32_USB_Device_Library/Class/CDC/Src/usbd_cdc.o
 .text.USBD_CDC_DataIn
                0x000000000800743c       0xbe Middlewares/ST/STM32_USB_Device_Library/Class/CDC/Src/usbd_cdc.o
 .text.USBD_CDC_DataOut
                0x00000000080074fa       0x56 Middlewares/ST/STM32_USB_Device_Library/Class/CDC/Src/usbd_cdc.o
 .text.USBD_CDC_EP0_RxReady
                0x0000000008007550       0x50 Middlewares/ST/STM32_USB_Device_Library/Class/CDC/Src/usbd_cdc.o
 .text.USBD_CDC_GetFSCfgDesc
                0x00000000080075a0       0x20 Middlewares/ST/STM32_USB_Device_Library/Class/CDC/Src/usbd_cdc.o
 .text.USBD_CDC_GetHSCfgDesc
                0x00000000080075c0       0x20 Middlewares/ST/STM32_USB_Device_Library/Class/CDC/Src/usbd_cdc.o
 .text.USBD_CDC_GetOtherSpeedCfgDesc
                0x00000000080075e0       0x20 Middlewares/ST/STM32_USB_Device_Library/Class/CDC/Src/usbd_cdc.o
 .text.USBD_CDC_GetDeviceQualifierDescriptor
                0x0000000008007600       0x20 Middlewares/ST/STM32_USB_Device_Library/Class/CDC/Src/usbd_cdc.o
                0x0000000008007600                USBD_CDC_GetDeviceQualifierDescriptor
 .text.USBD_CDC_RegisterInterface
                0x0000000008007620       0x2a Middlewares/ST/STM32_USB_Device_Library/Class/CDC/Src/usbd_cdc.o
                0x0000000008007620                USBD_CDC_RegisterInterface
 .text.USBD_CDC_SetTxBuffer
                0x000000000800764a       0x32 Middlewares/ST/STM32_USB_Device_Library/Class/CDC/Src/usbd_cdc.o
                0x000000000800764a                USBD_CDC_SetTxBuffer
 .text.USBD_CDC_SetRxBuffer
                0x000000000800767c       0x28 Middlewares/ST/STM32_USB_Device_Library/Class/CDC/Src/usbd_cdc.o
                0x000000000800767c                USBD_CDC_SetRxBuffer
 .text.USBD_CDC_TransmitPacket
                0x00000000080076a4       0x60 Middlewares/ST/STM32_USB_Device_Library/Class/CDC/Src/usbd_cdc.o
                0x00000000080076a4                USBD_CDC_TransmitPacket
 .text.USBD_CDC_ReceivePacket
                0x0000000008007704       0x54 Middlewares/ST/STM32_USB_Device_Library/Class/CDC/Src/usbd_cdc.o
                0x0000000008007704                USBD_CDC_ReceivePacket
 .text.USBD_Init
                0x0000000008007758       0x6c Middlewares/ST/STM32_USB_Device_Library/Core/Src/usbd_core.o
                0x0000000008007758                USBD_Init
 .text.USBD_RegisterClass
                0x00000000080077c4       0x42 Middlewares/ST/STM32_USB_Device_Library/Core/Src/usbd_core.o
                0x00000000080077c4                USBD_RegisterClass
 .text.USBD_Start
                0x0000000008007806       0x18 Middlewares/ST/STM32_USB_Device_Library/Core/Src/usbd_core.o
                0x0000000008007806                USBD_Start
 .text.USBD_RunTestMode
                0x000000000800781e       0x16 Middlewares/ST/STM32_USB_Device_Library/Core/Src/usbd_core.o
                0x000000000800781e                USBD_RunTestMode
 .text.USBD_SetClassConfig
                0x0000000008007834       0x38 Middlewares/ST/STM32_USB_Device_Library/Core/Src/usbd_core.o
                0x0000000008007834                USBD_SetClassConfig
 .text.USBD_ClrClassConfig
                0x000000000800786c       0x30 Middlewares/ST/STM32_USB_Device_Library/Core/Src/usbd_core.o
                0x000000000800786c                USBD_ClrClassConfig
 .text.USBD_LL_SetupStage
                0x000000000800789c       0xa6 Middlewares/ST/STM32_USB_Device_Library/Core/Src/usbd_core.o
                0x000000000800789c                USBD_LL_SetupStage
 .text.USBD_LL_DataOutStage
                0x0000000008007942       0xc6 Middlewares/ST/STM32_USB_Device_Library/Core/Src/usbd_core.o
                0x0000000008007942                USBD_LL_DataOutStage
 .text.USBD_LL_DataInStage
                0x0000000008007a08      0x12c Middlewares/ST/STM32_USB_Device_Library/Core/Src/usbd_core.o
                0x0000000008007a08                USBD_LL_DataInStage
 .text.USBD_LL_Reset
                0x0000000008007b34       0x82 Middlewares/ST/STM32_USB_Device_Library/Core/Src/usbd_core.o
                0x0000000008007b34                USBD_LL_Reset
 .text.USBD_LL_SetSpeed
                0x0000000008007bb6       0x20 Middlewares/ST/STM32_USB_Device_Library/Core/Src/usbd_core.o
                0x0000000008007bb6                USBD_LL_SetSpeed
 .text.USBD_LL_Suspend
                0x0000000008007bd6       0x2a Middlewares/ST/STM32_USB_Device_Library/Core/Src/usbd_core.o
                0x0000000008007bd6                USBD_LL_Suspend
 .text.USBD_LL_Resume
                0x0000000008007c00       0x2c Middlewares/ST/STM32_USB_Device_Library/Core/Src/usbd_core.o
                0x0000000008007c00                USBD_LL_Resume
 .text.USBD_LL_SOF
                0x0000000008007c2c       0x34 Middlewares/ST/STM32_USB_Device_Library/Core/Src/usbd_core.o
                0x0000000008007c2c                USBD_LL_SOF
 .text.USBD_LL_IsoINIncomplete
                0x0000000008007c60       0x1a Middlewares/ST/STM32_USB_Device_Library/Core/Src/usbd_core.o
                0x0000000008007c60                USBD_LL_IsoINIncomplete
 .text.USBD_LL_IsoOUTIncomplete
                0x0000000008007c7a       0x1a Middlewares/ST/STM32_USB_Device_Library/Core/Src/usbd_core.o
                0x0000000008007c7a                USBD_LL_IsoOUTIncomplete
 .text.USBD_LL_DevConnected
                0x0000000008007c94       0x16 Middlewares/ST/STM32_USB_Device_Library/Core/Src/usbd_core.o
                0x0000000008007c94                USBD_LL_DevConnected
 .text.USBD_LL_DevDisconnected
                0x0000000008007caa       0x38 Middlewares/ST/STM32_USB_Device_Library/Core/Src/usbd_core.o
                0x0000000008007caa                USBD_LL_DevDisconnected
 .text.SWAPBYTE
                0x0000000008007ce2       0x3c Middlewares/ST/STM32_USB_Device_Library/Core/Src/usbd_ctlreq.o
 *fill*         0x0000000008007d1e        0x2 
 .text.USBD_StdDevReq
                0x0000000008007d20       0xdc Middlewares/ST/STM32_USB_Device_Library/Core/Src/usbd_ctlreq.o
                0x0000000008007d20                USBD_StdDevReq
 .text.USBD_StdItfReq
                0x0000000008007dfc       0x8c Middlewares/ST/STM32_USB_Device_Library/Core/Src/usbd_ctlreq.o
                0x0000000008007dfc                USBD_StdItfReq
 .text.USBD_StdEPReq
                0x0000000008007e88      0x2aa Middlewares/ST/STM32_USB_Device_Library/Core/Src/usbd_ctlreq.o
                0x0000000008007e88                USBD_StdEPReq
 *fill*         0x0000000008008132        0x2 
 .text.USBD_GetDescriptor
                0x0000000008008134      0x2d4 Middlewares/ST/STM32_USB_Device_Library/Core/Src/usbd_ctlreq.o
 .text.USBD_SetAddress
                0x0000000008008408       0x84 Middlewares/ST/STM32_USB_Device_Library/Core/Src/usbd_ctlreq.o
 .text.USBD_SetConfig
                0x000000000800848c      0x148 Middlewares/ST/STM32_USB_Device_Library/Core/Src/usbd_ctlreq.o
 .text.USBD_GetConfig
                0x00000000080085d4       0x68 Middlewares/ST/STM32_USB_Device_Library/Core/Src/usbd_ctlreq.o
 .text.USBD_GetStatus
                0x000000000800863c       0x66 Middlewares/ST/STM32_USB_Device_Library/Core/Src/usbd_ctlreq.o
 .text.USBD_SetFeature
                0x00000000080086a2       0x28 Middlewares/ST/STM32_USB_Device_Library/Core/Src/usbd_ctlreq.o
 .text.USBD_ClrFeature
                0x00000000080086ca       0x42 Middlewares/ST/STM32_USB_Device_Library/Core/Src/usbd_ctlreq.o
 .text.USBD_ParseSetupRequest
                0x000000000800870c       0x74 Middlewares/ST/STM32_USB_Device_Library/Core/Src/usbd_ctlreq.o
                0x000000000800870c                USBD_ParseSetupRequest
 .text.USBD_CtlError
                0x0000000008008780       0x22 Middlewares/ST/STM32_USB_Device_Library/Core/Src/usbd_ctlreq.o
                0x0000000008008780                USBD_CtlError
 .text.USBD_GetString
                0x00000000080087a2       0x8c Middlewares/ST/STM32_USB_Device_Library/Core/Src/usbd_ctlreq.o
                0x00000000080087a2                USBD_GetString
 .text.USBD_GetLen
                0x000000000800882e       0x34 Middlewares/ST/STM32_USB_Device_Library/Core/Src/usbd_ctlreq.o
 .text.USBD_CtlSendData
                0x0000000008008862       0x36 Middlewares/ST/STM32_USB_Device_Library/Core/Src/usbd_ioreq.o
                0x0000000008008862                USBD_CtlSendData
 .text.USBD_CtlContinueSendData
                0x0000000008008898       0x22 Middlewares/ST/STM32_USB_Device_Library/Core/Src/usbd_ioreq.o
                0x0000000008008898                USBD_CtlContinueSendData
 .text.USBD_CtlPrepareRx
                0x00000000080088ba       0x3a Middlewares/ST/STM32_USB_Device_Library/Core/Src/usbd_ioreq.o
                0x00000000080088ba                USBD_CtlPrepareRx
 .text.USBD_CtlContinueRx
                0x00000000080088f4       0x22 Middlewares/ST/STM32_USB_Device_Library/Core/Src/usbd_ioreq.o
                0x00000000080088f4                USBD_CtlContinueRx
 .text.USBD_CtlSendStatus
                0x0000000008008916       0x26 Middlewares/ST/STM32_USB_Device_Library/Core/Src/usbd_ioreq.o
                0x0000000008008916                USBD_CtlSendStatus
 .text.USBD_CtlReceiveStatus
                0x000000000800893c       0x26 Middlewares/ST/STM32_USB_Device_Library/Core/Src/usbd_ioreq.o
                0x000000000800893c                USBD_CtlReceiveStatus
 *fill*         0x0000000008008962        0x2 
 .text.MX_USB_DEVICE_Init
                0x0000000008008964       0x60 USB_DEVICE/App/usb_device.o
                0x0000000008008964                MX_USB_DEVICE_Init
 .text.CDC_Init_FS
                0x00000000080089c4       0x28 USB_DEVICE/App/usbd_cdc_if.o
 .text.CDC_DeInit_FS
                0x00000000080089ec       0x10 USB_DEVICE/App/usbd_cdc_if.o
 .text.CDC_Control_FS
                0x00000000080089fc       0xbc USB_DEVICE/App/usbd_cdc_if.o
 .text.CDC_Receive_FS
                0x0000000008008ab8       0x28 USB_DEVICE/App/usbd_cdc_if.o
 .text.CDC_Transmit_FS
                0x0000000008008ae0       0x4c USB_DEVICE/App/usbd_cdc_if.o
                0x0000000008008ae0                CDC_Transmit_FS
 .text.CDC_TransmitCplt_FS
                0x0000000008008b2c       0x22 USB_DEVICE/App/usbd_cdc_if.o
 *fill*         0x0000000008008b4e        0x2 
 .text.USBD_FS_DeviceDescriptor
                0x0000000008008b50       0x24 USB_DEVICE/App/usbd_desc.o
                0x0000000008008b50                USBD_FS_DeviceDescriptor
 .text.USBD_FS_LangIDStrDescriptor
                0x0000000008008b74       0x24 USB_DEVICE/App/usbd_desc.o
                0x0000000008008b74                USBD_FS_LangIDStrDescriptor
 .text.USBD_FS_ProductStrDescriptor
                0x0000000008008b98       0x3c USB_DEVICE/App/usbd_desc.o
                0x0000000008008b98                USBD_FS_ProductStrDescriptor
 .text.USBD_FS_ManufacturerStrDescriptor
                0x0000000008008bd4       0x28 USB_DEVICE/App/usbd_desc.o
                0x0000000008008bd4                USBD_FS_ManufacturerStrDescriptor
 .text.USBD_FS_SerialStrDescriptor
                0x0000000008008bfc       0x24 USB_DEVICE/App/usbd_desc.o
                0x0000000008008bfc                USBD_FS_SerialStrDescriptor
 .text.USBD_FS_ConfigStrDescriptor
                0x0000000008008c20       0x3c USB_DEVICE/App/usbd_desc.o
                0x0000000008008c20                USBD_FS_ConfigStrDescriptor
 .text.USBD_FS_InterfaceStrDescriptor
                0x0000000008008c5c       0x3c USB_DEVICE/App/usbd_desc.o
                0x0000000008008c5c                USBD_FS_InterfaceStrDescriptor
 .text.Get_SerialNum
                0x0000000008008c98       0x58 USB_DEVICE/App/usbd_desc.o
 .text.IntToUnicode
                0x0000000008008cf0       0x7c USB_DEVICE/App/usbd_desc.o
 .text.HAL_PCD_MspInit
                0x0000000008008d6c       0xc4 USB_DEVICE/Target/usbd_conf.o
                0x0000000008008d6c                HAL_PCD_MspInit
 .text.HAL_PCD_SetupStageCallback
                0x0000000008008e30       0x24 USB_DEVICE/Target/usbd_conf.o
                0x0000000008008e30                HAL_PCD_SetupStageCallback
 .text.HAL_PCD_DataOutStageCallback
                0x0000000008008e54       0x36 USB_DEVICE/Target/usbd_conf.o
                0x0000000008008e54                HAL_PCD_DataOutStageCallback
 .text.HAL_PCD_DataInStageCallback
                0x0000000008008e8a       0x34 USB_DEVICE/Target/usbd_conf.o
                0x0000000008008e8a                HAL_PCD_DataInStageCallback
 .text.HAL_PCD_SOFCallback
                0x0000000008008ebe       0x1c USB_DEVICE/Target/usbd_conf.o
                0x0000000008008ebe                HAL_PCD_SOFCallback
 .text.HAL_PCD_ResetCallback
                0x0000000008008eda       0x50 USB_DEVICE/Target/usbd_conf.o
                0x0000000008008eda                HAL_PCD_ResetCallback
 *fill*         0x0000000008008f2a        0x2 
 .text.HAL_PCD_SuspendCallback
                0x0000000008008f2c       0x4c USB_DEVICE/Target/usbd_conf.o
                0x0000000008008f2c                HAL_PCD_SuspendCallback
 .text.HAL_PCD_ResumeCallback
                0x0000000008008f78       0x1c USB_DEVICE/Target/usbd_conf.o
                0x0000000008008f78                HAL_PCD_ResumeCallback
 .text.HAL_PCD_ISOOUTIncompleteCallback
                0x0000000008008f94       0x24 USB_DEVICE/Target/usbd_conf.o
                0x0000000008008f94                HAL_PCD_ISOOUTIncompleteCallback
 .text.HAL_PCD_ISOINIncompleteCallback
                0x0000000008008fb8       0x24 USB_DEVICE/Target/usbd_conf.o
                0x0000000008008fb8                HAL_PCD_ISOINIncompleteCallback
 .text.HAL_PCD_ConnectCallback
                0x0000000008008fdc       0x1c USB_DEVICE/Target/usbd_conf.o
                0x0000000008008fdc                HAL_PCD_ConnectCallback
 .text.HAL_PCD_DisconnectCallback
                0x0000000008008ff8       0x1c USB_DEVICE/Target/usbd_conf.o
                0x0000000008008ff8                HAL_PCD_DisconnectCallback
 .text.USBD_LL_Init
                0x0000000008009014       0x98 USB_DEVICE/Target/usbd_conf.o
                0x0000000008009014                USBD_LL_Init
 .text.USBD_LL_Start
                0x00000000080090ac       0x36 USB_DEVICE/Target/usbd_conf.o
                0x00000000080090ac                USBD_LL_Start
 .text.USBD_LL_OpenEP
                0x00000000080090e2       0x4c USB_DEVICE/Target/usbd_conf.o
                0x00000000080090e2                USBD_LL_OpenEP
 .text.USBD_LL_CloseEP
                0x000000000800912e       0x3e USB_DEVICE/Target/usbd_conf.o
                0x000000000800912e                USBD_LL_CloseEP
 .text.USBD_LL_StallEP
                0x000000000800916c       0x3e USB_DEVICE/Target/usbd_conf.o
                0x000000000800916c                USBD_LL_StallEP
 .text.USBD_LL_ClearStallEP
                0x00000000080091aa       0x3e USB_DEVICE/Target/usbd_conf.o
                0x00000000080091aa                USBD_LL_ClearStallEP
 .text.USBD_LL_IsStallEP
                0x00000000080091e8       0x58 USB_DEVICE/Target/usbd_conf.o
                0x00000000080091e8                USBD_LL_IsStallEP
 .text.USBD_LL_SetUSBAddress
                0x0000000008009240       0x3e USB_DEVICE/Target/usbd_conf.o
                0x0000000008009240                USBD_LL_SetUSBAddress
 .text.USBD_LL_Transmit
                0x000000000800927e       0x42 USB_DEVICE/Target/usbd_conf.o
                0x000000000800927e                USBD_LL_Transmit
 .text.USBD_LL_PrepareReceive
                0x00000000080092c0       0x42 USB_DEVICE/Target/usbd_conf.o
                0x00000000080092c0                USBD_LL_PrepareReceive
 .text.USBD_LL_GetRxDataSize
                0x0000000008009302       0x26 USB_DEVICE/Target/usbd_conf.o
                0x0000000008009302                USBD_LL_GetRxDataSize
 .text.USBD_Get_USB_Status
                0x0000000008009328       0x58 USB_DEVICE/Target/usbd_conf.o
                0x0000000008009328                USBD_Get_USB_Status
 .text.__errno  0x0000000008009380        0xc c:/st/stm32cubeide_1.3.0/stm32cubeide/plugins/com.st.stm32cube.ide.mcu.externaltools.gnu-tools-for-stm32.7-2018-q2-update.win32_1.0.0.201904181610/tools/bin/../lib/gcc/arm-none-eabi/7.3.1/../../../../arm-none-eabi/lib/thumb/v7e-m/fpv4-sp/hard\libc_nano.a(lib_a-errno.o)
                0x0000000008009380                __errno
 .text.__libc_init_array
                0x000000000800938c       0x48 c:/st/stm32cubeide_1.3.0/stm32cubeide/plugins/com.st.stm32cube.ide.mcu.externaltools.gnu-tools-for-stm32.7-2018-q2-update.win32_1.0.0.201904181610/tools/bin/../lib/gcc/arm-none-eabi/7.3.1/../../../../arm-none-eabi/lib/thumb/v7e-m/fpv4-sp/hard\libc_nano.a(lib_a-init.o)
                0x000000000800938c                __libc_init_array
 .text.malloc   0x00000000080093d4       0x10 c:/st/stm32cubeide_1.3.0/stm32cubeide/plugins/com.st.stm32cube.ide.mcu.externaltools.gnu-tools-for-stm32.7-2018-q2-update.win32_1.0.0.201904181610/tools/bin/../lib/gcc/arm-none-eabi/7.3.1/../../../../arm-none-eabi/lib/thumb/v7e-m/fpv4-sp/hard\libc_nano.a(lib_a-malloc.o)
                0x00000000080093d4                malloc
 .text.free     0x00000000080093e4       0x10 c:/st/stm32cubeide_1.3.0/stm32cubeide/plugins/com.st.stm32cube.ide.mcu.externaltools.gnu-tools-for-stm32.7-2018-q2-update.win32_1.0.0.201904181610/tools/bin/../lib/gcc/arm-none-eabi/7.3.1/../../../../arm-none-eabi/lib/thumb/v7e-m/fpv4-sp/hard\libc_nano.a(lib_a-malloc.o)
                0x00000000080093e4                free
 .text.memset   0x00000000080093f4       0x10 c:/st/stm32cubeide_1.3.0/stm32cubeide/plugins/com.st.stm32cube.ide.mcu.externaltools.gnu-tools-for-stm32.7-2018-q2-update.win32_1.0.0.201904181610/tools/bin/../lib/gcc/arm-none-eabi/7.3.1/../../../../arm-none-eabi/lib/thumb/v7e-m/fpv4-sp/hard\libc_nano.a(lib_a-memset.o)
                0x00000000080093f4                memset
 .text._free_r  0x0000000008009404       0x9c c:/st/stm32cubeide_1.3.0/stm32cubeide/plugins/com.st.stm32cube.ide.mcu.externaltools.gnu-tools-for-stm32.7-2018-q2-update.win32_1.0.0.201904181610/tools/bin/../lib/gcc/arm-none-eabi/7.3.1/../../../../arm-none-eabi/lib/thumb/v7e-m/fpv4-sp/hard\libc_nano.a(lib_a-nano-freer.o)
                0x0000000008009404                _free_r
 .text._malloc_r
                0x00000000080094a0       0xb4 c:/st/stm32cubeide_1.3.0/stm32cubeide/plugins/com.st.stm32cube.ide.mcu.externaltools.gnu-tools-for-stm32.7-2018-q2-update.win32_1.0.0.201904181610/tools/bin/../lib/gcc/arm-none-eabi/7.3.1/../../../../arm-none-eabi/lib/thumb/v7e-m/fpv4-sp/hard\libc_nano.a(lib_a-nano-mallocr.o)
                0x00000000080094a0                _malloc_r
 .text._sbrk_r  0x0000000008009554       0x20 c:/st/stm32cubeide_1.3.0/stm32cubeide/plugins/com.st.stm32cube.ide.mcu.externaltools.gnu-tools-for-stm32.7-2018-q2-update.win32_1.0.0.201904181610/tools/bin/../lib/gcc/arm-none-eabi/7.3.1/../../../../arm-none-eabi/lib/thumb/v7e-m/fpv4-sp/hard\libc_nano.a(lib_a-sbrkr.o)
                0x0000000008009554                _sbrk_r
 .text.__malloc_lock
                0x0000000008009574        0x2 c:/st/stm32cubeide_1.3.0/stm32cubeide/plugins/com.st.stm32cube.ide.mcu.externaltools.gnu-tools-for-stm32.7-2018-q2-update.win32_1.0.0.201904181610/tools/bin/../lib/gcc/arm-none-eabi/7.3.1/../../../../arm-none-eabi/lib/thumb/v7e-m/fpv4-sp/hard\libc_nano.a(lib_a-mlock.o)
                0x0000000008009574                __malloc_lock
 .text.__malloc_unlock
                0x0000000008009576        0x2 c:/st/stm32cubeide_1.3.0/stm32cubeide/plugins/com.st.stm32cube.ide.mcu.externaltools.gnu-tools-for-stm32.7-2018-q2-update.win32_1.0.0.201904181610/tools/bin/../lib/gcc/arm-none-eabi/7.3.1/../../../../arm-none-eabi/lib/thumb/v7e-m/fpv4-sp/hard\libc_nano.a(lib_a-mlock.o)
                0x0000000008009576                __malloc_unlock
 *(.glue_7)
 .glue_7        0x0000000008009578        0x0 linker stubs
 *(.glue_7t)
 .glue_7t       0x0000000008009578        0x0 linker stubs
 *(.eh_frame)
 .eh_frame      0x0000000008009578        0x0 c:/st/stm32cubeide_1.3.0/stm32cubeide/plugins/com.st.stm32cube.ide.mcu.externaltools.gnu-tools-for-stm32.7-2018-q2-update.win32_1.0.0.201904181610/tools/bin/../lib/gcc/arm-none-eabi/7.3.1/thumb/v7e-m/fpv4-sp/hard/crtbegin.o
 *(.init)
 .init          0x0000000008009578        0x4 c:/st/stm32cubeide_1.3.0/stm32cubeide/plugins/com.st.stm32cube.ide.mcu.externaltools.gnu-tools-for-stm32.7-2018-q2-update.win32_1.0.0.201904181610/tools/bin/../lib/gcc/arm-none-eabi/7.3.1/thumb/v7e-m/fpv4-sp/hard/crti.o
                0x0000000008009578                _init
 .init          0x000000000800957c        0x8 c:/st/stm32cubeide_1.3.0/stm32cubeide/plugins/com.st.stm32cube.ide.mcu.externaltools.gnu-tools-for-stm32.7-2018-q2-update.win32_1.0.0.201904181610/tools/bin/../lib/gcc/arm-none-eabi/7.3.1/thumb/v7e-m/fpv4-sp/hard/crtn.o
 *(.fini)
 .fini          0x0000000008009584        0x4 c:/st/stm32cubeide_1.3.0/stm32cubeide/plugins/com.st.stm32cube.ide.mcu.externaltools.gnu-tools-for-stm32.7-2018-q2-update.win32_1.0.0.201904181610/tools/bin/../lib/gcc/arm-none-eabi/7.3.1/thumb/v7e-m/fpv4-sp/hard/crti.o
                0x0000000008009584                _fini
 .fini          0x0000000008009588        0x8 c:/st/stm32cubeide_1.3.0/stm32cubeide/plugins/com.st.stm32cube.ide.mcu.externaltools.gnu-tools-for-stm32.7-2018-q2-update.win32_1.0.0.201904181610/tools/bin/../lib/gcc/arm-none-eabi/7.3.1/thumb/v7e-m/fpv4-sp/hard/crtn.o
                0x0000000008009590                . = ALIGN (0x4)
                0x0000000008009590                _etext = .

.vfp11_veneer   0x0000000008009590        0x0
 .vfp11_veneer  0x0000000008009590        0x0 linker stubs

.v4_bx          0x0000000008009590        0x0
 .v4_bx         0x0000000008009590        0x0 linker stubs

.iplt           0x0000000008009590        0x0
 .iplt          0x0000000008009590        0x0 c:/st/stm32cubeide_1.3.0/stm32cubeide/plugins/com.st.stm32cube.ide.mcu.externaltools.gnu-tools-for-stm32.7-2018-q2-update.win32_1.0.0.201904181610/tools/bin/../lib/gcc/arm-none-eabi/7.3.1/thumb/v7e-m/fpv4-sp/hard/crtbegin.o

.rodata         0x0000000008009590       0x78
                0x0000000008009590                . = ALIGN (0x4)
 *(.rodata)
 .rodata        0x0000000008009590        0xd Core/Src/application.o
 *fill*         0x000000000800959d        0x3 
 .rodata        0x00000000080095a0       0x46 USB_DEVICE/App/usbd_desc.o
 *(.rodata*)
 *fill*         0x00000000080095e6        0x2 
 .rodata.AHBPrescTable
                0x00000000080095e8       0x10 Core/Src/system_stm32f4xx.o
                0x00000000080095e8                AHBPrescTable
 .rodata.APBPrescTable
                0x00000000080095f8        0x8 Core/Src/system_stm32f4xx.o
                0x00000000080095f8                APBPrescTable
 .rodata.flagBitshiftOffset.8595
                0x0000000008009600        0x8 Drivers/STM32F4xx_HAL_Driver/Src/stm32f4xx_hal_dma.o
                0x0000000008009608                . = ALIGN (0x4)

.ARM.extab      0x0000000008009608        0x0
                0x0000000008009608                . = ALIGN (0x4)
 *(.ARM.extab* .gnu.linkonce.armextab.*)
                0x0000000008009608                . = ALIGN (0x4)

.ARM            0x0000000008009608        0x8
                0x0000000008009608                . = ALIGN (0x4)
                0x0000000008009608                __exidx_start = .
 *(.ARM.exidx*)
 .ARM.exidx     0x0000000008009608        0x8 c:/st/stm32cubeide_1.3.0/stm32cubeide/plugins/com.st.stm32cube.ide.mcu.externaltools.gnu-tools-for-stm32.7-2018-q2-update.win32_1.0.0.201904181610/tools/bin/../lib/gcc/arm-none-eabi/7.3.1/thumb/v7e-m/fpv4-sp/hard\libgcc.a(_udivmoddi4.o)
                0x0000000008009610                __exidx_end = .
                0x0000000008009610                . = ALIGN (0x4)

.rel.dyn        0x0000000008009610        0x0
 .rel.iplt      0x0000000008009610        0x0 c:/st/stm32cubeide_1.3.0/stm32cubeide/plugins/com.st.stm32cube.ide.mcu.externaltools.gnu-tools-for-stm32.7-2018-q2-update.win32_1.0.0.201904181610/tools/bin/../lib/gcc/arm-none-eabi/7.3.1/thumb/v7e-m/fpv4-sp/hard/crtbegin.o

.preinit_array  0x0000000008009610        0x0
                0x0000000008009610                . = ALIGN (0x4)
                0x0000000008009610                PROVIDE (__preinit_array_start = .)
 *(.preinit_array*)
                0x0000000008009610                PROVIDE (__preinit_array_end = .)
                0x0000000008009610                . = ALIGN (0x4)

.init_array     0x0000000008009610        0x4
                0x0000000008009610                . = ALIGN (0x4)
                0x0000000008009610                PROVIDE (__init_array_start = .)
 *(SORT_BY_NAME(.init_array.*))
 *(.init_array*)
 .init_array    0x0000000008009610        0x4 c:/st/stm32cubeide_1.3.0/stm32cubeide/plugins/com.st.stm32cube.ide.mcu.externaltools.gnu-tools-for-stm32.7-2018-q2-update.win32_1.0.0.201904181610/tools/bin/../lib/gcc/arm-none-eabi/7.3.1/thumb/v7e-m/fpv4-sp/hard/crtbegin.o
                0x0000000008009614                PROVIDE (__init_array_end = .)
                0x0000000008009614                . = ALIGN (0x4)

.fini_array     0x0000000008009614        0x4
                0x0000000008009614                . = ALIGN (0x4)
                [!provide]                        PROVIDE (__fini_array_start = .)
 *(SORT_BY_NAME(.fini_array.*))
 *(.fini_array*)
 .fini_array    0x0000000008009614        0x4 c:/st/stm32cubeide_1.3.0/stm32cubeide/plugins/com.st.stm32cube.ide.mcu.externaltools.gnu-tools-for-stm32.7-2018-q2-update.win32_1.0.0.201904181610/tools/bin/../lib/gcc/arm-none-eabi/7.3.1/thumb/v7e-m/fpv4-sp/hard/crtbegin.o
                [!provide]                        PROVIDE (__fini_array_end = .)
                0x0000000008009618                . = ALIGN (0x4)
                0x0000000008009618                _sidata = LOADADDR (.data)

.data           0x0000000020000000      0x1e4 load address 0x0000000008009618
                0x0000000020000000                . = ALIGN (0x4)
                0x0000000020000000                _sdata = .
 *(.data)
 *(.data*)
 .data.SystemCoreClock
                0x0000000020000000        0x4 Core/Src/system_stm32f4xx.o
                0x0000000020000000                SystemCoreClock
 .data.uwTickPrio
                0x0000000020000004        0x4 Drivers/STM32F4xx_HAL_Driver/Src/stm32f4xx_hal.o
                0x0000000020000004                uwTickPrio
 .data.uwTickFreq
                0x0000000020000008        0x1 Drivers/STM32F4xx_HAL_Driver/Src/stm32f4xx_hal.o
                0x0000000020000008                uwTickFreq
 *fill*         0x0000000020000009        0x3 
 .data.USBD_CDC_DeviceQualifierDesc
                0x000000002000000c        0xa Middlewares/ST/STM32_USB_Device_Library/Class/CDC/Src/usbd_cdc.o
 *fill*         0x0000000020000016        0x2 
 .data.USBD_CDC
                0x0000000020000018       0x38 Middlewares/ST/STM32_USB_Device_Library/Class/CDC/Src/usbd_cdc.o
                0x0000000020000018                USBD_CDC
 .data.USBD_CDC_CfgHSDesc
                0x0000000020000050       0x43 Middlewares/ST/STM32_USB_Device_Library/Class/CDC/Src/usbd_cdc.o
 *fill*         0x0000000020000093        0x1 
 .data.USBD_CDC_CfgFSDesc
                0x0000000020000094       0x43 Middlewares/ST/STM32_USB_Device_Library/Class/CDC/Src/usbd_cdc.o
 *fill*         0x00000000200000d7        0x1 
 .data.USBD_CDC_OtherSpeedCfgDesc
                0x00000000200000d8       0x43 Middlewares/ST/STM32_USB_Device_Library/Class/CDC/Src/usbd_cdc.o
 *fill*         0x000000002000011b        0x1 
 .data.USBD_Interface_fops_FS
                0x000000002000011c       0x14 USB_DEVICE/App/usbd_cdc_if.o
                0x000000002000011c                USBD_Interface_fops_FS
 .data.FS_Desc  0x0000000020000130       0x1c USB_DEVICE/App/usbd_desc.o
                0x0000000020000130                FS_Desc
 .data.USBD_FS_DeviceDesc
                0x000000002000014c       0x12 USB_DEVICE/App/usbd_desc.o
                0x000000002000014c                USBD_FS_DeviceDesc
 *fill*         0x000000002000015e        0x2 
 .data.USBD_LangIDDesc
                0x0000000020000160        0x4 USB_DEVICE/App/usbd_desc.o
                0x0000000020000160                USBD_LangIDDesc
 .data.USBD_StringSerial
                0x0000000020000164       0x1a USB_DEVICE/App/usbd_desc.o
                0x0000000020000164                USBD_StringSerial
 *fill*         0x000000002000017e        0x2 
 .data._impure_ptr
                0x0000000020000180        0x4 c:/st/stm32cubeide_1.3.0/stm32cubeide/plugins/com.st.stm32cube.ide.mcu.externaltools.gnu-tools-for-stm32.7-2018-q2-update.win32_1.0.0.201904181610/tools/bin/../lib/gcc/arm-none-eabi/7.3.1/../../../../arm-none-eabi/lib/thumb/v7e-m/fpv4-sp/hard\libc_nano.a(lib_a-impure.o)
                0x0000000020000180                _impure_ptr
 .data.impure_data
                0x0000000020000184       0x60 c:/st/stm32cubeide_1.3.0/stm32cubeide/plugins/com.st.stm32cube.ide.mcu.externaltools.gnu-tools-for-stm32.7-2018-q2-update.win32_1.0.0.201904181610/tools/bin/../lib/gcc/arm-none-eabi/7.3.1/../../../../arm-none-eabi/lib/thumb/v7e-m/fpv4-sp/hard\libc_nano.a(lib_a-impure.o)
                0x00000000200001e4                . = ALIGN (0x4)
                0x00000000200001e4                _edata = .

.igot.plt       0x00000000200001e4        0x0 load address 0x00000000080097fc
 .igot.plt      0x00000000200001e4        0x0 c:/st/stm32cubeide_1.3.0/stm32cubeide/plugins/com.st.stm32cube.ide.mcu.externaltools.gnu-tools-for-stm32.7-2018-q2-update.win32_1.0.0.201904181610/tools/bin/../lib/gcc/arm-none-eabi/7.3.1/thumb/v7e-m/fpv4-sp/hard/crtbegin.o
                0x00000000200001e4                . = ALIGN (0x4)

.bss            0x00000000200001e4     0x1b90 load address 0x00000000080097fc
                0x00000000200001e4                _sbss = .
                0x00000000200001e4                __bss_start__ = _sbss
 *(.bss)
 .bss           0x00000000200001e4       0x1c c:/st/stm32cubeide_1.3.0/stm32cubeide/plugins/com.st.stm32cube.ide.mcu.externaltools.gnu-tools-for-stm32.7-2018-q2-update.win32_1.0.0.201904181610/tools/bin/../lib/gcc/arm-none-eabi/7.3.1/thumb/v7e-m/fpv4-sp/hard/crtbegin.o
 *(.bss*)
 .bss.heap_end.6424
                0x0000000020000200        0x4 Core/Src/sysmem.o
 .bss.cfgidx.10490
                0x0000000020000204        0x1 Middlewares/ST/STM32_USB_Device_Library/Core/Src/usbd_ctlreq.o
 *fill*         0x0000000020000205        0x3 
 .bss.__malloc_free_list
                0x0000000020000208        0x4 c:/st/stm32cubeide_1.3.0/stm32cubeide/plugins/com.st.stm32cube.ide.mcu.externaltools.gnu-tools-for-stm32.7-2018-q2-update.win32_1.0.0.201904181610/tools/bin/../lib/gcc/arm-none-eabi/7.3.1/../../../../arm-none-eabi/lib/thumb/v7e-m/fpv4-sp/hard\libc_nano.a(lib_a-nano-mallocr.o)
                0x0000000020000208                __malloc_free_list
 .bss.__malloc_sbrk_start
                0x000000002000020c        0x4 c:/st/stm32cubeide_1.3.0/stm32cubeide/plugins/com.st.stm32cube.ide.mcu.externaltools.gnu-tools-for-stm32.7-2018-q2-update.win32_1.0.0.201904181610/tools/bin/../lib/gcc/arm-none-eabi/7.3.1/../../../../arm-none-eabi/lib/thumb/v7e-m/fpv4-sp/hard\libc_nano.a(lib_a-nano-mallocr.o)
                0x000000002000020c                __malloc_sbrk_start
 *(COMMON)
 COMMON         0x0000000020000210       0x48 Core/Src/application.o
                0x0000000020000210                ADC_Work_Buffer
                0x0000000020000224                c
                0x0000000020000228                ADC_values
                0x000000002000023c                channels
                0x0000000020000248                keys
                0x0000000020000254                status
 COMMON         0x0000000020000258      0x23c Core/Src/main.o
                0x0000000020000258                huart3
                0x0000000020000298                hi2c1
                0x00000000200002ec                hdma_usart3_tx
                0x000000002000034c                hadc1
                0x0000000020000394                hdma_adc1
                0x00000000200003f4                hspi1
                0x000000002000044c                hi2s3
 COMMON         0x0000000020000494        0x4 Drivers/STM32F4xx_HAL_Driver/Src/stm32f4xx_hal.o
                0x0000000020000494                uwTick
 COMMON         0x0000000020000498      0x2d0 USB_DEVICE/App/usb_device.o
                0x0000000020000498                hUsbDeviceFS
 COMMON         0x0000000020000768     0x1000 USB_DEVICE/App/usbd_cdc_if.o
                0x0000000020000768                UserRxBufferFS
                0x0000000020000f68                UserTxBufferFS
 COMMON         0x0000000020001768      0x200 USB_DEVICE/App/usbd_desc.o
                0x0000000020001768                USBD_StrDesc
 COMMON         0x0000000020001968      0x408 USB_DEVICE/Target/usbd_conf.o
                0x0000000020001968                hpcd_USB_OTG_FS
 COMMON         0x0000000020001d70        0x4 c:/st/stm32cubeide_1.3.0/stm32cubeide/plugins/com.st.stm32cube.ide.mcu.externaltools.gnu-tools-for-stm32.7-2018-q2-update.win32_1.0.0.201904181610/tools/bin/../lib/gcc/arm-none-eabi/7.3.1/../../../../arm-none-eabi/lib/thumb/v7e-m/fpv4-sp/hard\libc_nano.a(lib_a-reent.o)
                0x0000000020001d70                errno
                0x0000000020001d74                . = ALIGN (0x4)
                0x0000000020001d74                _ebss = .
                0x0000000020001d74                __bss_end__ = _ebss

._user_heap_stack
                0x0000000020001d74      0x604 load address 0x00000000080097fc
                0x0000000020001d78                . = ALIGN (0x8)
 *fill*         0x0000000020001d74        0x4 
                0x0000000020001d78                PROVIDE (end = .)
                [!provide]                        PROVIDE (_end = .)
                0x0000000020001f78                . = (. + _Min_Heap_Size)
 *fill*         0x0000000020001d78      0x200 
                0x0000000020002378                . = (. + _Min_Stack_Size)
 *fill*         0x0000000020001f78      0x400 
                0x0000000020002378                . = ALIGN (0x8)

/DISCARD/
 libc.a(*)
 libm.a(*)
 libgcc.a(*)

.ARM.attributes
                0x0000000000000000       0x30
 *(.ARM.attributes)
 .ARM.attributes
                0x0000000000000000       0x22 c:/st/stm32cubeide_1.3.0/stm32cubeide/plugins/com.st.stm32cube.ide.mcu.externaltools.gnu-tools-for-stm32.7-2018-q2-update.win32_1.0.0.201904181610/tools/bin/../lib/gcc/arm-none-eabi/7.3.1/thumb/v7e-m/fpv4-sp/hard/crti.o
 .ARM.attributes
                0x0000000000000022       0x34 c:/st/stm32cubeide_1.3.0/stm32cubeide/plugins/com.st.stm32cube.ide.mcu.externaltools.gnu-tools-for-stm32.7-2018-q2-update.win32_1.0.0.201904181610/tools/bin/../lib/gcc/arm-none-eabi/7.3.1/thumb/v7e-m/fpv4-sp/hard/crtbegin.o
 .ARM.attributes
                0x0000000000000056       0x39 Core/Src/application.o
 .ARM.attributes
                0x000000000000008f       0x39 Core/Src/main.o
 .ARM.attributes
                0x00000000000000c8       0x39 Core/Src/stm32f4xx_hal_msp.o
 .ARM.attributes
                0x0000000000000101       0x39 Core/Src/stm32f4xx_it.o
 .ARM.attributes
                0x000000000000013a       0x39 Core/Src/sysmem.o
 .ARM.attributes
                0x0000000000000173       0x39 Core/Src/system_stm32f4xx.o
 .ARM.attributes
                0x00000000000001ac       0x21 Core/Startup/startup_stm32f407vgtx.o
 .ARM.attributes
                0x00000000000001cd       0x39 Drivers/STM32F4xx_HAL_Driver/Src/stm32f4xx_hal.o
 .ARM.attributes
                0x0000000000000206       0x39 Drivers/STM32F4xx_HAL_Driver/Src/stm32f4xx_hal_adc.o
 .ARM.attributes
                0x000000000000023f       0x39 Drivers/STM32F4xx_HAL_Driver/Src/stm32f4xx_hal_cortex.o
 .ARM.attributes
                0x0000000000000278       0x39 Drivers/STM32F4xx_HAL_Driver/Src/stm32f4xx_hal_dma.o
 .ARM.attributes
                0x00000000000002b1       0x39 Drivers/STM32F4xx_HAL_Driver/Src/stm32f4xx_hal_gpio.o
 .ARM.attributes
                0x00000000000002ea       0x39 Drivers/STM32F4xx_HAL_Driver/Src/stm32f4xx_hal_i2c.o
 .ARM.attributes
                0x0000000000000323       0x39 Drivers/STM32F4xx_HAL_Driver/Src/stm32f4xx_hal_i2s.o
 .ARM.attributes
                0x000000000000035c       0x39 Drivers/STM32F4xx_HAL_Driver/Src/stm32f4xx_hal_i2s_ex.o
 .ARM.attributes
                0x0000000000000395       0x39 Drivers/STM32F4xx_HAL_Driver/Src/stm32f4xx_hal_pcd.o
 .ARM.attributes
                0x00000000000003ce       0x39 Drivers/STM32F4xx_HAL_Driver/Src/stm32f4xx_hal_pcd_ex.o
 .ARM.attributes
                0x0000000000000407       0x39 Drivers/STM32F4xx_HAL_Driver/Src/stm32f4xx_hal_rcc.o
 .ARM.attributes
                0x0000000000000440       0x39 Drivers/STM32F4xx_HAL_Driver/Src/stm32f4xx_hal_rcc_ex.o
 .ARM.attributes
                0x0000000000000479       0x39 Drivers/STM32F4xx_HAL_Driver/Src/stm32f4xx_hal_spi.o
 .ARM.attributes
                0x00000000000004b2       0x39 Drivers/STM32F4xx_HAL_Driver/Src/stm32f4xx_hal_uart.o
 .ARM.attributes
                0x00000000000004eb       0x39 Drivers/STM32F4xx_HAL_Driver/Src/stm32f4xx_ll_usb.o
 .ARM.attributes
                0x0000000000000524       0x39 Middlewares/ST/STM32_USB_Device_Library/Class/CDC/Src/usbd_cdc.o
 .ARM.attributes
                0x000000000000055d       0x39 Middlewares/ST/STM32_USB_Device_Library/Core/Src/usbd_core.o
 .ARM.attributes
                0x0000000000000596       0x39 Middlewares/ST/STM32_USB_Device_Library/Core/Src/usbd_ctlreq.o
 .ARM.attributes
                0x00000000000005cf       0x39 Middlewares/ST/STM32_USB_Device_Library/Core/Src/usbd_ioreq.o
 .ARM.attributes
                0x0000000000000608       0x39 USB_DEVICE/App/usb_device.o
 .ARM.attributes
                0x0000000000000641       0x39 USB_DEVICE/App/usbd_cdc_if.o
 .ARM.attributes
                0x000000000000067a       0x39 USB_DEVICE/App/usbd_desc.o
 .ARM.attributes
                0x00000000000006b3       0x39 USB_DEVICE/Target/usbd_conf.o
 .ARM.attributes
                0x00000000000006ec       0x34 c:/st/stm32cubeide_1.3.0/stm32cubeide/plugins/com.st.stm32cube.ide.mcu.externaltools.gnu-tools-for-stm32.7-2018-q2-update.win32_1.0.0.201904181610/tools/bin/../lib/gcc/arm-none-eabi/7.3.1/../../../../arm-none-eabi/lib/thumb/v7e-m/fpv4-sp/hard\libc_nano.a(lib_a-errno.o)
 .ARM.attributes
                0x0000000000000720       0x34 c:/st/stm32cubeide_1.3.0/stm32cubeide/plugins/com.st.stm32cube.ide.mcu.externaltools.gnu-tools-for-stm32.7-2018-q2-update.win32_1.0.0.201904181610/tools/bin/../lib/gcc/arm-none-eabi/7.3.1/../../../../arm-none-eabi/lib/thumb/v7e-m/fpv4-sp/hard\libc_nano.a(lib_a-impure.o)
 .ARM.attributes
                0x0000000000000754       0x34 c:/st/stm32cubeide_1.3.0/stm32cubeide/plugins/com.st.stm32cube.ide.mcu.externaltools.gnu-tools-for-stm32.7-2018-q2-update.win32_1.0.0.201904181610/tools/bin/../lib/gcc/arm-none-eabi/7.3.1/../../../../arm-none-eabi/lib/thumb/v7e-m/fpv4-sp/hard\libc_nano.a(lib_a-init.o)
 .ARM.attributes
                0x0000000000000788       0x34 c:/st/stm32cubeide_1.3.0/stm32cubeide/plugins/com.st.stm32cube.ide.mcu.externaltools.gnu-tools-for-stm32.7-2018-q2-update.win32_1.0.0.201904181610/tools/bin/../lib/gcc/arm-none-eabi/7.3.1/../../../../arm-none-eabi/lib/thumb/v7e-m/fpv4-sp/hard\libc_nano.a(lib_a-malloc.o)
 .ARM.attributes
                0x00000000000007bc       0x34 c:/st/stm32cubeide_1.3.0/stm32cubeide/plugins/com.st.stm32cube.ide.mcu.externaltools.gnu-tools-for-stm32.7-2018-q2-update.win32_1.0.0.201904181610/tools/bin/../lib/gcc/arm-none-eabi/7.3.1/../../../../arm-none-eabi/lib/thumb/v7e-m/fpv4-sp/hard\libc_nano.a(lib_a-memset.o)
 .ARM.attributes
                0x00000000000007f0       0x34 c:/st/stm32cubeide_1.3.0/stm32cubeide/plugins/com.st.stm32cube.ide.mcu.externaltools.gnu-tools-for-stm32.7-2018-q2-update.win32_1.0.0.201904181610/tools/bin/../lib/gcc/arm-none-eabi/7.3.1/../../../../arm-none-eabi/lib/thumb/v7e-m/fpv4-sp/hard\libc_nano.a(lib_a-nano-freer.o)
 .ARM.attributes
                0x0000000000000824       0x34 c:/st/stm32cubeide_1.3.0/stm32cubeide/plugins/com.st.stm32cube.ide.mcu.externaltools.gnu-tools-for-stm32.7-2018-q2-update.win32_1.0.0.201904181610/tools/bin/../lib/gcc/arm-none-eabi/7.3.1/../../../../arm-none-eabi/lib/thumb/v7e-m/fpv4-sp/hard\libc_nano.a(lib_a-nano-mallocr.o)
 .ARM.attributes
                0x0000000000000858       0x34 c:/st/stm32cubeide_1.3.0/stm32cubeide/plugins/com.st.stm32cube.ide.mcu.externaltools.gnu-tools-for-stm32.7-2018-q2-update.win32_1.0.0.201904181610/tools/bin/../lib/gcc/arm-none-eabi/7.3.1/../../../../arm-none-eabi/lib/thumb/v7e-m/fpv4-sp/hard\libc_nano.a(lib_a-sbrkr.o)
 .ARM.attributes
                0x000000000000088c       0x34 c:/st/stm32cubeide_1.3.0/stm32cubeide/plugins/com.st.stm32cube.ide.mcu.externaltools.gnu-tools-for-stm32.7-2018-q2-update.win32_1.0.0.201904181610/tools/bin/../lib/gcc/arm-none-eabi/7.3.1/../../../../arm-none-eabi/lib/thumb/v7e-m/fpv4-sp/hard\libc_nano.a(lib_a-mlock.o)
 .ARM.attributes
                0x00000000000008c0       0x34 c:/st/stm32cubeide_1.3.0/stm32cubeide/plugins/com.st.stm32cube.ide.mcu.externaltools.gnu-tools-for-stm32.7-2018-q2-update.win32_1.0.0.201904181610/tools/bin/../lib/gcc/arm-none-eabi/7.3.1/../../../../arm-none-eabi/lib/thumb/v7e-m/fpv4-sp/hard\libc_nano.a(lib_a-reent.o)
 .ARM.attributes
                0x00000000000008f4       0x22 c:/st/stm32cubeide_1.3.0/stm32cubeide/plugins/com.st.stm32cube.ide.mcu.externaltools.gnu-tools-for-stm32.7-2018-q2-update.win32_1.0.0.201904181610/tools/bin/../lib/gcc/arm-none-eabi/7.3.1/thumb/v7e-m/fpv4-sp/hard\libgcc.a(_aeabi_uldivmod.o)
 .ARM.attributes
                0x0000000000000916       0x34 c:/st/stm32cubeide_1.3.0/stm32cubeide/plugins/com.st.stm32cube.ide.mcu.externaltools.gnu-tools-for-stm32.7-2018-q2-update.win32_1.0.0.201904181610/tools/bin/../lib/gcc/arm-none-eabi/7.3.1/thumb/v7e-m/fpv4-sp/hard\libgcc.a(_udivmoddi4.o)
 .ARM.attributes
                0x000000000000094a       0x22 c:/st/stm32cubeide_1.3.0/stm32cubeide/plugins/com.st.stm32cube.ide.mcu.externaltools.gnu-tools-for-stm32.7-2018-q2-update.win32_1.0.0.201904181610/tools/bin/../lib/gcc/arm-none-eabi/7.3.1/thumb/v7e-m/fpv4-sp/hard\libgcc.a(_dvmd_tls.o)
 .ARM.attributes
                0x000000000000096c       0x22 c:/st/stm32cubeide_1.3.0/stm32cubeide/plugins/com.st.stm32cube.ide.mcu.externaltools.gnu-tools-for-stm32.7-2018-q2-update.win32_1.0.0.201904181610/tools/bin/../lib/gcc/arm-none-eabi/7.3.1/thumb/v7e-m/fpv4-sp/hard/crtn.o
OUTPUT(bateria.elf elf32-littlearm)

.debug_info     0x0000000000000000    0x1ddb8
 .debug_info    0x0000000000000000     0x1737 Core/Src/application.o
 .debug_info    0x0000000000001737     0x203e Core/Src/main.o
 .debug_info    0x0000000000003775     0x14f7 Core/Src/stm32f4xx_hal_msp.o
 .debug_info    0x0000000000004c6c      0xd9c Core/Src/stm32f4xx_it.o
 .debug_info    0x0000000000005a08      0x91c Core/Src/sysmem.o
 .debug_info    0x0000000000006324      0x554 Core/Src/system_stm32f4xx.o
 .debug_info    0x0000000000006878       0x22 Core/Startup/startup_stm32f407vgtx.o
 .debug_info    0x000000000000689a      0x945 Drivers/STM32F4xx_HAL_Driver/Src/stm32f4xx_hal.o
 .debug_info    0x00000000000071df      0xcee Drivers/STM32F4xx_HAL_Driver/Src/stm32f4xx_hal_adc.o
 .debug_info    0x0000000000007ecd      0xe28 Drivers/STM32F4xx_HAL_Driver/Src/stm32f4xx_hal_cortex.o
 .debug_info    0x0000000000008cf5      0x968 Drivers/STM32F4xx_HAL_Driver/Src/stm32f4xx_hal_dma.o
 .debug_info    0x000000000000965d      0x7b5 Drivers/STM32F4xx_HAL_Driver/Src/stm32f4xx_hal_gpio.o
 .debug_info    0x0000000000009e12     0x23b5 Drivers/STM32F4xx_HAL_Driver/Src/stm32f4xx_hal_i2c.o
 .debug_info    0x000000000000c1c7      0xe5e Drivers/STM32F4xx_HAL_Driver/Src/stm32f4xx_hal_i2s.o
 .debug_info    0x000000000000d025      0xb76 Drivers/STM32F4xx_HAL_Driver/Src/stm32f4xx_hal_i2s_ex.o
 .debug_info    0x000000000000db9b     0x1114 Drivers/STM32F4xx_HAL_Driver/Src/stm32f4xx_hal_pcd.o
 .debug_info    0x000000000000ecaf      0x753 Drivers/STM32F4xx_HAL_Driver/Src/stm32f4xx_hal_pcd_ex.o
 .debug_info    0x000000000000f402      0x904 Drivers/STM32F4xx_HAL_Driver/Src/stm32f4xx_hal_rcc.o
 .debug_info    0x000000000000fd06      0x5ae Drivers/STM32F4xx_HAL_Driver/Src/stm32f4xx_hal_rcc_ex.o
 .debug_info    0x00000000000102b4     0x163a Drivers/STM32F4xx_HAL_Driver/Src/stm32f4xx_hal_spi.o
 .debug_info    0x00000000000118ee     0x124c Drivers/STM32F4xx_HAL_Driver/Src/stm32f4xx_hal_uart.o
 .debug_info    0x0000000000012b3a     0x18dd Drivers/STM32F4xx_HAL_Driver/Src/stm32f4xx_ll_usb.o
 .debug_info    0x0000000000014417     0x1800 Middlewares/ST/STM32_USB_Device_Library/Class/CDC/Src/usbd_cdc.o
 .debug_info    0x0000000000015c17     0x1285 Middlewares/ST/STM32_USB_Device_Library/Core/Src/usbd_core.o
 .debug_info    0x0000000000016e9c     0x123d Middlewares/ST/STM32_USB_Device_Library/Core/Src/usbd_ctlreq.o
 .debug_info    0x00000000000180d9      0xf88 Middlewares/ST/STM32_USB_Device_Library/Core/Src/usbd_ioreq.o
 .debug_info    0x0000000000019061      0xefb USB_DEVICE/App/usb_device.o
 .debug_info    0x0000000000019f5c     0x110d USB_DEVICE/App/usbd_cdc_if.o
 .debug_info    0x000000000001b069      0xd20 USB_DEVICE/App/usbd_desc.o
 .debug_info    0x000000000001bd89     0x202f USB_DEVICE/Target/usbd_conf.o

.debug_abbrev   0x0000000000000000     0x3fa1
 .debug_abbrev  0x0000000000000000      0x2c4 Core/Src/application.o
 .debug_abbrev  0x00000000000002c4      0x27e Core/Src/main.o
 .debug_abbrev  0x0000000000000542      0x1c4 Core/Src/stm32f4xx_hal_msp.o
 .debug_abbrev  0x0000000000000706      0x1b2 Core/Src/stm32f4xx_it.o
 .debug_abbrev  0x00000000000008b8      0x1bb Core/Src/sysmem.o
 .debug_abbrev  0x0000000000000a73      0x12b Core/Src/system_stm32f4xx.o
 .debug_abbrev  0x0000000000000b9e       0x12 Core/Startup/startup_stm32f407vgtx.o
 .debug_abbrev  0x0000000000000bb0      0x1c7 Drivers/STM32F4xx_HAL_Driver/Src/stm32f4xx_hal.o
 .debug_abbrev  0x0000000000000d77      0x205 Drivers/STM32F4xx_HAL_Driver/Src/stm32f4xx_hal_adc.o
 .debug_abbrev  0x0000000000000f7c      0x2fa Drivers/STM32F4xx_HAL_Driver/Src/stm32f4xx_hal_cortex.o
 .debug_abbrev  0x0000000000001276      0x229 Drivers/STM32F4xx_HAL_Driver/Src/stm32f4xx_hal_dma.o
 .debug_abbrev  0x000000000000149f      0x1c9 Drivers/STM32F4xx_HAL_Driver/Src/stm32f4xx_hal_gpio.o
 .debug_abbrev  0x0000000000001668      0x254 Drivers/STM32F4xx_HAL_Driver/Src/stm32f4xx_hal_i2c.o
 .debug_abbrev  0x00000000000018bc      0x21b Drivers/STM32F4xx_HAL_Driver/Src/stm32f4xx_hal_i2s.o
 .debug_abbrev  0x0000000000001ad7      0x246 Drivers/STM32F4xx_HAL_Driver/Src/stm32f4xx_hal_i2s_ex.o
 .debug_abbrev  0x0000000000001d1d      0x266 Drivers/STM32F4xx_HAL_Driver/Src/stm32f4xx_hal_pcd.o
 .debug_abbrev  0x0000000000001f83      0x1cf Drivers/STM32F4xx_HAL_Driver/Src/stm32f4xx_hal_pcd_ex.o
 .debug_abbrev  0x0000000000002152      0x245 Drivers/STM32F4xx_HAL_Driver/Src/stm32f4xx_hal_rcc.o
 .debug_abbrev  0x0000000000002397      0x173 Drivers/STM32F4xx_HAL_Driver/Src/stm32f4xx_hal_rcc_ex.o
 .debug_abbrev  0x000000000000250a      0x240 Drivers/STM32F4xx_HAL_Driver/Src/stm32f4xx_hal_spi.o
 .debug_abbrev  0x000000000000274a      0x242 Drivers/STM32F4xx_HAL_Driver/Src/stm32f4xx_hal_uart.o
 .debug_abbrev  0x000000000000298c      0x26d Drivers/STM32F4xx_HAL_Driver/Src/stm32f4xx_ll_usb.o
 .debug_abbrev  0x0000000000002bf9      0x2bc Middlewares/ST/STM32_USB_Device_Library/Class/CDC/Src/usbd_cdc.o
 .debug_abbrev  0x0000000000002eb5      0x27d Middlewares/ST/STM32_USB_Device_Library/Core/Src/usbd_core.o
 .debug_abbrev  0x0000000000003132      0x2ba Middlewares/ST/STM32_USB_Device_Library/Core/Src/usbd_ctlreq.o
 .debug_abbrev  0x00000000000033ec      0x1fc Middlewares/ST/STM32_USB_Device_Library/Core/Src/usbd_ioreq.o
 .debug_abbrev  0x00000000000035e8      0x1da USB_DEVICE/App/usb_device.o
 .debug_abbrev  0x00000000000037c2      0x2ca USB_DEVICE/App/usbd_cdc_if.o
 .debug_abbrev  0x0000000000003a8c      0x265 USB_DEVICE/App/usbd_desc.o
 .debug_abbrev  0x0000000000003cf1      0x2b0 USB_DEVICE/Target/usbd_conf.o

.debug_aranges  0x0000000000000000     0x1570
 .debug_aranges
                0x0000000000000000       0x50 Core/Src/application.o
 .debug_aranges
                0x0000000000000050       0x68 Core/Src/main.o
 .debug_aranges
                0x00000000000000b8       0x70 Core/Src/stm32f4xx_hal_msp.o
 .debug_aranges
                0x0000000000000128       0x78 Core/Src/stm32f4xx_it.o
 .debug_aranges
                0x00000000000001a0       0x20 Core/Src/sysmem.o
 .debug_aranges
                0x00000000000001c0       0x28 Core/Src/system_stm32f4xx.o
 .debug_aranges
                0x00000000000001e8       0x28 Core/Startup/startup_stm32f407vgtx.o
 .debug_aranges
                0x0000000000000210       0xf0 Drivers/STM32F4xx_HAL_Driver/Src/stm32f4xx_hal.o
 .debug_aranges
                0x0000000000000300       0xe8 Drivers/STM32F4xx_HAL_Driver/Src/stm32f4xx_hal_adc.o
 .debug_aranges
                0x00000000000003e8      0x118 Drivers/STM32F4xx_HAL_Driver/Src/stm32f4xx_hal_cortex.o
 .debug_aranges
                0x0000000000000500       0x90 Drivers/STM32F4xx_HAL_Driver/Src/stm32f4xx_hal_dma.o
 .debug_aranges
                0x0000000000000590       0x58 Drivers/STM32F4xx_HAL_Driver/Src/stm32f4xx_hal_gpio.o
 .debug_aranges
                0x00000000000005e8      0x298 Drivers/STM32F4xx_HAL_Driver/Src/stm32f4xx_hal_i2c.o
 .debug_aranges
                0x0000000000000880      0x108 Drivers/STM32F4xx_HAL_Driver/Src/stm32f4xx_hal_i2s.o
 .debug_aranges
                0x0000000000000988       0x88 Drivers/STM32F4xx_HAL_Driver/Src/stm32f4xx_hal_i2s_ex.o
 .debug_aranges
                0x0000000000000a10      0x130 Drivers/STM32F4xx_HAL_Driver/Src/stm32f4xx_hal_pcd.o
 .debug_aranges
                0x0000000000000b40       0x38 Drivers/STM32F4xx_HAL_Driver/Src/stm32f4xx_hal_pcd_ex.o
 .debug_aranges
                0x0000000000000b78       0x88 Drivers/STM32F4xx_HAL_Driver/Src/stm32f4xx_hal_rcc.o
 .debug_aranges
                0x0000000000000c00       0x48 Drivers/STM32F4xx_HAL_Driver/Src/stm32f4xx_hal_rcc_ex.o
 .debug_aranges
                0x0000000000000c48      0x1d0 Drivers/STM32F4xx_HAL_Driver/Src/stm32f4xx_hal_spi.o
 .debug_aranges
                0x0000000000000e18      0x1d0 Drivers/STM32F4xx_HAL_Driver/Src/stm32f4xx_hal_uart.o
 .debug_aranges
                0x0000000000000fe8      0x198 Drivers/STM32F4xx_HAL_Driver/Src/stm32f4xx_ll_usb.o
 .debug_aranges
                0x0000000000001180       0x90 Middlewares/ST/STM32_USB_Device_Library/Class/CDC/Src/usbd_cdc.o
 .debug_aranges
                0x0000000000001210       0xb8 Middlewares/ST/STM32_USB_Device_Library/Core/Src/usbd_core.o
 .debug_aranges
                0x00000000000012c8       0x90 Middlewares/ST/STM32_USB_Device_Library/Core/Src/usbd_ctlreq.o
 .debug_aranges
                0x0000000000001358       0x50 Middlewares/ST/STM32_USB_Device_Library/Core/Src/usbd_ioreq.o
 .debug_aranges
                0x00000000000013a8       0x20 USB_DEVICE/App/usb_device.o
 .debug_aranges
                0x00000000000013c8       0x48 USB_DEVICE/App/usbd_cdc_if.o
 .debug_aranges
                0x0000000000001410       0x60 USB_DEVICE/App/usbd_desc.o
 .debug_aranges
                0x0000000000001470      0x100 USB_DEVICE/Target/usbd_conf.o

.debug_ranges   0x0000000000000000     0x13b8
 .debug_ranges  0x0000000000000000       0x40 Core/Src/application.o
 .debug_ranges  0x0000000000000040       0x58 Core/Src/main.o
 .debug_ranges  0x0000000000000098       0x60 Core/Src/stm32f4xx_hal_msp.o
 .debug_ranges  0x00000000000000f8       0x68 Core/Src/stm32f4xx_it.o
 .debug_ranges  0x0000000000000160       0x10 Core/Src/sysmem.o
 .debug_ranges  0x0000000000000170       0x18 Core/Src/system_stm32f4xx.o
 .debug_ranges  0x0000000000000188       0x20 Core/Startup/startup_stm32f407vgtx.o
 .debug_ranges  0x00000000000001a8       0xe0 Drivers/STM32F4xx_HAL_Driver/Src/stm32f4xx_hal.o
 .debug_ranges  0x0000000000000288       0xd8 Drivers/STM32F4xx_HAL_Driver/Src/stm32f4xx_hal_adc.o
 .debug_ranges  0x0000000000000360      0x108 Drivers/STM32F4xx_HAL_Driver/Src/stm32f4xx_hal_cortex.o
 .debug_ranges  0x0000000000000468       0x80 Drivers/STM32F4xx_HAL_Driver/Src/stm32f4xx_hal_dma.o
 .debug_ranges  0x00000000000004e8       0x48 Drivers/STM32F4xx_HAL_Driver/Src/stm32f4xx_hal_gpio.o
 .debug_ranges  0x0000000000000530      0x2a8 Drivers/STM32F4xx_HAL_Driver/Src/stm32f4xx_hal_i2c.o
 .debug_ranges  0x00000000000007d8       0xf8 Drivers/STM32F4xx_HAL_Driver/Src/stm32f4xx_hal_i2s.o
 .debug_ranges  0x00000000000008d0       0x78 Drivers/STM32F4xx_HAL_Driver/Src/stm32f4xx_hal_i2s_ex.o
 .debug_ranges  0x0000000000000948      0x120 Drivers/STM32F4xx_HAL_Driver/Src/stm32f4xx_hal_pcd.o
 .debug_ranges  0x0000000000000a68       0x28 Drivers/STM32F4xx_HAL_Driver/Src/stm32f4xx_hal_pcd_ex.o
 .debug_ranges  0x0000000000000a90       0x78 Drivers/STM32F4xx_HAL_Driver/Src/stm32f4xx_hal_rcc.o
 .debug_ranges  0x0000000000000b08       0x38 Drivers/STM32F4xx_HAL_Driver/Src/stm32f4xx_hal_rcc_ex.o
 .debug_ranges  0x0000000000000b40      0x1c0 Drivers/STM32F4xx_HAL_Driver/Src/stm32f4xx_hal_spi.o
 .debug_ranges  0x0000000000000d00      0x1c0 Drivers/STM32F4xx_HAL_Driver/Src/stm32f4xx_hal_uart.o
 .debug_ranges  0x0000000000000ec0      0x188 Drivers/STM32F4xx_HAL_Driver/Src/stm32f4xx_ll_usb.o
 .debug_ranges  0x0000000000001048       0x80 Middlewares/ST/STM32_USB_Device_Library/Class/CDC/Src/usbd_cdc.o
 .debug_ranges  0x00000000000010c8       0xa8 Middlewares/ST/STM32_USB_Device_Library/Core/Src/usbd_core.o
 .debug_ranges  0x0000000000001170       0x80 Middlewares/ST/STM32_USB_Device_Library/Core/Src/usbd_ctlreq.o
 .debug_ranges  0x00000000000011f0       0x40 Middlewares/ST/STM32_USB_Device_Library/Core/Src/usbd_ioreq.o
 .debug_ranges  0x0000000000001230       0x10 USB_DEVICE/App/usb_device.o
 .debug_ranges  0x0000000000001240       0x38 USB_DEVICE/App/usbd_cdc_if.o
 .debug_ranges  0x0000000000001278       0x50 USB_DEVICE/App/usbd_desc.o
 .debug_ranges  0x00000000000012c8       0xf0 USB_DEVICE/Target/usbd_conf.o

.debug_macro    0x0000000000000000    0x25cd7
 .debug_macro   0x0000000000000000      0x465 Core/Src/application.o
 .debug_macro   0x0000000000000465      0xa5a Core/Src/application.o
 .debug_macro   0x0000000000000ebf      0x1a2 Core/Src/application.o
 .debug_macro   0x0000000000001061       0x2e Core/Src/application.o
 .debug_macro   0x000000000000108f       0x2f Core/Src/application.o
 .debug_macro   0x00000000000010be       0x22 Core/Src/application.o
 .debug_macro   0x00000000000010e0       0x8e Core/Src/application.o
 .debug_macro   0x000000000000116e       0x51 Core/Src/application.o
 .debug_macro   0x00000000000011bf       0xef Core/Src/application.o
 .debug_macro   0x00000000000012ae       0x6a Core/Src/application.o
 .debug_macro   0x0000000000001318      0x1df Core/Src/application.o
 .debug_macro   0x00000000000014f7       0x1c Core/Src/application.o
 .debug_macro   0x0000000000001513       0x22 Core/Src/application.o
 .debug_macro   0x0000000000001535       0xdf Core/Src/application.o
 .debug_macro   0x0000000000001614     0x102d Core/Src/application.o
 .debug_macro   0x0000000000002641      0x11f Core/Src/application.o
 .debug_macro   0x0000000000002760    0x15e3c Core/Src/application.o
 .debug_macro   0x000000000001859c       0x43 Core/Src/application.o
 .debug_macro   0x00000000000185df     0x3659 Core/Src/application.o
 .debug_macro   0x000000000001bc38      0x174 Core/Src/application.o
 .debug_macro   0x000000000001bdac       0x5a Core/Src/application.o
 .debug_macro   0x000000000001be06      0x96b Core/Src/application.o
 .debug_macro   0x000000000001c771      0x9fe Core/Src/application.o
 .debug_macro   0x000000000001d16f      0x174 Core/Src/application.o