Archive member included to satisfy reference by file (symbol)

c:/st/stm32cubeide_1.3.0/stm32cubeide/plugins/com.st.stm32cube.ide.mcu.externaltools.gnu-tools-for-stm32.7-2018-q2-update.win32_1.0.0.201904181610/tools/bin/../lib/gcc/arm-none-eabi/7.3.1/../../../../arm-none-eabi/lib/thumb/v7e-m/fpv4-sp/hard\libc_nano.a(lib_a-errno.o)
                              Core/Src/syscalls.o (__errno)
c:/st/stm32cubeide_1.3.0/stm32cubeide/plugins/com.st.stm32cube.ide.mcu.externaltools.gnu-tools-for-stm32.7-2018-q2-update.win32_1.0.0.201904181610/tools/bin/../lib/gcc/arm-none-eabi/7.3.1/../../../../arm-none-eabi/lib/thumb/v7e-m/fpv4-sp/hard\libc_nano.a(lib_a-exit.o)
                              c:/st/stm32cubeide_1.3.0/stm32cubeide/plugins/com.st.stm32cube.ide.mcu.externaltools.gnu-tools-for-stm32.7-2018-q2-update.win32_1.0.0.201904181610/tools/bin/../lib/gcc/arm-none-eabi/7.3.1/../../../../arm-none-eabi/lib/thumb/v7e-m/fpv4-sp/hard/crt0.o (exit)
c:/st/stm32cubeide_1.3.0/stm32cubeide/plugins/com.st.stm32cube.ide.mcu.externaltools.gnu-tools-for-stm32.7-2018-q2-update.win32_1.0.0.201904181610/tools/bin/../lib/gcc/arm-none-eabi/7.3.1/../../../../arm-none-eabi/lib/thumb/v7e-m/fpv4-sp/hard\libc_nano.a(lib_a-impure.o)
                              c:/st/stm32cubeide_1.3.0/stm32cubeide/plugins/com.st.stm32cube.ide.mcu.externaltools.gnu-tools-for-stm32.7-2018-q2-update.win32_1.0.0.201904181610/tools/bin/../lib/gcc/arm-none-eabi/7.3.1/../../../../arm-none-eabi/lib/thumb/v7e-m/fpv4-sp/hard\libc_nano.a(lib_a-exit.o) (_global_impure_ptr)
c:/st/stm32cubeide_1.3.0/stm32cubeide/plugins/com.st.stm32cube.ide.mcu.externaltools.gnu-tools-for-stm32.7-2018-q2-update.win32_1.0.0.201904181610/tools/bin/../lib/gcc/arm-none-eabi/7.3.1/../../../../arm-none-eabi/lib/thumb/v7e-m/fpv4-sp/hard\libc_nano.a(lib_a-init.o)
                              c:/st/stm32cubeide_1.3.0/stm32cubeide/plugins/com.st.stm32cube.ide.mcu.externaltools.gnu-tools-for-stm32.7-2018-q2-update.win32_1.0.0.201904181610/tools/bin/../lib/gcc/arm-none-eabi/7.3.1/../../../../arm-none-eabi/lib/thumb/v7e-m/fpv4-sp/hard/crt0.o (__libc_init_array)
c:/st/stm32cubeide_1.3.0/stm32cubeide/plugins/com.st.stm32cube.ide.mcu.externaltools.gnu-tools-for-stm32.7-2018-q2-update.win32_1.0.0.201904181610/tools/bin/../lib/gcc/arm-none-eabi/7.3.1/../../../../arm-none-eabi/lib/thumb/v7e-m/fpv4-sp/hard\libc_nano.a(lib_a-malloc.o)
                              Middlewares/ST/STM32_USB_Host_Library/Class/CDC/Src/usbh_cdc.o (malloc)
c:/st/stm32cubeide_1.3.0/stm32cubeide/plugins/com.st.stm32cube.ide.mcu.externaltools.gnu-tools-for-stm32.7-2018-q2-update.win32_1.0.0.201904181610/tools/bin/../lib/gcc/arm-none-eabi/7.3.1/../../../../arm-none-eabi/lib/thumb/v7e-m/fpv4-sp/hard\libc_nano.a(lib_a-memset.o)
                              c:/st/stm32cubeide_1.3.0/stm32cubeide/plugins/com.st.stm32cube.ide.mcu.externaltools.gnu-tools-for-stm32.7-2018-q2-update.win32_1.0.0.201904181610/tools/bin/../lib/gcc/arm-none-eabi/7.3.1/../../../../arm-none-eabi/lib/thumb/v7e-m/fpv4-sp/hard/crt0.o (memset)
c:/st/stm32cubeide_1.3.0/stm32cubeide/plugins/com.st.stm32cube.ide.mcu.externaltools.gnu-tools-for-stm32.7-2018-q2-update.win32_1.0.0.201904181610/tools/bin/../lib/gcc/arm-none-eabi/7.3.1/../../../../arm-none-eabi/lib/thumb/v7e-m/fpv4-sp/hard\libc_nano.a(lib_a-nano-freer.o)
                              c:/st/stm32cubeide_1.3.0/stm32cubeide/plugins/com.st.stm32cube.ide.mcu.externaltools.gnu-tools-for-stm32.7-2018-q2-update.win32_1.0.0.201904181610/tools/bin/../lib/gcc/arm-none-eabi/7.3.1/../../../../arm-none-eabi/lib/thumb/v7e-m/fpv4-sp/hard\libc_nano.a(lib_a-malloc.o) (_free_r)
c:/st/stm32cubeide_1.3.0/stm32cubeide/plugins/com.st.stm32cube.ide.mcu.externaltools.gnu-tools-for-stm32.7-2018-q2-update.win32_1.0.0.201904181610/tools/bin/../lib/gcc/arm-none-eabi/7.3.1/../../../../arm-none-eabi/lib/thumb/v7e-m/fpv4-sp/hard\libc_nano.a(lib_a-nano-mallocr.o)
                              c:/st/stm32cubeide_1.3.0/stm32cubeide/plugins/com.st.stm32cube.ide.mcu.externaltools.gnu-tools-for-stm32.7-2018-q2-update.win32_1.0.0.201904181610/tools/bin/../lib/gcc/arm-none-eabi/7.3.1/../../../../arm-none-eabi/lib/thumb/v7e-m/fpv4-sp/hard\libc_nano.a(lib_a-malloc.o) (_malloc_r)
c:/st/stm32cubeide_1.3.0/stm32cubeide/plugins/com.st.stm32cube.ide.mcu.externaltools.gnu-tools-for-stm32.7-2018-q2-update.win32_1.0.0.201904181610/tools/bin/../lib/gcc/arm-none-eabi/7.3.1/../../../../arm-none-eabi/lib/thumb/v7e-m/fpv4-sp/hard\libc_nano.a(lib_a-sbrkr.o)
                              c:/st/stm32cubeide_1.3.0/stm32cubeide/plugins/com.st.stm32cube.ide.mcu.externaltools.gnu-tools-for-stm32.7-2018-q2-update.win32_1.0.0.201904181610/tools/bin/../lib/gcc/arm-none-eabi/7.3.1/../../../../arm-none-eabi/lib/thumb/v7e-m/fpv4-sp/hard\libc_nano.a(lib_a-nano-mallocr.o) (_sbrk_r)
[...]
Memory Configuration

Name             Origin             Length             Attributes
CCMRAM           0x0000000010000000 0x0000000000010000 xrw
RAM              0x0000000020000000 0x0000000000020000 xrw
FLASH            0x0000000008000000 0x0000000000100000 xr
*default*        0x0000000000000000 0xffffffffffffffff

Linker script and memory map

LOAD c:/st/stm32cubeide_1.3.0/stm32cubeide/plugins/com.st.stm32cube.ide.mcu.externaltools.gnu-tools-for-stm32.7-2018-q2-update.win32_1.0.0.201904181610/tools/bin/../lib/gcc/arm-none-eabi/7.3.1/thumb/v7e-m/fpv4-sp/hard/crti.o
LOAD c:/st/stm32cubeide_1.3.0/stm32cubeide/plugins/com.st.stm32cube.ide.mcu.externaltools.gnu-tools-for-stm32.7-2018-q2-update.win32_1.0.0.201904181610/tools/bin/../lib/gcc/arm-none-eabi/7.3.1/thumb/v7e-m/fpv4-sp/hard/crtbegin.o
LOAD c:/st/stm32cubeide_1.3.0/stm32cubeide/plugins/com.st.stm32cube.ide.mcu.externaltools.gnu-tools-for-stm32.7-2018-q2-update.win32_1.0.0.201904181610/tools/bin/../lib/gcc/arm-none-eabi/7.3.1/../../../../arm-none-eabi/lib/thumb/v7e-m/fpv4-sp/hard/crt0.o
LOAD Core/Src/application.o
LOAD Core/Src/main.o
LOAD Core/Src/stm32f4xx_hal_msp.o
LOAD Core/Src/stm32f4xx_it.o
LOAD Core/Src/syscalls.o
LOAD Core/Src/sysmem.o
LOAD Core/Src/system_stm32f4xx.o
LOAD Core/Startup/startup_stm32f407vgtx.o
LOAD Drivers/STM32F4xx_HAL_Driver/Src/stm32f4xx_hal.o
LOAD Drivers/STM32F4xx_HAL_Driver/Src/stm32f4xx_hal_adc.o
LOAD Drivers/STM32F4xx_HAL_Driver/Src/stm32f4xx_hal_adc_ex.o
LOAD Drivers/STM32F4xx_HAL_Driver/Src/stm32f4xx_hal_cortex.o
LOAD Drivers/STM32F4xx_HAL_Driver/Src/stm32f4xx_hal_dma.o
LOAD Drivers/STM32F4xx_HAL_Driver/Src/stm32f4xx_hal_dma_ex.o
LOAD Drivers/STM32F4xx_HAL_Driver/Src/stm32f4xx_hal_exti.o
LOAD Drivers/STM32F4xx_HAL_Driver/Src/stm32f4xx_hal_flash.o
LOAD Drivers/STM32F4xx_HAL_Driver/Src/stm32f4xx_hal_flash_ex.o
LOAD Drivers/STM32F4xx_HAL_Driver/Src/stm32f4xx_hal_flash_ramfunc.o
LOAD Drivers/STM32F4xx_HAL_Driver/Src/stm32f4xx_hal_gpio.o
LOAD Drivers/STM32F4xx_HAL_Driver/Src/stm32f4xx_hal_hcd.o
LOAD Drivers/STM32F4xx_HAL_Driver/Src/stm32f4xx_hal_i2c.o
LOAD Drivers/STM32F4xx_HAL_Driver/Src/stm32f4xx_hal_i2c_ex.o
LOAD Drivers/STM32F4xx_HAL_Driver/Src/stm32f4xx_hal_i2s.o
LOAD Drivers/STM32F4xx_HAL_Driver/Src/stm32f4xx_hal_i2s_ex.o
LOAD Drivers/STM32F4xx_HAL_Driver/Src/stm32f4xx_hal_pwr.o
LOAD Drivers/STM32F4xx_HAL_Driver/Src/stm32f4xx_hal_pwr_ex.o
LOAD Drivers/STM32F4xx_HAL_Driver/Src/stm32f4xx_hal_rcc.o
LOAD Drivers/STM32F4xx_HAL_Driver/Src/stm32f4xx_hal_rcc_ex.o
LOAD Drivers/STM32F4xx_HAL_Driver/Src/stm32f4xx_hal_spi.o
LOAD Drivers/STM32F4xx_HAL_Driver/Src/stm32f4xx_hal_tim.o
LOAD Drivers/STM32F4xx_HAL_Driver/Src/stm32f4xx_hal_tim_ex.o
LOAD Drivers/STM32F4xx_HAL_Driver/Src/stm32f4xx_hal_uart.o
LOAD Drivers/STM32F4xx_HAL_Driver/Src/stm32f4xx_ll_usb.o
LOAD Middlewares/ST/STM32_USB_Host_Library/Class/CDC/Src/usbh_cdc.o
LOAD Middlewares/ST/STM32_USB_Host_Library/Core/Src/usbh_core.o
LOAD Middlewares/ST/STM32_USB_Host_Library/Core/Src/usbh_ctlreq.o
LOAD Middlewares/ST/STM32_USB_Host_Library/Core/Src/usbh_ioreq.o
LOAD Middlewares/ST/STM32_USB_Host_Library/Core/Src/usbh_pipes.o
LOAD USB_HOST/App/usb_host.o
LOAD USB_HOST/Target/usbh_conf.o
LOAD USB_HOST/Target/usbh_platform.o
START GROUP
LOAD c:/st/stm32cubeide_1.3.0/stm32cubeide/plugins/com.st.stm32cube.ide.mcu.externaltools.gnu-tools-for-stm32.7-2018-q2-update.win32_1.0.0.201904181610/tools/bin/../lib/gcc/arm-none-eabi/7.3.1/../../../../arm-none-eabi/lib/thumb/v7e-m/fpv4-sp/hard\libc_nano.a
LOAD c:/st/stm32cubeide_1.3.0/stm32cubeide/plugins/com.st.stm32cube.ide.mcu.externaltools.gnu-tools-for-stm32.7-2018-q2-update.win32_1.0.0.201904181610/tools/bin/../lib/gcc/arm-none-eabi/7.3.1/../../../../arm-none-eabi/lib/thumb/v7e-m/fpv4-sp/hard\libm.a
END GROUP
START GROUP
LOAD c:/st/stm32cubeide_1.3.0/stm32cubeide/plugins/com.st.stm32cube.ide.mcu.externaltools.gnu-tools-for-stm32.7-2018-q2-update.win32_1.0.0.201904181610/tools/bin/../lib/gcc/arm-none-eabi/7.3.1/thumb/v7e-m/fpv4-sp/hard\libgcc.a
LOAD c:/st/stm32cubeide_1.3.0/stm32cubeide/plugins/com.st.stm32cube.ide.mcu.externaltools.gnu-tools-for-stm32.7-2018-q2-update.win32_1.0.0.201904181610/tools/bin/../lib/gcc/arm-none-eabi/7.3.1/../../../../arm-none-eabi/lib/thumb/v7e-m/fpv4-sp/hard\libc_nano.a
END GROUP
START GROUP
LOAD c:/st/stm32cubeide_1.3.0/stm32cubeide/plugins/com.st.stm32cube.ide.mcu.externaltools.gnu-tools-for-stm32.7-2018-q2-update.win32_1.0.0.201904181610/tools/bin/../lib/gcc/arm-none-eabi/7.3.1/thumb/v7e-m/fpv4-sp/hard\libgcc.a
LOAD c:/st/stm32cubeide_1.3.0/stm32cubeide/plugins/com.st.stm32cube.ide.mcu.externaltools.gnu-tools-for-stm32.7-2018-q2-update.win32_1.0.0.201904181610/tools/bin/../lib/gcc/arm-none-eabi/7.3.1/../../../../arm-none-eabi/lib/thumb/v7e-m/fpv4-sp/hard\libc_nano.a
LOAD c:/st/stm32cubeide_1.3.0/stm32cubeide/plugins/com.st.stm32cube.ide.mcu.externaltools.gnu-tools-for-stm32.7-2018-q2-update.win32_1.0.0.201904181610/tools/bin/../lib/gcc/arm-none-eabi/7.3.1/../../../../arm-none-eabi/lib/thumb/v7e-m/fpv4-sp/hard\libnosys.a
END GROUP
START GROUP
LOAD c:/st/stm32cubeide_1.3.0/stm32cubeide/plugins/com.st.stm32cube.ide.mcu.externaltools.gnu-tools-for-stm32.7-2018-q2-update.win32_1.0.0.201904181610/tools/bin/../lib/gcc/arm-none-eabi/7.3.1/thumb/v7e-m/fpv4-sp/hard\libgcc.a
LOAD c:/st/stm32cubeide_1.3.0/stm32cubeide/plugins/com.st.stm32cube.ide.mcu.externaltools.gnu-tools-for-stm32.7-2018-q2-update.win32_1.0.0.201904181610/tools/bin/../lib/gcc/arm-none-eabi/7.3.1/../../../../arm-none-eabi/lib/thumb/v7e-m/fpv4-sp/hard\libc_nano.a
LOAD c:/st/stm32cubeide_1.3.0/stm32cubeide/plugins/com.st.stm32cube.ide.mcu.externaltools.gnu-tools-for-stm32.7-2018-q2-update.win32_1.0.0.201904181610/tools/bin/../lib/gcc/arm-none-eabi/7.3.1/../../../../arm-none-eabi/lib/thumb/v7e-m/fpv4-sp/hard\libnosys.a
END GROUP
LOAD c:/st/stm32cubeide_1.3.0/stm32cubeide/plugins/com.st.stm32cube.ide.mcu.externaltools.gnu-tools-for-stm32.7-2018-q2-update.win32_1.0.0.201904181610/tools/bin/../lib/gcc/arm-none-eabi/7.3.1/thumb/v7e-m/fpv4-sp/hard/crtend.o
LOAD c:/st/stm32cubeide_1.3.0/stm32cubeide/plugins/com.st.stm32cube.ide.mcu.externaltools.gnu-tools-for-stm32.7-2018-q2-update.win32_1.0.0.201904181610/tools/bin/../lib/gcc/arm-none-eabi/7.3.1/thumb/v7e-m/fpv4-sp/hard/crtn.o
                0x0000000020020000                _estack = (ORIGIN (RAM) + LENGTH (RAM))
                0x0000000000000200                _Min_Heap_Size = 0x200
                0x0000000000000400                _Min_Stack_Size = 0x400

.isr_vector     0x0000000008000000      0x188
                0x0000000008000000                . = ALIGN (0x4)
 *(.isr_vector)
 .isr_vector    0x0000000008000000      0x188 Core/Startup/startup_stm32f407vgtx.o
                0x0000000008000000                g_pfnVectors
                0x0000000008000188                . = ALIGN (0x4)

.text           0x0000000008000188     0x9868
                0x0000000008000188                . = ALIGN (0x4)
 *(.text)
 .text          0x0000000008000188       0x40 c:/st/stm32cubeide_1.3.0/stm32cubeide/plugins/com.st.stm32cube.ide.mcu.externaltools.gnu-tools-for-stm32.7-2018-q2-update.win32_1.0.0.201904181610/tools/bin/../lib/gcc/arm-none-eabi/7.3.1/thumb/v7e-m/fpv4-sp/hard/crtbegin.o
 .text          0x00000000080001c8       0x30 c:/st/stm32cubeide_1.3.0/stm32cubeide/plugins/com.st.stm32cube.ide.mcu.externaltools.gnu-tools-for-stm32.7-2018-q2-update.win32_1.0.0.201904181610/tools/bin/../lib/gcc/arm-none-eabi/7.3.1/thumb/v7e-m/fpv4-sp/hard\libgcc.a(_aeabi_uldivmod.o)
                0x00000000080001c8                __aeabi_uldivmod
 .text          0x00000000080001f8      0x2cc c:/st/stm32cubeide_1.3.0/stm32cubeide/plugins/com.st.stm32cube.ide.mcu.externaltools.gnu-tools-for-stm32.7-2018-q2-update.win32_1.0.0.201904181610/tools/bin/../lib/gcc/arm-none-eabi/7.3.1/thumb/v7e-m/fpv4-sp/hard\libgcc.a(_udivmoddi4.o)
                0x00000000080001f8                __udivmoddi4
 .text          0x00000000080004c4        0x4 c:/st/stm32cubeide_1.3.0/stm32cubeide/plugins/com.st.stm32cube.ide.mcu.externaltools.gnu-tools-for-stm32.7-2018-q2-update.win32_1.0.0.201904181610/tools/bin/../lib/gcc/arm-none-eabi/7.3.1/thumb/v7e-m/fpv4-sp/hard\libgcc.a(_dvmd_tls.o)
                0x00000000080004c4                __aeabi_idiv0
                0x00000000080004c4                __aeabi_ldiv0
 *(.text*)
 .text.application_init
                0x00000000080004c8       0xec Core/Src/application.o
                0x00000000080004c8                application_init
 .text.application_loop
                0x00000000080005b4       0x20 Core/Src/application.o
                0x00000000080005b4                application_loop
 .text.application_DMA_IRQ_Callback
                0x00000000080005d4       0x48 Core/Src/application.o
                0x00000000080005d4                application_DMA_IRQ_Callback
 .text.ADC_process
                0x000000000800061c       0xa4 Core/Src/application.o
                0x000000000800061c                ADC_process
 .text.trigger  0x00000000080006c0       0x60 Core/Src/application.o
                0x00000000080006c0                trigger
 .text.main     0x0000000008000720       0x3a Core/Src/main.o
                0x0000000008000720                main
 *fill*         0x000000000800075a        0x2 
 .text.SystemClock_Config
                0x000000000800075c      0x104 Core/Src/main.o
                0x000000000800075c                SystemClock_Config
 .text.MX_ADC1_Init
                0x0000000008000860      0x184 Core/Src/main.o
 .text.MX_I2C1_Init
                0x00000000080009e4       0x5c Core/Src/main.o
 .text.MX_I2S3_Init
                0x0000000008000a40       0x60 Core/Src/main.o
 .text.MX_SPI1_Init
                0x0000000008000aa0       0x6c Core/Src/main.o
 .text.MX_USART3_UART_Init
                0x0000000008000b0c       0x54 Core/Src/main.o
 .text.MX_DMA_Init
                0x0000000008000b60       0x6c Core/Src/main.o
 .text.MX_GPIO_Init
                0x0000000008000bcc      0x1fc Core/Src/main.o
 .text.Error_Handler
                0x0000000008000dc8        0xe Core/Src/main.o
                0x0000000008000dc8                Error_Handler
 *fill*         0x0000000008000dd6        0x2 
 .text.HAL_MspInit
                0x0000000008000dd8       0x50 Core/Src/stm32f4xx_hal_msp.o
                0x0000000008000dd8                HAL_MspInit
 .text.HAL_ADC_MspInit
                0x0000000008000e28      0x160 Core/Src/stm32f4xx_hal_msp.o
                0x0000000008000e28                HAL_ADC_MspInit
 .text.HAL_I2C_MspInit
                0x0000000008000f88       0x90 Core/Src/stm32f4xx_hal_msp.o
                0x0000000008000f88                HAL_I2C_MspInit
 .text.HAL_I2S_MspInit
                0x0000000008001018       0xd0 Core/Src/stm32f4xx_hal_msp.o
                0x0000000008001018                HAL_I2S_MspInit
 .text.HAL_SPI_MspInit
                0x00000000080010e8       0x90 Core/Src/stm32f4xx_hal_msp.o
                0x00000000080010e8                HAL_SPI_MspInit
 .text.HAL_UART_MspInit
                0x0000000008001178      0x138 Core/Src/stm32f4xx_hal_msp.o
                0x0000000008001178                HAL_UART_MspInit
 .text.NMI_Handler
                0x00000000080012b0        0xe Core/Src/stm32f4xx_it.o
                0x00000000080012b0                NMI_Handler
 .text.HardFault_Handler
                0x00000000080012be        0x6 Core/Src/stm32f4xx_it.o
                0x00000000080012be                HardFault_Handler
 .text.MemManage_Handler
                0x00000000080012c4        0x6 Core/Src/stm32f4xx_it.o
                0x00000000080012c4                MemManage_Handler
 .text.BusFault_Handler
                0x00000000080012ca        0x6 Core/Src/stm32f4xx_it.o
                0x00000000080012ca                BusFault_Handler
 .text.UsageFault_Handler
                0x00000000080012d0        0x6 Core/Src/stm32f4xx_it.o
                0x00000000080012d0                UsageFault_Handler
 .text.SVC_Handler
                0x00000000080012d6        0xe Core/Src/stm32f4xx_it.o
                0x00000000080012d6                SVC_Handler
 .text.DebugMon_Handler
                0x00000000080012e4        0xe Core/Src/stm32f4xx_it.o
                0x00000000080012e4                DebugMon_Handler
 .text.PendSV_Handler
                0x00000000080012f2        0xe Core/Src/stm32f4xx_it.o
                0x00000000080012f2                PendSV_Handler
 .text.SysTick_Handler
                0x0000000008001300        0xc Core/Src/stm32f4xx_it.o
                0x0000000008001300                SysTick_Handler
 .text.DMA1_Stream3_IRQHandler
                0x000000000800130c       0x14 Core/Src/stm32f4xx_it.o
                0x000000000800130c                DMA1_Stream3_IRQHandler
 .text.DMA2_Stream0_IRQHandler
                0x0000000008001320       0x18 Core/Src/stm32f4xx_it.o
                0x0000000008001320                DMA2_Stream0_IRQHandler
 .text.OTG_FS_IRQHandler
                0x0000000008001338       0x14 Core/Src/stm32f4xx_it.o
                0x0000000008001338                OTG_FS_IRQHandler
 .text._sbrk    0x000000000800134c       0x58 Core/Src/sysmem.o
                0x000000000800134c                _sbrk
 .text.SystemInit
                0x00000000080013a4       0x2c Core/Src/system_stm32f4xx.o
                0x00000000080013a4                SystemInit
 .text.Reset_Handler
                0x00000000080013d0       0x50 Core/Startup/startup_stm32f407vgtx.o
                0x00000000080013d0                Reset_Handler
 .text.Default_Handler
                0x0000000008001420        0x2 Core/Startup/startup_stm32f407vgtx.o
                0x0000000008001420                RTC_Alarm_IRQHandler
                0x0000000008001420                HASH_RNG_IRQHandler
                0x0000000008001420                EXTI2_IRQHandler
                0x0000000008001420                TIM8_CC_IRQHandler
                0x0000000008001420                TIM1_CC_IRQHandler
                0x0000000008001420                DMA2_Stream5_IRQHandler
                0x0000000008001420                DMA1_Stream5_IRQHandler
                0x0000000008001420                PVD_IRQHandler
                0x0000000008001420                SDIO_IRQHandler
                0x0000000008001420                TAMP_STAMP_IRQHandler
                0x0000000008001420                CAN2_RX1_IRQHandler
                0x0000000008001420                EXTI3_IRQHandler
                0x0000000008001420                TIM8_TRG_COM_TIM14_IRQHandler
                0x0000000008001420                TIM1_UP_TIM10_IRQHandler
                0x0000000008001420                TIM8_UP_TIM13_IRQHandler
                0x0000000008001420                I2C3_ER_IRQHandler
                0x0000000008001420                EXTI0_IRQHandler
                0x0000000008001420                I2C2_EV_IRQHandler
                0x0000000008001420                DMA1_Stream2_IRQHandler
                0x0000000008001420                CAN1_RX0_IRQHandler
                0x0000000008001420                FPU_IRQHandler
                0x0000000008001420                OTG_HS_WKUP_IRQHandler
                0x0000000008001420                CAN2_SCE_IRQHandler
                0x0000000008001420                DMA2_Stream2_IRQHandler
                0x0000000008001420                SPI1_IRQHandler
                0x0000000008001420                TIM6_DAC_IRQHandler
                0x0000000008001420                TIM1_BRK_TIM9_IRQHandler
                0x0000000008001420                DCMI_IRQHandler
                0x0000000008001420                CAN2_RX0_IRQHandler
                0x0000000008001420                DMA2_Stream3_IRQHandler
                0x0000000008001420                USART6_IRQHandler
                0x0000000008001420                USART3_IRQHandler
                0x0000000008001420                CAN1_RX1_IRQHandler
                0x0000000008001420                UART5_IRQHandler
                0x0000000008001420                TIM4_IRQHandler
                0x0000000008001420                I2C1_EV_IRQHandler
                0x0000000008001420                DMA1_Stream6_IRQHandler
                0x0000000008001420                DMA1_Stream1_IRQHandler
                0x0000000008001420                UART4_IRQHandler
                0x0000000008001420                TIM3_IRQHandler
                0x0000000008001420                RCC_IRQHandler
                0x0000000008001420                TIM8_BRK_TIM12_IRQHandler
                0x0000000008001420                Default_Handler
                0x0000000008001420                EXTI15_10_IRQHandler
                0x0000000008001420                ADC_IRQHandler
                0x0000000008001420                DMA1_Stream7_IRQHandler
                0x0000000008001420                TIM7_IRQHandler
                0x0000000008001420                CAN2_TX_IRQHandler
                0x0000000008001420                TIM5_IRQHandler
                0x0000000008001420                DMA2_Stream7_IRQHandler
                0x0000000008001420                I2C3_EV_IRQHandler
                0x0000000008001420                EXTI9_5_IRQHandler
                0x0000000008001420                RTC_WKUP_IRQHandler
                0x0000000008001420                ETH_WKUP_IRQHandler
                0x0000000008001420                SPI2_IRQHandler
                0x0000000008001420                OTG_HS_EP1_IN_IRQHandler
                0x0000000008001420                DMA1_Stream0_IRQHandler
                0x0000000008001420                CAN1_TX_IRQHandler
                0x0000000008001420                EXTI4_IRQHandler
                0x0000000008001420                FSMC_IRQHandler
                0x0000000008001420                ETH_IRQHandler
                0x0000000008001420                OTG_HS_EP1_OUT_IRQHandler
                0x0000000008001420                WWDG_IRQHandler
                0x0000000008001420                TIM2_IRQHandler
                0x0000000008001420                OTG_FS_WKUP_IRQHandler
                0x0000000008001420                TIM1_TRG_COM_TIM11_IRQHandler
                0x0000000008001420                OTG_HS_IRQHandler
                0x0000000008001420                EXTI1_IRQHandler
                0x0000000008001420                USART2_IRQHandler
                0x0000000008001420                I2C2_ER_IRQHandler
                0x0000000008001420                DMA2_Stream1_IRQHandler
                0x0000000008001420                CAN1_SCE_IRQHandler
                0x0000000008001420                FLASH_IRQHandler
                0x0000000008001420                DMA2_Stream4_IRQHandler
                0x0000000008001420                USART1_IRQHandler
                0x0000000008001420                SPI3_IRQHandler
                0x0000000008001420                DMA1_Stream4_IRQHandler
                0x0000000008001420                I2C1_ER_IRQHandler
                0x0000000008001420                DMA2_Stream6_IRQHandler
 *fill*         0x0000000008001422        0x2 
 .text.HAL_Init
                0x0000000008001424       0x44 Drivers/STM32F4xx_HAL_Driver/Src/stm32f4xx_hal.o
                0x0000000008001424                HAL_Init
 .text.HAL_InitTick
                0x0000000008001468       0x60 Drivers/STM32F4xx_HAL_Driver/Src/stm32f4xx_hal.o
                0x0000000008001468                HAL_InitTick
 .text.HAL_IncTick
                0x00000000080014c8       0x28 Drivers/STM32F4xx_HAL_Driver/Src/stm32f4xx_hal.o
                0x00000000080014c8                HAL_IncTick
 .text.HAL_GetTick
                0x00000000080014f0       0x18 Drivers/STM32F4xx_HAL_Driver/Src/stm32f4xx_hal.o
                0x00000000080014f0                HAL_GetTick
 .text.HAL_Delay
                0x0000000008001508       0x44 Drivers/STM32F4xx_HAL_Driver/Src/stm32f4xx_hal.o
                0x0000000008001508                HAL_Delay
 .text.HAL_ADC_Init
                0x000000000800154c       0x86 Drivers/STM32F4xx_HAL_Driver/Src/stm32f4xx_hal_adc.o
                0x000000000800154c                HAL_ADC_Init
 *fill*         0x00000000080015d2        0x2 
 .text.HAL_ADC_Start_DMA
                0x00000000080015d4      0x1e4 Drivers/STM32F4xx_HAL_Driver/Src/stm32f4xx_hal_adc.o
                0x00000000080015d4                HAL_ADC_Start_DMA
 .text.HAL_ADC_ConvCpltCallback
                0x00000000080017b8       0x14 Drivers/STM32F4xx_HAL_Driver/Src/stm32f4xx_hal_adc.o
                0x00000000080017b8                HAL_ADC_ConvCpltCallback
 .text.HAL_ADC_ConvHalfCpltCallback
                0x00000000080017cc       0x14 Drivers/STM32F4xx_HAL_Driver/Src/stm32f4xx_hal_adc.o
                0x00000000080017cc                HAL_ADC_ConvHalfCpltCallback
 .text.HAL_ADC_ErrorCallback
                0x00000000080017e0       0x14 Drivers/STM32F4xx_HAL_Driver/Src/stm32f4xx_hal_adc.o
                0x00000000080017e0                HAL_ADC_ErrorCallback
 .text.HAL_ADC_ConfigChannel
                0x00000000080017f4      0x244 Drivers/STM32F4xx_HAL_Driver/Src/stm32f4xx_hal_adc.o
                0x00000000080017f4                HAL_ADC_ConfigChannel
 .text.ADC_Init
                0x0000000008001a38      0x1f8 Drivers/STM32F4xx_HAL_Driver/Src/stm32f4xx_hal_adc.o
 .text.ADC_DMAConvCplt
                0x0000000008001c30       0xba Drivers/STM32F4xx_HAL_Driver/Src/stm32f4xx_hal_adc.o
 .text.ADC_DMAHalfConvCplt
                0x0000000008001cea       0x1c Drivers/STM32F4xx_HAL_Driver/Src/stm32f4xx_hal_adc.o
 .text.ADC_DMAError
                0x0000000008001d06       0x2e Drivers/STM32F4xx_HAL_Driver/Src/stm32f4xx_hal_adc.o
 .text.__NVIC_SetPriorityGrouping
                0x0000000008001d34       0x48 Drivers/STM32F4xx_HAL_Driver/Src/stm32f4xx_hal_cortex.o
 .text.__NVIC_GetPriorityGrouping
                0x0000000008001d7c       0x1c Drivers/STM32F4xx_HAL_Driver/Src/stm32f4xx_hal_cortex.o
 .text.__NVIC_EnableIRQ
                0x0000000008001d98       0x3c Drivers/STM32F4xx_HAL_Driver/Src/stm32f4xx_hal_cortex.o
 .text.__NVIC_SetPriority
                0x0000000008001dd4       0x54 Drivers/STM32F4xx_HAL_Driver/Src/stm32f4xx_hal_cortex.o
 .text.NVIC_EncodePriority
                0x0000000008001e28       0x66 Drivers/STM32F4xx_HAL_Driver/Src/stm32f4xx_hal_cortex.o
 *fill*         0x0000000008001e8e        0x2 
 .text.SysTick_Config
                0x0000000008001e90       0x44 Drivers/STM32F4xx_HAL_Driver/Src/stm32f4xx_hal_cortex.o
 .text.HAL_NVIC_SetPriorityGrouping
                0x0000000008001ed4       0x16 Drivers/STM32F4xx_HAL_Driver/Src/stm32f4xx_hal_cortex.o
                0x0000000008001ed4                HAL_NVIC_SetPriorityGrouping
 .text.HAL_NVIC_SetPriority
                0x0000000008001eea       0x38 Drivers/STM32F4xx_HAL_Driver/Src/stm32f4xx_hal_cortex.o
                0x0000000008001eea                HAL_NVIC_SetPriority
 .text.HAL_NVIC_EnableIRQ
                0x0000000008001f22       0x1c Drivers/STM32F4xx_HAL_Driver/Src/stm32f4xx_hal_cortex.o
                0x0000000008001f22                HAL_NVIC_EnableIRQ
 .text.HAL_SYSTICK_Config
                0x0000000008001f3e       0x18 Drivers/STM32F4xx_HAL_Driver/Src/stm32f4xx_hal_cortex.o
                0x0000000008001f3e                HAL_SYSTICK_Config
 *fill*         0x0000000008001f56        0x2 
 .text.HAL_DMA_Init
                0x0000000008001f58      0x15c Drivers/STM32F4xx_HAL_Driver/Src/stm32f4xx_hal_dma.o
                0x0000000008001f58                HAL_DMA_Init
 .text.HAL_DMA_Start_IT
                0x00000000080020b4       0xb0 Drivers/STM32F4xx_HAL_Driver/Src/stm32f4xx_hal_dma.o
                0x00000000080020b4                HAL_DMA_Start_IT
 .text.HAL_DMA_IRQHandler
                0x0000000008002164      0x314 Drivers/STM32F4xx_HAL_Driver/Src/stm32f4xx_hal_dma.o
                0x0000000008002164                HAL_DMA_IRQHandler
 .text.DMA_SetConfig
                0x0000000008002478       0x5c Drivers/STM32F4xx_HAL_Driver/Src/stm32f4xx_hal_dma.o
 .text.DMA_CalcBaseAndBitshift
                0x00000000080024d4       0x6c Drivers/STM32F4xx_HAL_Driver/Src/stm32f4xx_hal_dma.o
 .text.DMA_CheckFifoParam
                0x0000000008002540       0xf4 Drivers/STM32F4xx_HAL_Driver/Src/stm32f4xx_hal_dma.o
 .text.HAL_GPIO_Init
                0x0000000008002634      0x334 Drivers/STM32F4xx_HAL_Driver/Src/stm32f4xx_hal_gpio.o
                0x0000000008002634                HAL_GPIO_Init
 .text.HAL_GPIO_WritePin
                0x0000000008002968       0x32 Drivers/STM32F4xx_HAL_Driver/Src/stm32f4xx_hal_gpio.o
                0x0000000008002968                HAL_GPIO_WritePin
 .text.HAL_HCD_Init
                0x000000000800299a       0xc4 Drivers/STM32F4xx_HAL_Driver/Src/stm32f4xx_hal_hcd.o
                0x000000000800299a                HAL_HCD_Init
 .text.HAL_HCD_HC_Init
                0x0000000008002a5e      0x130 Drivers/STM32F4xx_HAL_Driver/Src/stm32f4xx_hal_hcd.o
                0x0000000008002a5e                HAL_HCD_HC_Init
 .text.HAL_HCD_HC_Halt
                0x0000000008002b8e       0x46 Drivers/STM32F4xx_HAL_Driver/Src/stm32f4xx_hal_hcd.o
                0x0000000008002b8e                HAL_HCD_HC_Halt
 .text.HAL_HCD_HC_SubmitRequest
                0x0000000008002bd4      0x2e4 Drivers/STM32F4xx_HAL_Driver/Src/stm32f4xx_hal_hcd.o
                0x0000000008002bd4                HAL_HCD_HC_SubmitRequest
 .text.HAL_HCD_IRQHandler
                0x0000000008002eb8      0x208 Drivers/STM32F4xx_HAL_Driver/Src/stm32f4xx_hal_hcd.o
                0x0000000008002eb8                HAL_HCD_IRQHandler
 .text.HAL_HCD_Start
                0x00000000080030c0       0x46 Drivers/STM32F4xx_HAL_Driver/Src/stm32f4xx_hal_hcd.o
                0x00000000080030c0                HAL_HCD_Start
 .text.HAL_HCD_Stop
                0x0000000008003106       0x3a Drivers/STM32F4xx_HAL_Driver/Src/stm32f4xx_hal_hcd.o
                0x0000000008003106                HAL_HCD_Stop
 .text.HAL_HCD_ResetPort
                0x0000000008003140       0x1c Drivers/STM32F4xx_HAL_Driver/Src/stm32f4xx_hal_hcd.o
                0x0000000008003140                HAL_HCD_ResetPort
 .text.HAL_HCD_HC_GetURBState
                0x000000000800315c       0x2a Drivers/STM32F4xx_HAL_Driver/Src/stm32f4xx_hal_hcd.o
                0x000000000800315c                HAL_HCD_HC_GetURBState
 .text.HAL_HCD_HC_GetXferCount
                0x0000000008003186       0x2a Drivers/STM32F4xx_HAL_Driver/Src/stm32f4xx_hal_hcd.o
                0x0000000008003186                HAL_HCD_HC_GetXferCount
 .text.HAL_HCD_GetCurrentFrame
                0x00000000080031b0       0x1c Drivers/STM32F4xx_HAL_Driver/Src/stm32f4xx_hal_hcd.o
                0x00000000080031b0                HAL_HCD_GetCurrentFrame
 .text.HAL_HCD_GetCurrentSpeed
                0x00000000080031cc       0x1c Drivers/STM32F4xx_HAL_Driver/Src/stm32f4xx_hal_hcd.o
                0x00000000080031cc                HAL_HCD_GetCurrentSpeed
 .text.HCD_HC_IN_IRQHandler
                0x00000000080031e8      0x86a Drivers/STM32F4xx_HAL_Driver/Src/stm32f4xx_hal_hcd.o
 .text.HCD_HC_OUT_IRQHandler
                0x0000000008003a52      0x6ea Drivers/STM32F4xx_HAL_Driver/Src/stm32f4xx_hal_hcd.o
 .text.HCD_RXQLVL_IRQHandler
                0x000000000800413c      0x158 Drivers/STM32F4xx_HAL_Driver/Src/stm32f4xx_hal_hcd.o
 .text.HCD_Port_IRQHandler
                0x0000000008004294       0xe6 Drivers/STM32F4xx_HAL_Driver/Src/stm32f4xx_hal_hcd.o
 *fill*         0x000000000800437a        0x2 
 .text.HAL_I2C_Init
                0x000000000800437c      0x270 Drivers/STM32F4xx_HAL_Driver/Src/stm32f4xx_hal_i2c.o
                0x000000000800437c                HAL_I2C_Init
 .text.HAL_I2S_Init
                0x00000000080045ec      0x280 Drivers/STM32F4xx_HAL_Driver/Src/stm32f4xx_hal_i2s.o
                0x00000000080045ec                HAL_I2S_Init
 .text.HAL_I2S_TxCpltCallback
                0x000000000800486c       0x14 Drivers/STM32F4xx_HAL_Driver/Src/stm32f4xx_hal_i2s.o
                0x000000000800486c                HAL_I2S_TxCpltCallback
 .text.HAL_I2S_RxCpltCallback
                0x0000000008004880       0x14 Drivers/STM32F4xx_HAL_Driver/Src/stm32f4xx_hal_i2s.o
                0x0000000008004880                HAL_I2S_RxCpltCallback
 .text.HAL_I2S_ErrorCallback
                0x0000000008004894       0x14 Drivers/STM32F4xx_HAL_Driver/Src/stm32f4xx_hal_i2s.o
                0x0000000008004894                HAL_I2S_ErrorCallback
 .text.I2S_Transmit_IT
                0x00000000080048a8       0x5c Drivers/STM32F4xx_HAL_Driver/Src/stm32f4xx_hal_i2s.o
 .text.I2S_Receive_IT
                0x0000000008004904       0x5e Drivers/STM32F4xx_HAL_Driver/Src/stm32f4xx_hal_i2s.o
 .text.I2S_IRQHandler
                0x0000000008004962      0x114 Drivers/STM32F4xx_HAL_Driver/Src/stm32f4xx_hal_i2s.o
 *fill*         0x0000000008004a76        0x2 
 .text.HAL_I2SEx_FullDuplex_IRQHandler
                0x0000000008004a78      0x2a8 Drivers/STM32F4xx_HAL_Driver/Src/stm32f4xx_hal_i2s_ex.o
                0x0000000008004a78                HAL_I2SEx_FullDuplex_IRQHandler
 .text.HAL_I2SEx_TxRxCpltCallback
                0x0000000008004d20       0x14 Drivers/STM32F4xx_HAL_Driver/Src/stm32f4xx_hal_i2s_ex.o
                0x0000000008004d20                HAL_I2SEx_TxRxCpltCallback
 .text.I2SEx_TxISR_I2S
                0x0000000008004d34       0x62 Drivers/STM32F4xx_HAL_Driver/Src/stm32f4xx_hal_i2s_ex.o
 *fill*         0x0000000008004d96        0x2 
 .text.I2SEx_TxISR_I2SExt
                0x0000000008004d98       0x98 Drivers/STM32F4xx_HAL_Driver/Src/stm32f4xx_hal_i2s_ex.o
 .text.I2SEx_RxISR_I2S
                0x0000000008004e30       0x64 Drivers/STM32F4xx_HAL_Driver/Src/stm32f4xx_hal_i2s_ex.o
 .text.I2SEx_RxISR_I2SExt
                0x0000000008004e94       0x98 Drivers/STM32F4xx_HAL_Driver/Src/stm32f4xx_hal_i2s_ex.o
 .text.HAL_RCC_OscConfig
                0x0000000008004f2c      0x4e0 Drivers/STM32F4xx_HAL_Driver/Src/stm32f4xx_hal_rcc.o
                0x0000000008004f2c                HAL_RCC_OscConfig
 .text.HAL_RCC_ClockConfig
                0x000000000800540c      0x1cc Drivers/STM32F4xx_HAL_Driver/Src/stm32f4xx_hal_rcc.o
                0x000000000800540c                HAL_RCC_ClockConfig
 .text.HAL_RCC_GetSysClockFreq
                0x00000000080055d8      0x1b0 Drivers/STM32F4xx_HAL_Driver/Src/stm32f4xx_hal_rcc.o
                0x00000000080055d8                HAL_RCC_GetSysClockFreq
 .text.HAL_RCC_GetHCLKFreq
                0x0000000008005788       0x18 Drivers/STM32F4xx_HAL_Driver/Src/stm32f4xx_hal_rcc.o
                0x0000000008005788                HAL_RCC_GetHCLKFreq
 .text.HAL_RCC_GetPCLK1Freq
                0x00000000080057a0       0x28 Drivers/STM32F4xx_HAL_Driver/Src/stm32f4xx_hal_rcc.o
                0x00000000080057a0                HAL_RCC_GetPCLK1Freq
 .text.HAL_RCC_GetPCLK2Freq
                0x00000000080057c8       0x28 Drivers/STM32F4xx_HAL_Driver/Src/stm32f4xx_hal_rcc.o
                0x00000000080057c8                HAL_RCC_GetPCLK2Freq
 .text.HAL_RCCEx_PeriphCLKConfig
                0x00000000080057f0      0x1c4 Drivers/STM32F4xx_HAL_Driver/Src/stm32f4xx_hal_rcc_ex.o
                0x00000000080057f0                HAL_RCCEx_PeriphCLKConfig
 .text.HAL_RCCEx_GetPeriphCLKFreq
                0x00000000080059b4       0xb8 Drivers/STM32F4xx_HAL_Driver/Src/stm32f4xx_hal_rcc_ex.o
                0x00000000080059b4                HAL_RCCEx_GetPeriphCLKFreq
 .text.HAL_SPI_Init
                0x0000000008005a6c       0xc8 Drivers/STM32F4xx_HAL_Driver/Src/stm32f4xx_hal_spi.o
                0x0000000008005a6c                HAL_SPI_Init
 .text.HAL_UART_Init
                0x0000000008005b34       0x9a Drivers/STM32F4xx_HAL_Driver/Src/stm32f4xx_hal_uart.o
                0x0000000008005b34                HAL_UART_Init
 *fill*         0x0000000008005bce        0x2 
 .text.HAL_UART_Transmit_DMA
                0x0000000008005bd0       0xd8 Drivers/STM32F4xx_HAL_Driver/Src/stm32f4xx_hal_uart.o
                0x0000000008005bd0                HAL_UART_Transmit_DMA
 .text.HAL_UART_TxCpltCallback
                0x0000000008005ca8       0x14 Drivers/STM32F4xx_HAL_Driver/Src/stm32f4xx_hal_uart.o
                0x0000000008005ca8                HAL_UART_TxCpltCallback
 .text.HAL_UART_TxHalfCpltCallback
                0x0000000008005cbc       0x14 Drivers/STM32F4xx_HAL_Driver/Src/stm32f4xx_hal_uart.o
                0x0000000008005cbc                HAL_UART_TxHalfCpltCallback
 .text.HAL_UART_ErrorCallback
                0x0000000008005cd0       0x14 Drivers/STM32F4xx_HAL_Driver/Src/stm32f4xx_hal_uart.o
                0x0000000008005cd0                HAL_UART_ErrorCallback
 .text.UART_DMATransmitCplt
                0x0000000008005ce4       0x52 Drivers/STM32F4xx_HAL_Driver/Src/stm32f4xx_hal_uart.o
 .text.UART_DMATxHalfCplt
                0x0000000008005d36       0x1c Drivers/STM32F4xx_HAL_Driver/Src/stm32f4xx_hal_uart.o
 .text.UART_DMAError
                0x0000000008005d52       0x94 Drivers/STM32F4xx_HAL_Driver/Src/stm32f4xx_hal_uart.o
 .text.UART_EndTxTransfer
                0x0000000008005de6       0x2c Drivers/STM32F4xx_HAL_Driver/Src/stm32f4xx_hal_uart.o
 .text.UART_EndRxTransfer
                0x0000000008005e12       0x3c Drivers/STM32F4xx_HAL_Driver/Src/stm32f4xx_hal_uart.o
 *fill*         0x0000000008005e4e        0x2 
 .text.UART_SetConfig
                0x0000000008005e50      0x6f8 Drivers/STM32F4xx_HAL_Driver/Src/stm32f4xx_hal_uart.o
 .text.USB_CoreInit
                0x0000000008006548       0xc2 Drivers/STM32F4xx_HAL_Driver/Src/stm32f4xx_ll_usb.o
                0x0000000008006548                USB_CoreInit
 .text.USB_EnableGlobalInt
                0x000000000800660a       0x22 Drivers/STM32F4xx_HAL_Driver/Src/stm32f4xx_ll_usb.o
                0x000000000800660a                USB_EnableGlobalInt
 .text.USB_DisableGlobalInt
                0x000000000800662c       0x22 Drivers/STM32F4xx_HAL_Driver/Src/stm32f4xx_ll_usb.o
                0x000000000800662c                USB_DisableGlobalInt
 .text.USB_SetCurrentMode
                0x000000000800664e       0x54 Drivers/STM32F4xx_HAL_Driver/Src/stm32f4xx_ll_usb.o
                0x000000000800664e                USB_SetCurrentMode
 *fill*         0x00000000080066a2        0x2 
 .text.USB_FlushTxFifo
                0x00000000080066a4       0x4c Drivers/STM32F4xx_HAL_Driver/Src/stm32f4xx_ll_usb.o
                0x00000000080066a4                USB_FlushTxFifo
 .text.USB_FlushRxFifo
                0x00000000080066f0       0x44 Drivers/STM32F4xx_HAL_Driver/Src/stm32f4xx_ll_usb.o
                0x00000000080066f0                USB_FlushRxFifo
 .text.USB_WritePacket
                0x0000000008006734       0x6a Drivers/STM32F4xx_HAL_Driver/Src/stm32f4xx_ll_usb.o
                0x0000000008006734                USB_WritePacket
 .text.USB_ReadPacket
                0x000000000800679e       0x52 Drivers/STM32F4xx_HAL_Driver/Src/stm32f4xx_ll_usb.o
                0x000000000800679e                USB_ReadPacket
 .text.USB_ReadInterrupts
                0x00000000080067f0       0x26 Drivers/STM32F4xx_HAL_Driver/Src/stm32f4xx_ll_usb.o
                0x00000000080067f0                USB_ReadInterrupts
 .text.USB_GetMode
                0x0000000008006816       0x1c Drivers/STM32F4xx_HAL_Driver/Src/stm32f4xx_ll_usb.o
                0x0000000008006816                USB_GetMode
 *fill*         0x0000000008006832        0x2 
 .text.USB_CoreReset
                0x0000000008006834       0x68 Drivers/STM32F4xx_HAL_Driver/Src/stm32f4xx_ll_usb.o
 .text.USB_HostInit
                0x000000000800689c      0x178 Drivers/STM32F4xx_HAL_Driver/Src/stm32f4xx_ll_usb.o
                0x000000000800689c                USB_HostInit
 .text.USB_InitFSLSPClkSel
                0x0000000008006a14       0x74 Drivers/STM32F4xx_HAL_Driver/Src/stm32f4xx_ll_usb.o
                0x0000000008006a14                USB_InitFSLSPClkSel
 .text.USB_ResetPort
                0x0000000008006a88       0x54 Drivers/STM32F4xx_HAL_Driver/Src/stm32f4xx_ll_usb.o
                0x0000000008006a88                USB_ResetPort
 .text.USB_DriveVbus
                0x0000000008006adc       0x72 Drivers/STM32F4xx_HAL_Driver/Src/stm32f4xx_ll_usb.o
                0x0000000008006adc                USB_DriveVbus
 .text.USB_GetHostSpeed
                0x0000000008006b4e       0x2e Drivers/STM32F4xx_HAL_Driver/Src/stm32f4xx_ll_usb.o
                0x0000000008006b4e                USB_GetHostSpeed
 .text.USB_GetCurrentFrame
                0x0000000008006b7c       0x22 Drivers/STM32F4xx_HAL_Driver/Src/stm32f4xx_ll_usb.o
                0x0000000008006b7c                USB_GetCurrentFrame
 *fill*         0x0000000008006b9e        0x2 
 .text.USB_HC_Init
                0x0000000008006ba0      0x214 Drivers/STM32F4xx_HAL_Driver/Src/stm32f4xx_ll_usb.o
                0x0000000008006ba0                USB_HC_Init
 .text.USB_HC_StartXfer
                0x0000000008006db4      0x288 Drivers/STM32F4xx_HAL_Driver/Src/stm32f4xx_ll_usb.o
                0x0000000008006db4                USB_HC_StartXfer
 .text.USB_HC_ReadInterrupt
                0x000000000800703c       0x22 Drivers/STM32F4xx_HAL_Driver/Src/stm32f4xx_ll_usb.o
                0x000000000800703c                USB_HC_ReadInterrupt
 .text.USB_HC_Halt
                0x000000000800705e      0x1fe Drivers/STM32F4xx_HAL_Driver/Src/stm32f4xx_ll_usb.o
                0x000000000800705e                USB_HC_Halt
 .text.USB_DoPing
                0x000000000800725c       0x78 Drivers/STM32F4xx_HAL_Driver/Src/stm32f4xx_ll_usb.o
                0x000000000800725c                USB_DoPing
 .text.USB_StopHost
                0x00000000080072d4      0x10c Drivers/STM32F4xx_HAL_Driver/Src/stm32f4xx_ll_usb.o
                0x00000000080072d4                USB_StopHost
 .text.USBH_CDC_InterfaceInit
                0x00000000080073e0      0x2ac Middlewares/ST/STM32_USB_Host_Library/Class/CDC/Src/usbh_cdc.o
 .text.USBH_CDC_InterfaceDeInit
                0x000000000800768c       0xb2 Middlewares/ST/STM32_USB_Host_Library/Class/CDC/Src/usbh_cdc.o
 .text.USBH_CDC_ClassRequest
                0x000000000800773e       0x3e Middlewares/ST/STM32_USB_Host_Library/Class/CDC/Src/usbh_cdc.o
 .text.USBH_CDC_Process
                0x000000000800777c      0x12c Middlewares/ST/STM32_USB_Host_Library/Class/CDC/Src/usbh_cdc.o
 .text.USBH_CDC_SOFProcess
                0x00000000080078a8       0x16 Middlewares/ST/STM32_USB_Host_Library/Class/CDC/Src/usbh_cdc.o
 .text.GetLineCoding
                0x00000000080078be       0x3e Middlewares/ST/STM32_USB_Host_Library/Class/CDC/Src/usbh_cdc.o
 .text.SetLineCoding
                0x00000000080078fc       0x3e Middlewares/ST/STM32_USB_Host_Library/Class/CDC/Src/usbh_cdc.o
 .text.CDC_ProcessTransmission
                0x000000000800793a       0xf0 Middlewares/ST/STM32_USB_Host_Library/Class/CDC/Src/usbh_cdc.o
 .text.CDC_ProcessReception
                0x0000000008007a2a       0xb6 Middlewares/ST/STM32_USB_Host_Library/Class/CDC/Src/usbh_cdc.o
 .text.USBH_CDC_TransmitCallback
                0x0000000008007ae0       0x14 Middlewares/ST/STM32_USB_Host_Library/Class/CDC/Src/usbh_cdc.o
                0x0000000008007ae0                USBH_CDC_TransmitCallback
 .text.USBH_CDC_ReceiveCallback
                0x0000000008007af4       0x14 Middlewares/ST/STM32_USB_Host_Library/Class/CDC/Src/usbh_cdc.o
                0x0000000008007af4                USBH_CDC_ReceiveCallback
 .text.USBH_CDC_LineCodingChanged
                0x0000000008007b08       0x14 Middlewares/ST/STM32_USB_Host_Library/Class/CDC/Src/usbh_cdc.o
                0x0000000008007b08                USBH_CDC_LineCodingChanged
 .text.USBH_Init
                0x0000000008007b1c       0x74 Middlewares/ST/STM32_USB_Host_Library/Core/Src/usbh_core.o
                0x0000000008007b1c                USBH_Init
 .text.DeInitStateMachine
                0x0000000008007b90       0xa8 Middlewares/ST/STM32_USB_Host_Library/Core/Src/usbh_core.o
 .text.USBH_RegisterClass
                0x0000000008007c38       0x54 Middlewares/ST/STM32_USB_Host_Library/Core/Src/usbh_core.o
                0x0000000008007c38                USBH_RegisterClass
 .text.USBH_SelectInterface
                0x0000000008007c8c       0x38 Middlewares/ST/STM32_USB_Host_Library/Core/Src/usbh_core.o
                0x0000000008007c8c                USBH_SelectInterface
 .text.USBH_FindInterface
                0x0000000008007cc4       0x8c Middlewares/ST/STM32_USB_Host_Library/Core/Src/usbh_core.o
                0x0000000008007cc4                USBH_FindInterface
 .text.USBH_Start
                0x0000000008007d50       0x20 Middlewares/ST/STM32_USB_Host_Library/Core/Src/usbh_core.o
                0x0000000008007d50                USBH_Start
 .text.USBH_Process
                0x0000000008007d70      0x3c0 Middlewares/ST/STM32_USB_Host_Library/Core/Src/usbh_core.o
                0x0000000008007d70                USBH_Process
 .text.USBH_HandleEnum
                0x0000000008008130      0x3c8 Middlewares/ST/STM32_USB_Host_Library/Core/Src/usbh_core.o
 .text.USBH_LL_SetTimer
                0x00000000080084f8       0x1e Middlewares/ST/STM32_USB_Host_Library/Core/Src/usbh_core.o
                0x00000000080084f8                USBH_LL_SetTimer
 .text.USBH_LL_IncTimer
                0x0000000008008516       0x24 Middlewares/ST/STM32_USB_Host_Library/Core/Src/usbh_core.o
                0x0000000008008516                USBH_LL_IncTimer
 .text.USBH_HandleSof
                0x000000000800853a       0x30 Middlewares/ST/STM32_USB_Host_Library/Core/Src/usbh_core.o
 .text.USBH_LL_PortEnabled
                0x000000000800856a       0x1c Middlewares/ST/STM32_USB_Host_Library/Core/Src/usbh_core.o
                0x000000000800856a                USBH_LL_PortEnabled
 .text.USBH_LL_PortDisabled
                0x0000000008008586       0x1c Middlewares/ST/STM32_USB_Host_Library/Core/Src/usbh_core.o
                0x0000000008008586                USBH_LL_PortDisabled
 .text.USBH_LL_Connect
                0x00000000080085a2       0x2e Middlewares/ST/STM32_USB_Host_Library/Core/Src/usbh_core.o
                0x00000000080085a2                USBH_LL_Connect
 .text.USBH_LL_Disconnect
                0x00000000080085d0       0x48 Middlewares/ST/STM32_USB_Host_Library/Core/Src/usbh_core.o
                0x00000000080085d0                USBH_LL_Disconnect
 .text.USBH_Get_DevDesc
                0x0000000008008618       0x50 Middlewares/ST/STM32_USB_Host_Library/Core/Src/usbh_ctlreq.o
                0x0000000008008618                USBH_Get_DevDesc
 .text.USBH_Get_CfgDesc
                0x0000000008008668       0x48 Middlewares/ST/STM32_USB_Host_Library/Core/Src/usbh_ctlreq.o
                0x0000000008008668                USBH_Get_CfgDesc
 .text.USBH_Get_StringDesc
                0x00000000080086b0       0x56 Middlewares/ST/STM32_USB_Host_Library/Core/Src/usbh_ctlreq.o
                0x00000000080086b0                USBH_Get_StringDesc
 .text.USBH_GetDescriptor
                0x0000000008008706       0x6a Middlewares/ST/STM32_USB_Host_Library/Core/Src/usbh_ctlreq.o
                0x0000000008008706                USBH_GetDescriptor
 .text.USBH_SetAddress
                0x0000000008008770       0x48 Middlewares/ST/STM32_USB_Host_Library/Core/Src/usbh_ctlreq.o
                0x0000000008008770                USBH_SetAddress
 .text.USBH_SetCfg
                0x00000000080087b8       0x46 Middlewares/ST/STM32_USB_Host_Library/Core/Src/usbh_ctlreq.o
                0x00000000080087b8                USBH_SetCfg
 .text.USBH_SetFeature
                0x00000000080087fe       0x48 Middlewares/ST/STM32_USB_Host_Library/Core/Src/usbh_ctlreq.o
                0x00000000080087fe                USBH_SetFeature
 .text.USBH_ClrFeature
                0x0000000008008846       0x48 Middlewares/ST/STM32_USB_Host_Library/Core/Src/usbh_ctlreq.o
                0x0000000008008846                USBH_ClrFeature
 .text.USBH_ParseDevDesc
                0x000000000800888e       0xe0 Middlewares/ST/STM32_USB_Host_Library/Core/Src/usbh_ctlreq.o
 .text.USBH_ParseCfgDesc
                0x000000000800896e      0x144 Middlewares/ST/STM32_USB_Host_Library/Core/Src/usbh_ctlreq.o
 .text.USBH_ParseInterfaceDesc
                0x0000000008008ab2       0x5e Middlewares/ST/STM32_USB_Host_Library/Core/Src/usbh_ctlreq.o
 .text.USBH_ParseEPDesc
                0x0000000008008b10       0x5a Middlewares/ST/STM32_USB_Host_Library/Core/Src/usbh_ctlreq.o
 .text.USBH_ParseStringDesc
                0x0000000008008b6a       0x66 Middlewares/ST/STM32_USB_Host_Library/Core/Src/usbh_ctlreq.o
 .text.USBH_GetNextDesc
                0x0000000008008bd0       0x36 Middlewares/ST/STM32_USB_Host_Library/Core/Src/usbh_ctlreq.o
                0x0000000008008bd0                USBH_GetNextDesc
 .text.USBH_CtlReq
                0x0000000008008c06       0x7a Middlewares/ST/STM32_USB_Host_Library/Core/Src/usbh_ctlreq.o
                0x0000000008008c06                USBH_CtlReq
 .text.USBH_HandleControl
                0x0000000008008c80      0x2ec Middlewares/ST/STM32_USB_Host_Library/Core/Src/usbh_ctlreq.o
 .text.USBH_CtlSendSetup
                0x0000000008008f6c       0x34 Middlewares/ST/STM32_USB_Host_Library/Core/Src/usbh_ioreq.o
                0x0000000008008f6c                USBH_CtlSendSetup
 .text.USBH_CtlSendData
                0x0000000008008fa0       0x4a Middlewares/ST/STM32_USB_Host_Library/Core/Src/usbh_ioreq.o
                0x0000000008008fa0                USBH_CtlSendData
 .text.USBH_CtlReceiveData
                0x0000000008008fea       0x3c Middlewares/ST/STM32_USB_Host_Library/Core/Src/usbh_ioreq.o
                0x0000000008008fea                USBH_CtlReceiveData
 .text.USBH_BulkSendData
                0x0000000008009026       0x4a Middlewares/ST/STM32_USB_Host_Library/Core/Src/usbh_ioreq.o
                0x0000000008009026                USBH_BulkSendData
 .text.USBH_BulkReceiveData
                0x0000000008009070       0x3c Middlewares/ST/STM32_USB_Host_Library/Core/Src/usbh_ioreq.o
                0x0000000008009070                USBH_BulkReceiveData
 .text.USBH_OpenPipe
                0x00000000080090ac       0x3e Middlewares/ST/STM32_USB_Host_Library/Core/Src/usbh_pipes.o
                0x00000000080090ac                USBH_OpenPipe
 .text.USBH_ClosePipe
                0x00000000080090ea       0x20 Middlewares/ST/STM32_USB_Host_Library/Core/Src/usbh_pipes.o
                0x00000000080090ea                USBH_ClosePipe
 .text.USBH_AllocPipe
                0x000000000800910a       0x42 Middlewares/ST/STM32_USB_Host_Library/Core/Src/usbh_pipes.o
                0x000000000800910a                USBH_AllocPipe
 .text.USBH_FreePipe
                0x000000000800914c       0x3c Middlewares/ST/STM32_USB_Host_Library/Core/Src/usbh_pipes.o
                0x000000000800914c                USBH_FreePipe
 .text.USBH_GetFreePipe
                0x0000000008009188       0x48 Middlewares/ST/STM32_USB_Host_Library/Core/Src/usbh_pipes.o
 .text.MX_USB_HOST_Init
                0x00000000080091d0       0x4c USB_HOST/App/usb_host.o
                0x00000000080091d0                MX_USB_HOST_Init
 .text.MX_USB_HOST_Process
                0x000000000800921c       0x14 USB_HOST/App/usb_host.o
                0x000000000800921c                MX_USB_HOST_Process
 .text.USBH_UserProcess
                0x0000000008009230       0x5c USB_HOST/App/usb_host.o
 .text.HAL_HCD_MspInit
                0x000000000800928c       0xc4 USB_HOST/Target/usbh_conf.o
                0x000000000800928c                HAL_HCD_MspInit
 .text.HAL_HCD_SOF_Callback
                0x0000000008009350       0x1c USB_HOST/Target/usbh_conf.o
                0x0000000008009350                HAL_HCD_SOF_Callback
 .text.HAL_HCD_Connect_Callback
                0x000000000800936c       0x1c USB_HOST/Target/usbh_conf.o
                0x000000000800936c                HAL_HCD_Connect_Callback
 .text.HAL_HCD_Disconnect_Callback
                0x0000000008009388       0x1c USB_HOST/Target/usbh_conf.o
                0x0000000008009388                HAL_HCD_Disconnect_Callback
 .text.HAL_HCD_HC_NotifyURBChange_Callback
                0x00000000080093a4       0x1c USB_HOST/Target/usbh_conf.o
                0x00000000080093a4                HAL_HCD_HC_NotifyURBChange_Callback
 .text.HAL_HCD_PortEnabled_Callback
                0x00000000080093c0       0x1c USB_HOST/Target/usbh_conf.o
                0x00000000080093c0                HAL_HCD_PortEnabled_Callback
 .text.HAL_HCD_PortDisabled_Callback
                0x00000000080093dc       0x1c USB_HOST/Target/usbh_conf.o
                0x00000000080093dc                HAL_HCD_PortDisabled_Callback
 .text.USBH_LL_Init
                0x00000000080093f8       0x78 USB_HOST/Target/usbh_conf.o
                0x00000000080093f8                USBH_LL_Init
 .text.USBH_LL_Start
                0x0000000008009470       0x36 USB_HOST/Target/usbh_conf.o
                0x0000000008009470                USBH_LL_Start
 .text.USBH_LL_Stop
                0x00000000080094a6       0x36 USB_HOST/Target/usbh_conf.o
                0x00000000080094a6                USBH_LL_Stop
 .text.USBH_LL_GetSpeed
                0x00000000080094dc       0x4a USB_HOST/Target/usbh_conf.o
                0x00000000080094dc                USBH_LL_GetSpeed
 .text.USBH_LL_ResetPort
                0x0000000008009526       0x36 USB_HOST/Target/usbh_conf.o
                0x0000000008009526                USBH_LL_ResetPort
 .text.USBH_LL_GetLastXferSize
                0x000000000800955c       0x26 USB_HOST/Target/usbh_conf.o
                0x000000000800955c                USBH_LL_GetLastXferSize
 .text.USBH_LL_OpenPipe
                0x0000000008009582       0x5e USB_HOST/Target/usbh_conf.o
                0x0000000008009582                USBH_LL_OpenPipe
 .text.USBH_LL_ClosePipe
                0x00000000080095e0       0x3e USB_HOST/Target/usbh_conf.o
                0x00000000080095e0                USBH_LL_ClosePipe
 .text.USBH_LL_SubmitURB
                0x000000000800961e       0x62 USB_HOST/Target/usbh_conf.o
                0x000000000800961e                USBH_LL_SubmitURB
 .text.USBH_LL_GetURBState
                0x0000000008009680       0x26 USB_HOST/Target/usbh_conf.o
                0x0000000008009680                USBH_LL_GetURBState
 .text.USBH_LL_DriverVBUS
                0x00000000080096a6       0x2e USB_HOST/Target/usbh_conf.o
                0x00000000080096a6                USBH_LL_DriverVBUS
 .text.USBH_LL_SetToggle
                0x00000000080096d4       0x66 USB_HOST/Target/usbh_conf.o
                0x00000000080096d4                USBH_LL_SetToggle
 .text.USBH_Delay
                0x000000000800973a       0x16 USB_HOST/Target/usbh_conf.o
                0x000000000800973a                USBH_Delay
 .text.USBH_Get_USB_Status
                0x0000000008009750       0x58 USB_HOST/Target/usbh_conf.o
                0x0000000008009750                USBH_Get_USB_Status
 .text.MX_DriverVbusFS
                0x00000000080097a8       0x38 USB_HOST/Target/usbh_platform.o
                0x00000000080097a8                MX_DriverVbusFS
 .text.__errno  0x00000000080097e0        0xc c:/st/stm32cubeide_1.3.0/stm32cubeide/plugins/com.st.stm32cube.ide.mcu.externaltools.gnu-tools-for-stm32.7-2018-q2-update.win32_1.0.0.201904181610/tools/bin/../lib/gcc/arm-none-eabi/7.3.1/../../../../arm-none-eabi/lib/thumb/v7e-m/fpv4-sp/hard\libc_nano.a(lib_a-errno.o)
                0x00000000080097e0                __errno
 .text.__libc_init_array
                0x00000000080097ec       0x48 c:/st/stm32cubeide_1.3.0/stm32cubeide/plugins/com.st.stm32cube.ide.mcu.externaltools.gnu-tools-for-stm32.7-2018-q2-update.win32_1.0.0.201904181610/tools/bin/../lib/gcc/arm-none-eabi/7.3.1/../../../../arm-none-eabi/lib/thumb/v7e-m/fpv4-sp/hard\libc_nano.a(lib_a-init.o)
                0x00000000080097ec                __libc_init_array
 .text.malloc   0x0000000008009834       0x10 c:/st/stm32cubeide_1.3.0/stm32cubeide/plugins/com.st.stm32cube.ide.mcu.externaltools.gnu-tools-for-stm32.7-2018-q2-update.win32_1.0.0.201904181610/tools/bin/../lib/gcc/arm-none-eabi/7.3.1/../../../../arm-none-eabi/lib/thumb/v7e-m/fpv4-sp/hard\libc_nano.a(lib_a-malloc.o)
                0x0000000008009834                malloc
 .text.free     0x0000000008009844       0x10 c:/st/stm32cubeide_1.3.0/stm32cubeide/plugins/com.st.stm32cube.ide.mcu.externaltools.gnu-tools-for-stm32.7-2018-q2-update.win32_1.0.0.201904181610/tools/bin/../lib/gcc/arm-none-eabi/7.3.1/../../../../arm-none-eabi/lib/thumb/v7e-m/fpv4-sp/hard\libc_nano.a(lib_a-malloc.o)
                0x0000000008009844                free
 .text.memset   0x0000000008009854       0x10 c:/st/stm32cubeide_1.3.0/stm32cubeide/plugins/com.st.stm32cube.ide.mcu.externaltools.gnu-tools-for-stm32.7-2018-q2-update.win32_1.0.0.201904181610/tools/bin/../lib/gcc/arm-none-eabi/7.3.1/../../../../arm-none-eabi/lib/thumb/v7e-m/fpv4-sp/hard\libc_nano.a(lib_a-memset.o)
                0x0000000008009854                memset
 .text._free_r  0x0000000008009864       0x9c c:/st/stm32cubeide_1.3.0/stm32cubeide/plugins/com.st.stm32cube.ide.mcu.externaltools.gnu-tools-for-stm32.7-2018-q2-update.win32_1.0.0.201904181610/tools/bin/../lib/gcc/arm-none-eabi/7.3.1/../../../../arm-none-eabi/lib/thumb/v7e-m/fpv4-sp/hard\libc_nano.a(lib_a-nano-freer.o)
                0x0000000008009864                _free_r
 .text._malloc_r
                0x0000000008009900       0xb4 c:/st/stm32cubeide_1.3.0/stm32cubeide/plugins/com.st.stm32cube.ide.mcu.externaltools.gnu-tools-for-stm32.7-2018-q2-update.win32_1.0.0.201904181610/tools/bin/../lib/gcc/arm-none-eabi/7.3.1/../../../../arm-none-eabi/lib/thumb/v7e-m/fpv4-sp/hard\libc_nano.a(lib_a-nano-mallocr.o)
                0x0000000008009900                _malloc_r
 .text._sbrk_r  0x00000000080099b4       0x20 c:/st/stm32cubeide_1.3.0/stm32cubeide/plugins/com.st.stm32cube.ide.mcu.externaltools.gnu-tools-for-stm32.7-2018-q2-update.win32_1.0.0.201904181610/tools/bin/../lib/gcc/arm-none-eabi/7.3.1/../../../../arm-none-eabi/lib/thumb/v7e-m/fpv4-sp/hard\libc_nano.a(lib_a-sbrkr.o)
                0x00000000080099b4                _sbrk_r
 .text.__malloc_lock
                0x00000000080099d4        0x2 c:/st/stm32cubeide_1.3.0/stm32cubeide/plugins/com.st.stm32cube.ide.mcu.externaltools.gnu-tools-for-stm32.7-2018-q2-update.win32_1.0.0.201904181610/tools/bin/../lib/gcc/arm-none-eabi/7.3.1/../../../../arm-none-eabi/lib/thumb/v7e-m/fpv4-sp/hard\libc_nano.a(lib_a-mlock.o)
                0x00000000080099d4                __malloc_lock
 .text.__malloc_unlock
                0x00000000080099d6        0x2 c:/st/stm32cubeide_1.3.0/stm32cubeide/plugins/com.st.stm32cube.ide.mcu.externaltools.gnu-tools-for-stm32.7-2018-q2-update.win32_1.0.0.201904181610/tools/bin/../lib/gcc/arm-none-eabi/7.3.1/../../../../arm-none-eabi/lib/thumb/v7e-m/fpv4-sp/hard\libc_nano.a(lib_a-mlock.o)
                0x00000000080099d6                __malloc_unlock
 *(.glue_7)
 .glue_7        0x00000000080099d8        0x0 linker stubs
 *(.glue_7t)
 .glue_7t       0x00000000080099d8        0x0 linker stubs
 *(.eh_frame)
 .eh_frame      0x00000000080099d8        0x0 c:/st/stm32cubeide_1.3.0/stm32cubeide/plugins/com.st.stm32cube.ide.mcu.externaltools.gnu-tools-for-stm32.7-2018-q2-update.win32_1.0.0.201904181610/tools/bin/../lib/gcc/arm-none-eabi/7.3.1/thumb/v7e-m/fpv4-sp/hard/crtbegin.o
 *(.init)
 .init          0x00000000080099d8        0x4 c:/st/stm32cubeide_1.3.0/stm32cubeide/plugins/com.st.stm32cube.ide.mcu.externaltools.gnu-tools-for-stm32.7-2018-q2-update.win32_1.0.0.201904181610/tools/bin/../lib/gcc/arm-none-eabi/7.3.1/thumb/v7e-m/fpv4-sp/hard/crti.o
                0x00000000080099d8                _init
 .init          0x00000000080099dc        0x8 c:/st/stm32cubeide_1.3.0/stm32cubeide/plugins/com.st.stm32cube.ide.mcu.externaltools.gnu-tools-for-stm32.7-2018-q2-update.win32_1.0.0.201904181610/tools/bin/../lib/gcc/arm-none-eabi/7.3.1/thumb/v7e-m/fpv4-sp/hard/crtn.o
 *(.fini)
 .fini          0x00000000080099e4        0x4 c:/st/stm32cubeide_1.3.0/stm32cubeide/plugins/com.st.stm32cube.ide.mcu.externaltools.gnu-tools-for-stm32.7-2018-q2-update.win32_1.0.0.201904181610/tools/bin/../lib/gcc/arm-none-eabi/7.3.1/thumb/v7e-m/fpv4-sp/hard/crti.o
                0x00000000080099e4                _fini
 .fini          0x00000000080099e8        0x8 c:/st/stm32cubeide_1.3.0/stm32cubeide/plugins/com.st.stm32cube.ide.mcu.externaltools.gnu-tools-for-stm32.7-2018-q2-update.win32_1.0.0.201904181610/tools/bin/../lib/gcc/arm-none-eabi/7.3.1/thumb/v7e-m/fpv4-sp/hard/crtn.o
                0x00000000080099f0                . = ALIGN (0x4)
                0x00000000080099f0                _etext = .

.vfp11_veneer   0x00000000080099f0        0x0
 .vfp11_veneer  0x00000000080099f0        0x0 linker stubs

.v4_bx          0x00000000080099f0        0x0
 .v4_bx         0x00000000080099f0        0x0 linker stubs

.iplt           0x00000000080099f0        0x0
 .iplt          0x00000000080099f0        0x0 c:/st/stm32cubeide_1.3.0/stm32cubeide/plugins/com.st.stm32cube.ide.mcu.externaltools.gnu-tools-for-stm32.7-2018-q2-update.win32_1.0.0.201904181610/tools/bin/../lib/gcc/arm-none-eabi/7.3.1/thumb/v7e-m/fpv4-sp/hard/crtbegin.o

.rodata         0x00000000080099f0       0x24
                0x00000000080099f0                . = ALIGN (0x4)
 *(.rodata)
 .rodata        0x00000000080099f0        0x4 Middlewares/ST/STM32_USB_Host_Library/Class/CDC/Src/usbh_cdc.o
 *(.rodata*)
 .rodata.AHBPrescTable
                0x00000000080099f4       0x10 Core/Src/system_stm32f4xx.o
                0x00000000080099f4                AHBPrescTable
 .rodata.APBPrescTable
                0x0000000008009a04        0x8 Core/Src/system_stm32f4xx.o
                0x0000000008009a04                APBPrescTable
 .rodata.flagBitshiftOffset.8541
                0x0000000008009a0c        0x8 Drivers/STM32F4xx_HAL_Driver/Src/stm32f4xx_hal_dma.o
                0x0000000008009a14                . = ALIGN (0x4)

.ARM.extab      0x0000000008009a14        0x0
                0x0000000008009a14                . = ALIGN (0x4)
 *(.ARM.extab* .gnu.linkonce.armextab.*)
                0x0000000008009a14                . = ALIGN (0x4)

.ARM            0x0000000008009a14        0x8
                0x0000000008009a14                . = ALIGN (0x4)
                0x0000000008009a14                __exidx_start = .
 *(.ARM.exidx*)
 .ARM.exidx     0x0000000008009a14        0x8 c:/st/stm32cubeide_1.3.0/stm32cubeide/plugins/com.st.stm32cube.ide.mcu.externaltools.gnu-tools-for-stm32.7-2018-q2-update.win32_1.0.0.201904181610/tools/bin/../lib/gcc/arm-none-eabi/7.3.1/thumb/v7e-m/fpv4-sp/hard\libgcc.a(_udivmoddi4.o)
                0x0000000008009a1c                __exidx_end = .
                0x0000000008009a1c                . = ALIGN (0x4)

.rel.dyn        0x0000000008009a1c        0x0
 .rel.iplt      0x0000000008009a1c        0x0 c:/st/stm32cubeide_1.3.0/stm32cubeide/plugins/com.st.stm32cube.ide.mcu.externaltools.gnu-tools-for-stm32.7-2018-q2-update.win32_1.0.0.201904181610/tools/bin/../lib/gcc/arm-none-eabi/7.3.1/thumb/v7e-m/fpv4-sp/hard/crtbegin.o

.preinit_array  0x0000000008009a1c        0x0
                0x0000000008009a1c                . = ALIGN (0x4)
                0x0000000008009a1c                PROVIDE (__preinit_array_start = .)
 *(.preinit_array*)
                0x0000000008009a1c                PROVIDE (__preinit_array_end = .)
                0x0000000008009a1c                . = ALIGN (0x4)

.init_array     0x0000000008009a1c        0x4
                0x0000000008009a1c                . = ALIGN (0x4)
                0x0000000008009a1c                PROVIDE (__init_array_start = .)
 *(SORT_BY_NAME(.init_array.*))
 *(.init_array*)
 .init_array    0x0000000008009a1c        0x4 c:/st/stm32cubeide_1.3.0/stm32cubeide/plugins/com.st.stm32cube.ide.mcu.externaltools.gnu-tools-for-stm32.7-2018-q2-update.win32_1.0.0.201904181610/tools/bin/../lib/gcc/arm-none-eabi/7.3.1/thumb/v7e-m/fpv4-sp/hard/crtbegin.o
                0x0000000008009a20                PROVIDE (__init_array_end = .)
                0x0000000008009a20                . = ALIGN (0x4)

.fini_array     0x0000000008009a20        0x4
                0x0000000008009a20                . = ALIGN (0x4)
                [!provide]                        PROVIDE (__fini_array_start = .)
 *(SORT_BY_NAME(.fini_array.*))
 *(.fini_array*)
 .fini_array    0x0000000008009a20        0x4 c:/st/stm32cubeide_1.3.0/stm32cubeide/plugins/com.st.stm32cube.ide.mcu.externaltools.gnu-tools-for-stm32.7-2018-q2-update.win32_1.0.0.201904181610/tools/bin/../lib/gcc/arm-none-eabi/7.3.1/thumb/v7e-m/fpv4-sp/hard/crtbegin.o
                [!provide]                        PROVIDE (__fini_array_end = .)
                0x0000000008009a24                . = ALIGN (0x4)
                0x0000000008009a24                _sidata = LOADADDR (.data)

.data           0x0000000020000000       0x90 load address 0x0000000008009a24
                0x0000000020000000                . = ALIGN (0x4)
                0x0000000020000000                _sdata = .
 *(.data)
 *(.data*)
 .data.SystemCoreClock
                0x0000000020000000        0x4 Core/Src/system_stm32f4xx.o
                0x0000000020000000                SystemCoreClock
 .data.uwTickPrio
                0x0000000020000004        0x4 Drivers/STM32F4xx_HAL_Driver/Src/stm32f4xx_hal.o
                0x0000000020000004                uwTickPrio
 .data.uwTickFreq
                0x0000000020000008        0x1 Drivers/STM32F4xx_HAL_Driver/Src/stm32f4xx_hal.o
                0x0000000020000008                uwTickFreq
 *fill*         0x0000000020000009        0x3 
 .data.CDC_Class
                0x000000002000000c       0x20 Middlewares/ST/STM32_USB_Host_Library/Class/CDC/Src/usbh_cdc.o
                0x000000002000000c                CDC_Class
 .data._impure_ptr
                0x000000002000002c        0x4 c:/st/stm32cubeide_1.3.0/stm32cubeide/plugins/com.st.stm32cube.ide.mcu.externaltools.gnu-tools-for-stm32.7-2018-q2-update.win32_1.0.0.201904181610/tools/bin/../lib/gcc/arm-none-eabi/7.3.1/../../../../arm-none-eabi/lib/thumb/v7e-m/fpv4-sp/hard\libc_nano.a(lib_a-impure.o)
                0x000000002000002c                _impure_ptr
 .data.impure_data
                0x0000000020000030       0x60 c:/st/stm32cubeide_1.3.0/stm32cubeide/plugins/com.st.stm32cube.ide.mcu.externaltools.gnu-tools-for-stm32.7-2018-q2-update.win32_1.0.0.201904181610/tools/bin/../lib/gcc/arm-none-eabi/7.3.1/../../../../arm-none-eabi/lib/thumb/v7e-m/fpv4-sp/hard\libc_nano.a(lib_a-impure.o)
                0x0000000020000090                . = ALIGN (0x4)
                0x0000000020000090                _edata = .

.igot.plt       0x0000000020000090        0x0 load address 0x0000000008009ab4
 .igot.plt      0x0000000020000090        0x0 c:/st/stm32cubeide_1.3.0/stm32cubeide/plugins/com.st.stm32cube.ide.mcu.externaltools.gnu-tools-for-stm32.7-2018-q2-update.win32_1.0.0.201904181610/tools/bin/../lib/gcc/arm-none-eabi/7.3.1/thumb/v7e-m/fpv4-sp/hard/crtbegin.o
                0x0000000020000090                . = ALIGN (0x4)

.bss            0x0000000020000090      0x984 load address 0x0000000008009ab4
                0x0000000020000090                _sbss = .
                0x0000000020000090                __bss_start__ = _sbss
 *(.bss)
 .bss           0x0000000020000090       0x1c c:/st/stm32cubeide_1.3.0/stm32cubeide/plugins/com.st.stm32cube.ide.mcu.externaltools.gnu-tools-for-stm32.7-2018-q2-update.win32_1.0.0.201904181610/tools/bin/../lib/gcc/arm-none-eabi/7.3.1/thumb/v7e-m/fpv4-sp/hard/crtbegin.o
 *(.bss*)
 .bss.c.8455    0x00000000200000ac       0x12 Core/Src/application.o
 *fill*         0x00000000200000be        0x2 
 .bss.ADC_oldvalues.8456
                0x00000000200000c0       0x12 Core/Src/application.o
 *fill*         0x00000000200000d2        0x2 
 .bss.fullCommand.8466
                0x00000000200000d4        0x3 Core/Src/application.o
 *fill*         0x00000000200000d7        0x1 
 .bss.heap_end.6424
                0x00000000200000d8        0x4 Core/Src/sysmem.o
 .bss.tmpreg.8697
                0x00000000200000dc        0x4 Drivers/STM32F4xx_HAL_Driver/Src/stm32f4xx_ll_usb.o
 .bss.Appli_state
                0x00000000200000e0        0x1 USB_HOST/App/usb_host.o
                0x00000000200000e0                Appli_state
 *fill*         0x00000000200000e1        0x3 
 .bss.__malloc_free_list
                0x00000000200000e4        0x4 c:/st/stm32cubeide_1.3.0/stm32cubeide/plugins/com.st.stm32cube.ide.mcu.externaltools.gnu-tools-for-stm32.7-2018-q2-update.win32_1.0.0.201904181610/tools/bin/../lib/gcc/arm-none-eabi/7.3.1/../../../../arm-none-eabi/lib/thumb/v7e-m/fpv4-sp/hard\libc_nano.a(lib_a-nano-mallocr.o)
                0x00000000200000e4                __malloc_free_list
 .bss.__malloc_sbrk_start
                0x00000000200000e8        0x4 c:/st/stm32cubeide_1.3.0/stm32cubeide/plugins/com.st.stm32cube.ide.mcu.externaltools.gnu-tools-for-stm32.7-2018-q2-update.win32_1.0.0.201904181610/tools/bin/../lib/gcc/arm-none-eabi/7.3.1/../../../../arm-none-eabi/lib/thumb/v7e-m/fpv4-sp/hard\libc_nano.a(lib_a-nano-mallocr.o)
                0x00000000200000e8                __malloc_sbrk_start
 *(COMMON)
 COMMON         0x00000000200000ec       0x48 Core/Src/application.o
                0x00000000200000ec                ADC_Work_Buffer
                0x0000000020000100                c
                0x0000000020000104                ADC_values
                0x0000000020000118                channels
                0x0000000020000124                keys
                0x0000000020000130                status
 COMMON         0x0000000020000134      0x23c Core/Src/main.o
                0x0000000020000134                huart3
                0x0000000020000174                hi2c1
                0x00000000200001c8                hdma_usart3_tx
                0x0000000020000228                hadc1
                0x0000000020000270                hdma_adc1
                0x00000000200002d0                hspi1
                0x0000000020000328                hi2s3
 COMMON         0x0000000020000370        0x4 Drivers/STM32F4xx_HAL_Driver/Src/stm32f4xx_hal.o
                0x0000000020000370                uwTick
 COMMON         0x0000000020000374      0x3d8 USB_HOST/App/usb_host.o
                0x0000000020000374                hUsbHostFS
 COMMON         0x000000002000074c      0x2c4 USB_HOST/Target/usbh_conf.o
                0x000000002000074c                hhcd_USB_OTG_FS
 COMMON         0x0000000020000a10        0x4 c:/st/stm32cubeide_1.3.0/stm32cubeide/plugins/com.st.stm32cube.ide.mcu.externaltools.gnu-tools-for-stm32.7-2018-q2-update.win32_1.0.0.201904181610/tools/bin/../lib/gcc/arm-none-eabi/7.3.1/../../../../arm-none-eabi/lib/thumb/v7e-m/fpv4-sp/hard\libc_nano.a(lib_a-reent.o)
                0x0000000020000a10                errno
                0x0000000020000a14                . = ALIGN (0x4)
                0x0000000020000a14                _ebss = .
                0x0000000020000a14                __bss_end__ = _ebss

._user_heap_stack
                0x0000000020000a14      0x604 load address 0x0000000008009ab4
                0x0000000020000a18                . = ALIGN (0x8)
 *fill*         0x0000000020000a14        0x4 
                0x0000000020000a18                PROVIDE (end = .)
                [!provide]                        PROVIDE (_end = .)
                0x0000000020000c18                . = (. + _Min_Heap_Size)
 *fill*         0x0000000020000a18      0x200 
                0x0000000020001018                . = (. + _Min_Stack_Size)
 *fill*         0x0000000020000c18      0x400 
                0x0000000020001018                . = ALIGN (0x8)

/DISCARD/
 libc.a(*)
 libm.a(*)
 libgcc.a(*)

.ARM.attributes
                0x0000000000000000       0x30
 *(.ARM.attributes)
 .ARM.attributes
                0x0000000000000000       0x22 c:/st/stm32cubeide_1.3.0/stm32cubeide/plugins/com.st.stm32cube.ide.mcu.externaltools.gnu-tools-for-stm32.7-2018-q2-update.win32_1.0.0.201904181610/tools/bin/../lib/gcc/arm-none-eabi/7.3.1/thumb/v7e-m/fpv4-sp/hard/crti.o
 .ARM.attributes
                0x0000000000000022       0x34 c:/st/stm32cubeide_1.3.0/stm32cubeide/plugins/com.st.stm32cube.ide.mcu.externaltools.gnu-tools-for-stm32.7-2018-q2-update.win32_1.0.0.201904181610/tools/bin/../lib/gcc/arm-none-eabi/7.3.1/thumb/v7e-m/fpv4-sp/hard/crtbegin.o
 .ARM.attributes
                0x0000000000000056       0x39 Core/Src/application.o
 .ARM.attributes
                0x000000000000008f       0x39 Core/Src/main.o
 .ARM.attributes
                0x00000000000000c8       0x39 Core/Src/stm32f4xx_hal_msp.o
 .ARM.attributes
                0x0000000000000101       0x39 Core/Src/stm32f4xx_it.o
 .ARM.attributes
                0x000000000000013a       0x39 Core/Src/sysmem.o
 .ARM.attributes
                0x0000000000000173       0x39 Core/Src/system_stm32f4xx.o
 .ARM.attributes
                0x00000000000001ac       0x21 Core/Startup/startup_stm32f407vgtx.o
 .ARM.attributes
                0x00000000000001cd       0x39 Drivers/STM32F4xx_HAL_Driver/Src/stm32f4xx_hal.o
 .ARM.attributes
                0x0000000000000206       0x39 Drivers/STM32F4xx_HAL_Driver/Src/stm32f4xx_hal_adc.o
 .ARM.attributes
                0x000000000000023f       0x39 Drivers/STM32F4xx_HAL_Driver/Src/stm32f4xx_hal_cortex.o
 .ARM.attributes
                0x0000000000000278       0x39 Drivers/STM32F4xx_HAL_Driver/Src/stm32f4xx_hal_dma.o
 .ARM.attributes
                0x00000000000002b1       0x39 Drivers/STM32F4xx_HAL_Driver/Src/stm32f4xx_hal_gpio.o
 .ARM.attributes
                0x00000000000002ea       0x39 Drivers/STM32F4xx_HAL_Driver/Src/stm32f4xx_hal_hcd.o
 .ARM.attributes
                0x0000000000000323       0x39 Drivers/STM32F4xx_HAL_Driver/Src/stm32f4xx_hal_i2c.o
 .ARM.attributes
                0x000000000000035c       0x39 Drivers/STM32F4xx_HAL_Driver/Src/stm32f4xx_hal_i2s.o
 .ARM.attributes
                0x0000000000000395       0x39 Drivers/STM32F4xx_HAL_Driver/Src/stm32f4xx_hal_i2s_ex.o
 .ARM.attributes
                0x00000000000003ce       0x39 Drivers/STM32F4xx_HAL_Driver/Src/stm32f4xx_hal_rcc.o
 .ARM.attributes
                0x0000000000000407       0x39 Drivers/STM32F4xx_HAL_Driver/Src/stm32f4xx_hal_rcc_ex.o
 .ARM.attributes
                0x0000000000000440       0x39 Drivers/STM32F4xx_HAL_Driver/Src/stm32f4xx_hal_spi.o
 .ARM.attributes
                0x0000000000000479       0x39 Drivers/STM32F4xx_HAL_Driver/Src/stm32f4xx_hal_uart.o
 .ARM.attributes
                0x00000000000004b2       0x39 Drivers/STM32F4xx_HAL_Driver/Src/stm32f4xx_ll_usb.o
 .ARM.attributes
                0x00000000000004eb       0x39 Middlewares/ST/STM32_USB_Host_Library/Class/CDC/Src/usbh_cdc.o
 .ARM.attributes
                0x0000000000000524       0x39 Middlewares/ST/STM32_USB_Host_Library/Core/Src/usbh_core.o
 .ARM.attributes
                0x000000000000055d       0x39 Middlewares/ST/STM32_USB_Host_Library/Core/Src/usbh_ctlreq.o
 .ARM.attributes
                0x0000000000000596       0x39 Middlewares/ST/STM32_USB_Host_Library/Core/Src/usbh_ioreq.o
 .ARM.attributes
                0x00000000000005cf       0x39 Middlewares/ST/STM32_USB_Host_Library/Core/Src/usbh_pipes.o
 .ARM.attributes
                0x0000000000000608       0x39 USB_HOST/App/usb_host.o
 .ARM.attributes
                0x0000000000000641       0x39 USB_HOST/Target/usbh_conf.o
 .ARM.attributes
                0x000000000000067a       0x39 USB_HOST/Target/usbh_platform.o
 .ARM.attributes
                0x00000000000006b3       0x34 c:/st/stm32cubeide_1.3.0/stm32cubeide/plugins/com.st.stm32cube.ide.mcu.externaltools.gnu-tools-for-stm32.7-2018-q2-update.win32_1.0.0.201904181610/tools/bin/../lib/gcc/arm-none-eabi/7.3.1/../../../../arm-none-eabi/lib/thumb/v7e-m/fpv4-sp/hard\libc_nano.a(lib_a-errno.o)
 .ARM.attributes
                0x00000000000006e7       0x34 c:/st/stm32cubeide_1.3.0/stm32cubeide/plugins/com.st.stm32cube.ide.mcu.externaltools.gnu-tools-for-stm32.7-2018-q2-update.win32_1.0.0.201904181610/tools/bin/../lib/gcc/arm-none-eabi/7.3.1/../../../../arm-none-eabi/lib/thumb/v7e-m/fpv4-sp/hard\libc_nano.a(lib_a-impure.o)
 .ARM.attributes
                0x000000000000071b       0x34 c:/st/stm32cubeide_1.3.0/stm32cubeide/plugins/com.st.stm32cube.ide.mcu.externaltools.gnu-tools-for-stm32.7-2018-q2-update.win32_1.0.0.201904181610/tools/bin/../lib/gcc/arm-none-eabi/7.3.1/../../../../arm-none-eabi/lib/thumb/v7e-m/fpv4-sp/hard\libc_nano.a(lib_a-init.o)
 .ARM.attributes
                0x000000000000074f       0x34 c:/st/stm32cubeide_1.3.0/stm32cubeide/plugins/com.st.stm32cube.ide.mcu.externaltools.gnu-tools-for-stm32.7-2018-q2-update.win32_1.0.0.201904181610/tools/bin/../lib/gcc/arm-none-eabi/7.3.1/../../../../arm-none-eabi/lib/thumb/v7e-m/fpv4-sp/hard\libc_nano.a(lib_a-malloc.o)
 .ARM.attributes
                0x0000000000000783       0x34 c:/st/stm32cubeide_1.3.0/stm32cubeide/plugins/com.st.stm32cube.ide.mcu.externaltools.gnu-tools-for-stm32.7-2018-q2-update.win32_1.0.0.201904181610/tools/bin/../lib/gcc/arm-none-eabi/7.3.1/../../../../arm-none-eabi/lib/thumb/v7e-m/fpv4-sp/hard\libc_nano.a(lib_a-memset.o)
 .ARM.attributes
                0x00000000000007b7       0x34 c:/st/stm32cubeide_1.3.0/stm32cubeide/plugins/com.st.stm32cube.ide.mcu.externaltools.gnu-tools-for-stm32.7-2018-q2-update.win32_1.0.0.201904181610/tools/bin/../lib/gcc/arm-none-eabi/7.3.1/../../../../arm-none-eabi/lib/thumb/v7e-m/fpv4-sp/hard\libc_nano.a(lib_a-nano-freer.o)
 .ARM.attributes
                0x00000000000007eb       0x34 c:/st/stm32cubeide_1.3.0/stm32cubeide/plugins/com.st.stm32cube.ide.mcu.externaltools.gnu-tools-for-stm32.7-2018-q2-update.win32_1.0.0.201904181610/tools/bin/../lib/gcc/arm-none-eabi/7.3.1/../../../../arm-none-eabi/lib/thumb/v7e-m/fpv4-sp/hard\libc_nano.a(lib_a-nano-mallocr.o)
 .ARM.attributes
                0x000000000000081f       0x34 c:/st/stm32cubeide_1.3.0/stm32cubeide/plugins/com.st.stm32cube.ide.mcu.externaltools.gnu-tools-for-stm32.7-2018-q2-update.win32_1.0.0.201904181610/tools/bin/../lib/gcc/arm-none-eabi/7.3.1/../../../../arm-none-eabi/lib/thumb/v7e-m/fpv4-sp/hard\libc_nano.a(lib_a-sbrkr.o)
 .ARM.attributes
                0x0000000000000853       0x34 c:/st/stm32cubeide_1.3.0/stm32cubeide/plugins/com.st.stm32cube.ide.mcu.externaltools.gnu-tools-for-stm32.7-2018-q2-update.win32_1.0.0.201904181610/tools/bin/../lib/gcc/arm-none-eabi/7.3.1/../../../../arm-none-eabi/lib/thumb/v7e-m/fpv4-sp/hard\libc_nano.a(lib_a-mlock.o)
 .ARM.attributes
                0x0000000000000887       0x34 c:/st/stm32cubeide_1.3.0/stm32cubeide/plugins/com.st.stm32cube.ide.mcu.externaltools.gnu-tools-for-stm32.7-2018-q2-update.win32_1.0.0.201904181610/tools/bin/../lib/gcc/arm-none-eabi/7.3.1/../../../../arm-none-eabi/lib/thumb/v7e-m/fpv4-sp/hard\libc_nano.a(lib_a-reent.o)
 .ARM.attributes
                0x00000000000008bb       0x22 c:/st/stm32cubeide_1.3.0/stm32cubeide/plugins/com.st.stm32cube.ide.mcu.externaltools.gnu-tools-for-stm32.7-2018-q2-update.win32_1.0.0.201904181610/tools/bin/../lib/gcc/arm-none-eabi/7.3.1/thumb/v7e-m/fpv4-sp/hard\libgcc.a(_aeabi_uldivmod.o)
 .ARM.attributes
                0x00000000000008dd       0x34 c:/st/stm32cubeide_1.3.0/stm32cubeide/plugins/com.st.stm32cube.ide.mcu.externaltools.gnu-tools-for-stm32.7-2018-q2-update.win32_1.0.0.201904181610/tools/bin/../lib/gcc/arm-none-eabi/7.3.1/thumb/v7e-m/fpv4-sp/hard\libgcc.a(_udivmoddi4.o)
 .ARM.attributes
                0x0000000000000911       0x22 c:/st/stm32cubeide_1.3.0/stm32cubeide/plugins/com.st.stm32cube.ide.mcu.externaltools.gnu-tools-for-stm32.7-2018-q2-update.win32_1.0.0.201904181610/tools/bin/../lib/gcc/arm-none-eabi/7.3.1/thumb/v7e-m/fpv4-sp/hard\libgcc.a(_dvmd_tls.o)
 .ARM.attributes
                0x0000000000000933       0x22 c:/st/stm32cubeide_1.3.0/stm32cubeide/plugins/com.st.stm32cube.ide.mcu.externaltools.gnu-tools-for-stm32.7-2018-q2-update.win32_1.0.0.201904181610/tools/bin/../lib/gcc/arm-none-eabi/7.3.1/thumb/v7e-m/fpv4-sp/hard/crtn.o
OUTPUT(bateria.elf elf32-littlearm)

.debug_info     0x0000000000000000    0x1cce7
 .debug_info    0x0000000000000000      0x9a7 Core/Src/application.o
 .debug_info    0x00000000000009a7     0x18a7 Core/Src/main.o
 .debug_info    0x000000000000224e     0x14f7 Core/Src/stm32f4xx_hal_msp.o
 .debug_info    0x0000000000003745      0xddb Core/Src/stm32f4xx_it.o
 .debug_info    0x0000000000004520      0x91c Core/Src/sysmem.o
 .debug_info    0x0000000000004e3c      0x554 Core/Src/system_stm32f4xx.o
 .debug_info    0x0000000000005390       0x22 Core/Startup/startup_stm32f407vgtx.o
 .debug_info    0x00000000000053b2      0x945 Drivers/STM32F4xx_HAL_Driver/Src/stm32f4xx_hal.o
 .debug_info    0x0000000000005cf7      0xcee Drivers/STM32F4xx_HAL_Driver/Src/stm32f4xx_hal_adc.o
 .debug_info    0x00000000000069e5      0xe28 Drivers/STM32F4xx_HAL_Driver/Src/stm32f4xx_hal_cortex.o
 .debug_info    0x000000000000780d      0x968 Drivers/STM32F4xx_HAL_Driver/Src/stm32f4xx_hal_dma.o
 .debug_info    0x0000000000008175      0x7b5 Drivers/STM32F4xx_HAL_Driver/Src/stm32f4xx_hal_gpio.o
 .debug_info    0x000000000000892a      0xe39 Drivers/STM32F4xx_HAL_Driver/Src/stm32f4xx_hal_hcd.o
 .debug_info    0x0000000000009763     0x23b5 Drivers/STM32F4xx_HAL_Driver/Src/stm32f4xx_hal_i2c.o
 .debug_info    0x000000000000bb18      0xe5e Drivers/STM32F4xx_HAL_Driver/Src/stm32f4xx_hal_i2s.o
 .debug_info    0x000000000000c976      0xb76 Drivers/STM32F4xx_HAL_Driver/Src/stm32f4xx_hal_i2s_ex.o
 .debug_info    0x000000000000d4ec      0x904 Drivers/STM32F4xx_HAL_Driver/Src/stm32f4xx_hal_rcc.o
 .debug_info    0x000000000000ddf0      0x5ae Drivers/STM32F4xx_HAL_Driver/Src/stm32f4xx_hal_rcc_ex.o
 .debug_info    0x000000000000e39e     0x163a Drivers/STM32F4xx_HAL_Driver/Src/stm32f4xx_hal_spi.o
 .debug_info    0x000000000000f9d8     0x124c Drivers/STM32F4xx_HAL_Driver/Src/stm32f4xx_hal_uart.o
 .debug_info    0x0000000000010c24     0x18dd Drivers/STM32F4xx_HAL_Driver/Src/stm32f4xx_ll_usb.o
 .debug_info    0x0000000000012501     0x1ad3 Middlewares/ST/STM32_USB_Host_Library/Class/CDC/Src/usbh_cdc.o
 .debug_info    0x0000000000013fd4     0x16b2 Middlewares/ST/STM32_USB_Host_Library/Core/Src/usbh_core.o
 .debug_info    0x0000000000015686     0x1772 Middlewares/ST/STM32_USB_Host_Library/Core/Src/usbh_ctlreq.o
 .debug_info    0x0000000000016df8     0x14df Middlewares/ST/STM32_USB_Host_Library/Core/Src/usbh_ioreq.o
 .debug_info    0x00000000000182d7     0x1321 Middlewares/ST/STM32_USB_Host_Library/Core/Src/usbh_pipes.o
 .debug_info    0x00000000000195f8     0x1275 USB_HOST/App/usb_host.o
 .debug_info    0x000000000001a86d     0x2200 USB_HOST/Target/usbh_conf.o
 .debug_info    0x000000000001ca6d      0x27a USB_HOST/Target/usbh_platform.o

.debug_abbrev   0x0000000000000000     0x3e3d
 .debug_abbrev  0x0000000000000000      0x1de Core/Src/application.o
 .debug_abbrev  0x00000000000001de      0x224 Core/Src/main.o
 .debug_abbrev  0x0000000000000402      0x1c4 Core/Src/stm32f4xx_hal_msp.o
 .debug_abbrev  0x00000000000005c6      0x1b2 Core/Src/stm32f4xx_it.o
 .debug_abbrev  0x0000000000000778      0x1bb Core/Src/sysmem.o
 .debug_abbrev  0x0000000000000933      0x12b Core/Src/system_stm32f4xx.o
 .debug_abbrev  0x0000000000000a5e       0x12 Core/Startup/startup_stm32f407vgtx.o
 .debug_abbrev  0x0000000000000a70      0x1c7 Drivers/STM32F4xx_HAL_Driver/Src/stm32f4xx_hal.o
 .debug_abbrev  0x0000000000000c37      0x205 Drivers/STM32F4xx_HAL_Driver/Src/stm32f4xx_hal_adc.o
 .debug_abbrev  0x0000000000000e3c      0x2fa Drivers/STM32F4xx_HAL_Driver/Src/stm32f4xx_hal_cortex.o
 .debug_abbrev  0x0000000000001136      0x229 Drivers/STM32F4xx_HAL_Driver/Src/stm32f4xx_hal_dma.o
 .debug_abbrev  0x000000000000135f      0x1c9 Drivers/STM32F4xx_HAL_Driver/Src/stm32f4xx_hal_gpio.o
 .debug_abbrev  0x0000000000001528      0x255 Drivers/STM32F4xx_HAL_Driver/Src/stm32f4xx_hal_hcd.o
 .debug_abbrev  0x000000000000177d      0x254 Drivers/STM32F4xx_HAL_Driver/Src/stm32f4xx_hal_i2c.o
 .debug_abbrev  0x00000000000019d1      0x21b Drivers/STM32F4xx_HAL_Driver/Src/stm32f4xx_hal_i2s.o
 .debug_abbrev  0x0000000000001bec      0x246 Drivers/STM32F4xx_HAL_Driver/Src/stm32f4xx_hal_i2s_ex.o
 .debug_abbrev  0x0000000000001e32      0x245 Drivers/STM32F4xx_HAL_Driver/Src/stm32f4xx_hal_rcc.o
 .debug_abbrev  0x0000000000002077      0x173 Drivers/STM32F4xx_HAL_Driver/Src/stm32f4xx_hal_rcc_ex.o
 .debug_abbrev  0x00000000000021ea      0x240 Drivers/STM32F4xx_HAL_Driver/Src/stm32f4xx_hal_spi.o
 .debug_abbrev  0x000000000000242a      0x242 Drivers/STM32F4xx_HAL_Driver/Src/stm32f4xx_hal_uart.o
 .debug_abbrev  0x000000000000266c      0x26d Drivers/STM32F4xx_HAL_Driver/Src/stm32f4xx_ll_usb.o
 .debug_abbrev  0x00000000000028d9      0x308 Middlewares/ST/STM32_USB_Host_Library/Class/CDC/Src/usbh_cdc.o
 .debug_abbrev  0x0000000000002be1      0x362 Middlewares/ST/STM32_USB_Host_Library/Core/Src/usbh_core.o
 .debug_abbrev  0x0000000000002f43      0x31b Middlewares/ST/STM32_USB_Host_Library/Core/Src/usbh_ctlreq.o
 .debug_abbrev  0x000000000000325e      0x279 Middlewares/ST/STM32_USB_Host_Library/Core/Src/usbh_ioreq.o
 .debug_abbrev  0x00000000000034d7      0x2b1 Middlewares/ST/STM32_USB_Host_Library/Core/Src/usbh_pipes.o
 .debug_abbrev  0x0000000000003788      0x268 USB_HOST/App/usb_host.o
 .debug_abbrev  0x00000000000039f0      0x349 USB_HOST/Target/usbh_conf.o
 .debug_abbrev  0x0000000000003d39      0x104 USB_HOST/Target/usbh_platform.o

.debug_aranges  0x0000000000000000     0x14c8
 .debug_aranges
                0x0000000000000000       0x40 Core/Src/application.o
 .debug_aranges
                0x0000000000000040       0x68 Core/Src/main.o
 .debug_aranges
                0x00000000000000a8       0x70 Core/Src/stm32f4xx_hal_msp.o
 .debug_aranges
                0x0000000000000118       0x78 Core/Src/stm32f4xx_it.o
 .debug_aranges
                0x0000000000000190       0x20 Core/Src/sysmem.o
 .debug_aranges
                0x00000000000001b0       0x28 Core/Src/system_stm32f4xx.o
 .debug_aranges
                0x00000000000001d8       0x28 Core/Startup/startup_stm32f407vgtx.o
 .debug_aranges
                0x0000000000000200       0xf0 Drivers/STM32F4xx_HAL_Driver/Src/stm32f4xx_hal.o
 .debug_aranges
                0x00000000000002f0       0xe8 Drivers/STM32F4xx_HAL_Driver/Src/stm32f4xx_hal_adc.o
 .debug_aranges
                0x00000000000003d8      0x118 Drivers/STM32F4xx_HAL_Driver/Src/stm32f4xx_hal_cortex.o
 .debug_aranges
                0x00000000000004f0       0x90 Drivers/STM32F4xx_HAL_Driver/Src/stm32f4xx_hal_dma.o
 .debug_aranges
                0x0000000000000580       0x58 Drivers/STM32F4xx_HAL_Driver/Src/stm32f4xx_hal_gpio.o
 .debug_aranges
                0x00000000000005d8       0xf0 Drivers/STM32F4xx_HAL_Driver/Src/stm32f4xx_hal_hcd.o
 .debug_aranges
                0x00000000000006c8      0x298 Drivers/STM32F4xx_HAL_Driver/Src/stm32f4xx_hal_i2c.o
 .debug_aranges
                0x0000000000000960      0x108 Drivers/STM32F4xx_HAL_Driver/Src/stm32f4xx_hal_i2s.o
 .debug_aranges
                0x0000000000000a68       0x88 Drivers/STM32F4xx_HAL_Driver/Src/stm32f4xx_hal_i2s_ex.o
 .debug_aranges
                0x0000000000000af0       0x88 Drivers/STM32F4xx_HAL_Driver/Src/stm32f4xx_hal_rcc.o
 .debug_aranges
                0x0000000000000b78       0x48 Drivers/STM32F4xx_HAL_Driver/Src/stm32f4xx_hal_rcc_ex.o
 .debug_aranges
                0x0000000000000bc0      0x1d0 Drivers/STM32F4xx_HAL_Driver/Src/stm32f4xx_hal_spi.o
 .debug_aranges
                0x0000000000000d90      0x1d0 Drivers/STM32F4xx_HAL_Driver/Src/stm32f4xx_hal_uart.o
 .debug_aranges
                0x0000000000000f60      0x198 Drivers/STM32F4xx_HAL_Driver/Src/stm32f4xx_ll_usb.o
 .debug_aranges
                0x00000000000010f8       0xa8 Middlewares/ST/STM32_USB_Host_Library/Class/CDC/Src/usbh_cdc.o
 .debug_aranges
                0x00000000000011a0       0xc0 Middlewares/ST/STM32_USB_Host_Library/Core/Src/usbh_core.o
 .debug_aranges
                0x0000000000001260       0xa0 Middlewares/ST/STM32_USB_Host_Library/Core/Src/usbh_ctlreq.o
 .debug_aranges
                0x0000000000001300       0x60 Middlewares/ST/STM32_USB_Host_Library/Core/Src/usbh_ioreq.o
 .debug_aranges
                0x0000000000001360       0x40 Middlewares/ST/STM32_USB_Host_Library/Core/Src/usbh_pipes.o
 .debug_aranges
                0x00000000000013a0       0x30 USB_HOST/App/usb_host.o
 .debug_aranges
                0x00000000000013d0       0xd8 USB_HOST/Target/usbh_conf.o
 .debug_aranges
                0x00000000000014a8       0x20 USB_HOST/Target/usbh_platform.o

.debug_ranges   0x0000000000000000     0x1320
 .debug_ranges  0x0000000000000000       0x30 Core/Src/application.o
 .debug_ranges  0x0000000000000030       0x58 Core/Src/main.o
 .debug_ranges  0x0000000000000088       0x60 Core/Src/stm32f4xx_hal_msp.o
 .debug_ranges  0x00000000000000e8       0x68 Core/Src/stm32f4xx_it.o
 .debug_ranges  0x0000000000000150       0x10 Core/Src/sysmem.o
 .debug_ranges  0x0000000000000160       0x18 Core/Src/system_stm32f4xx.o
 .debug_ranges  0x0000000000000178       0x20 Core/Startup/startup_stm32f407vgtx.o
 .debug_ranges  0x0000000000000198       0xe0 Drivers/STM32F4xx_HAL_Driver/Src/stm32f4xx_hal.o
 .debug_ranges  0x0000000000000278       0xd8 Drivers/STM32F4xx_HAL_Driver/Src/stm32f4xx_hal_adc.o
 .debug_ranges  0x0000000000000350      0x108 Drivers/STM32F4xx_HAL_Driver/Src/stm32f4xx_hal_cortex.o
 .debug_ranges  0x0000000000000458       0x80 Drivers/STM32F4xx_HAL_Driver/Src/stm32f4xx_hal_dma.o
 .debug_ranges  0x00000000000004d8       0x48 Drivers/STM32F4xx_HAL_Driver/Src/stm32f4xx_hal_gpio.o
 .debug_ranges  0x0000000000000520       0xe0 Drivers/STM32F4xx_HAL_Driver/Src/stm32f4xx_hal_hcd.o
 .debug_ranges  0x0000000000000600      0x2a8 Drivers/STM32F4xx_HAL_Driver/Src/stm32f4xx_hal_i2c.o
 .debug_ranges  0x00000000000008a8       0xf8 Drivers/STM32F4xx_HAL_Driver/Src/stm32f4xx_hal_i2s.o
 .debug_ranges  0x00000000000009a0       0x78 Drivers/STM32F4xx_HAL_Driver/Src/stm32f4xx_hal_i2s_ex.o
 .debug_ranges  0x0000000000000a18       0x78 Drivers/STM32F4xx_HAL_Driver/Src/stm32f4xx_hal_rcc.o
 .debug_ranges  0x0000000000000a90       0x38 Drivers/STM32F4xx_HAL_Driver/Src/stm32f4xx_hal_rcc_ex.o
 .debug_ranges  0x0000000000000ac8      0x1c0 Drivers/STM32F4xx_HAL_Driver/Src/stm32f4xx_hal_spi.o
 .debug_ranges  0x0000000000000c88      0x1c0 Drivers/STM32F4xx_HAL_Driver/Src/stm32f4xx_hal_uart.o
 .debug_ranges  0x0000000000000e48      0x188 Drivers/STM32F4xx_HAL_Driver/Src/stm32f4xx_ll_usb.o
 .debug_ranges  0x0000000000000fd0       0x98 Middlewares/ST/STM32_USB_Host_Library/Class/CDC/Src/usbh_cdc.o
 .debug_ranges  0x0000000000001068       0xb0 Middlewares/ST/STM32_USB_Host_Library/Core/Src/usbh_core.o
 .debug_ranges  0x0000000000001118       0x90 Middlewares/ST/STM32_USB_Host_Library/Core/Src/usbh_ctlreq.o
 .debug_ranges  0x00000000000011a8       0x50 Middlewares/ST/STM32_USB_Host_Library/Core/Src/usbh_ioreq.o
 .debug_ranges  0x00000000000011f8       0x30 Middlewares/ST/STM32_USB_Host_Library/Core/Src/usbh_pipes.o
 .debug_ranges  0x0000000000001228       0x20 USB_HOST/App/usb_host.o
 .debug_ranges  0x0000000000001248       0xc8 USB_HOST/Target/usbh_conf.o
 .debug_ranges  0x0000000000001310       0x10 USB_HOST/Target/usbh_platform.o

.debug_macro    0x0000000000000000    0x24d28
 .debug_macro   0x0000000000000000      0x241 Core/Src/application.o
 .debug_macro   0x0000000000000241      0xa5a Core/Src/application.o
 .debug_macro   0x0000000000000c9b      0x1a2 Core/Src/application.o
 .debug_macro   0x0000000000000e3d       0x2e Core/Src/application.o
 .debug_macro   0x0000000000000e6b       0x2f Core/Src/application.o
 .debug_macro   0x0000000000000e9a       0x22 Core/Src/application.o
 .debug_macro   0x0000000000000ebc       0x8e Core/Src/application.o
 .debug_macro   0x0000000000000f4a       0x51 Core/Src/application.o
 .debug_macro   0x0000000000000f9b       0xef Core/Src/application.o
 .debug_macro   0x000000000000108a       0x6a Core/Src/application.o
 .debug_macro   0x00000000000010f4      0x1df Core/Src/application.o
 .debug_macro   0x00000000000012d3       0x1c Core/Src/application.o
 .debug_macro   0x00000000000012ef       0x22 Core/Src/application.o
 .debug_macro   0x0000000000001311       0xdf Core/Src/application.o
 .debug_macro   0x00000000000013f0     0x102d Core/Src/application.o
 .debug_macro   0x000000000000241d      0x11f Core/Src/application.o
 .debug_macro   0x000000000000253c    0x15e3c Core/Src/application.o
 .debug_macro   0x0000000000018378       0x43 Core/Src/application.o
 .debug_macro   0x00000000000183bb     0x3659 Core/Src/application.o
 .debug_macro   0x000000000001ba14      0x174 Core/Src/application.o
 .debug_macro   0x000000000001bb88       0x5a Core/Src/application.o
 .debug_macro   0x000000000001bbe2      0x96b Core/Src/application.o
 .debug_macro   0x000000000001c54d      0x9fe Core/Src/application.o
 .debug_macro   0x000000000001cf4b      0x174 Core/Src/application.o
 .debug_macro   0x000000000001d0bf      0x117 Core/Src/application.o
 .debug_macro   0x000000000001d1d6      0x13e Core/Src/application.o
 .debug_macro   0x000000000001d314       0x27 Core/Src/application.o
 .debug_macro   0x000000000001d33b      0x287 Core/Src/application.o
 .debug_macro   0x000000000001d5c2       0x5f Core/Src/application.o
 .debug_macro   0x000000000001d621      0x236 Core/Src/application.o
 .debug_macro   0x000000000001d857      0x391 Core/Src/application.o
 .debug_macro   0x000000000001dbe8      0x176 Core/Src/application.o
 .debug_macro   0x000000000001dd5e       0xf9 Core/Src/application.o
 .debug_macro   0x000000000001de57      0x12c Core/Src/application.o
 .debug_macro   0x000000000001df83      0x21e Core/Src/application.o
 .debug_macro   0x000000000001e1a1       0x2e Core/Src/application.o
 .debug_macro   0x000000000001e1cf      0x1b5 Core/Src/application.o
 .debug_macro   0x000000000001e384       0xd6 Core/Src/application.o
 .debug_macro   0x000000000001e45a      0x1a7 Core/Src/application.o
 .debug_macro   0x000000000001e601       0x46 Core/Src/application.o
 .debug_macro   0x000000000001e647       0x4a Core/Src/application.o
 .debug_macro   0x000000000001e691      0x11a Core/Src/application.o
 .debug_macro   0x000000000001e7ab       0x7e Core/Src/application.o
 .debug_macro   0x000000000001e829       0x89 Core/Src/application.o
 .debug_macro   0x000000000001e8b2      0x225 Core/Src/application.o
 .debug_macro   0x000000000001ead7      0x287 Core/Src/application.o
 .debug_macro   0x000000000001ed5e      0x21e Core/Src/application.o
 .debug_macro   0x000000000001ef7c       0x68 Core/Src/application.o
 .debug_macro   0x000000000001efe4      0x12d Core/Src/application.o
 .debug_macro   0x000000000001f111      0x190 Core/Src/application.o
 .debug_macro   0x000000000001f2a1       0x16 Core/Src/application.o
 .debug_macro   0x000000000001f2b7      0x24b Core/Src/main.o
 .debug_macro   0x000000000001f502      0x238 Core/Src/stm32f4xx_hal_msp.o
 .debug_macro   0x000000000001f73a      0x24b Core/Src/stm32f4xx_it.o
 .debug_macro   0x000000000001f985      0x1ae Core/Src/sysmem.o
 .debug_macro   0x000000000001fb33      0x23b Core/Src/sysmem.o
 .debug_macro   0x000000000001fd6e       0x16 Core/Src/sysmem.o
 .debug_macro   0x000000000001fd84      0x22f Core/Src/system_stm32f4xx.o
 .debug_macro   0x000000000001ffb3      0x289 Drivers/STM32F4xx_HAL_Driver/Src/stm32f4xx_hal.o
 .debug_macro   0x000000000002023c      0x22a Drivers/STM32F4xx_HAL_Driver/Src/stm32f4xx_hal_adc.o
 .debug_macro   0x0000000000020466      0x229 Drivers/STM32F4xx_HAL_Driver/Src/stm32f4xx_hal_cortex.o
 .debug_macro   0x000000000002068f      0x22f Drivers/STM32F4xx_HAL_Driver/Src/stm32f4xx_hal_dma.o
 .debug_macro   0x00000000000208be      0x25f Drivers/STM32F4xx_HAL_Driver/Src/stm32f4xx_hal_gpio.o
 .debug_macro   0x0000000000020b1d      0x229 Drivers/STM32F4xx_HAL_Driver/Src/stm32f4xx_hal_hcd.o
 .debug_macro   0x0000000000020d46      0x269 Drivers/STM32F4xx_HAL_Driver/Src/stm32f4xx_hal_i2c.o
 .debug_macro   0x0000000000020faf      0x231 Drivers/STM32F4xx_HAL_Driver/Src/stm32f4xx_hal_i2s.o
 .debug_macro   0x00000000000211e0      0x229 Drivers/STM32F4xx_HAL_Driver/Src/stm32f4xx_hal_i2s_ex.o
 .debug_macro   0x0000000000021409      0x24d Drivers/STM32F4xx_HAL_Driver/Src/stm32f4xx_hal_rcc.o
 .debug_macro   0x0000000000021656      0x229 Drivers/STM32F4xx_HAL_Driver/Src/stm32f4xx_hal_rcc_ex.o
 .debug_macro   0x000000000002187f      0x238 Drivers/STM32F4xx_HAL_Driver/Src/stm32f4xx_hal_spi.o
 .debug_macro   0x0000000000021ab7      0x22a Drivers/STM32F4xx_HAL_Driver/Src/stm32f4xx_hal_uart.o
 .debug_macro   0x0000000000021ce1      0x229 Drivers/STM32F4xx_HAL_Driver/Src/stm32f4xx_ll_usb.o
 .debug_macro   0x0000000000021f0a      0x44e Middlewares/ST/STM32_USB_Host_Library/Class/CDC/Src/usbh_cdc.o
 .debug_macro   0x0000000000022358       0x97 Middlewares/ST/STM32_USB_Host_Library/Class/CDC/Src/usbh_cdc.o
 .debug_macro   0x00000000000223ef       0xfd Middlewares/ST/STM32_USB_Host_Library/Class/CDC/Src/usbh_cdc.o
 .debug_macro   0x00000000000224ec       0x16 Middlewares/ST/STM32_USB_Host_Library/Class/CDC/Src/usbh_cdc.o
 .debug_macro   0x0000000000022502       0x20 Middlewares/ST/STM32_USB_Host_Library/Class/CDC/Src/usbh_cdc.o
 .debug_macro   0x0000000000022522       0xd9 Middlewares/ST/STM32_USB_Host_Library/Class/CDC/Src/usbh_cdc.o
 .debug_macro   0x00000000000225fb       0x54 Middlewares/ST/STM32_USB_Host_Library/Class/CDC/Src/usbh_cdc.o
 .debug_macro   0x000000000002264f       0x73 Middlewares/ST/STM32_USB_Host_Library/Class/CDC/Src/usbh_cdc.o
 .debug_macro   0x00000000000226c2      0x218 Middlewares/ST/STM32_USB_Host_Library/Class/CDC/Src/usbh_cdc.o
 .debug_macro   0x00000000000228da       0x2e Middlewares/ST/STM32_USB_Host_Library/Class/CDC/Src/usbh_cdc.o
 .debug_macro   0x0000000000022908       0x2e Middlewares/ST/STM32_USB_Host_Library/Class/CDC/Src/usbh_cdc.o
 .debug_macro   0x0000000000022936       0x28 Middlewares/ST/STM32_USB_Host_Library/Class/CDC/Src/usbh_cdc.o
 .debug_macro   0x000000000002295e      0x15c Middlewares/ST/STM32_USB_Host_Library/Class/CDC/Src/usbh_cdc.o
 .debug_macro   0x0000000000022aba      0x44b Middlewares/ST/STM32_USB_Host_Library/Core/Src/usbh_core.o